Component: ARM Compiler 5.06 update 6 (build 750) Tool: armlink [4d35ed]

==============================================================================

Section Cross References

    main.o(i.main) refers to print.o(i.print) for print
    xuartlite.o(i.StubHandler) refers to xil_assert.o(i.Xil_Assert) for Xil_Assert
    xuartlite.o(i.StubHandler) refers to xuartlite.o(.conststring) for .conststring
    xuartlite.o(i.StubHandler) refers to xil_assert.o(.data) for Xil_AssertStatus
    xuartlite.o(i.XUartLite_CfgInitialize) refers to xil_assert.o(i.Xil_Assert) for Xil_Assert
    xuartlite.o(i.XUartLite_CfgInitialize) refers to xuartlite.o(i.Xil_Out32) for Xil_Out32
    xuartlite.o(i.XUartLite_CfgInitialize) refers to xuartlite_stats.o(i.XUartLite_ClearStats) for XUartLite_ClearStats
    xuartlite.o(i.XUartLite_CfgInitialize) refers to xil_assert.o(.data) for Xil_AssertStatus
    xuartlite.o(i.XUartLite_CfgInitialize) refers to xuartlite.o(.conststring) for .conststring
    xuartlite.o(i.XUartLite_CfgInitialize) refers to xuartlite.o(i.StubHandler) for StubHandler
    xuartlite.o(i.XUartLite_IsSending) refers to xil_assert.o(i.Xil_Assert) for Xil_Assert
    xuartlite.o(i.XUartLite_IsSending) refers to xuartlite.o(i.Xil_In32) for Xil_In32
    xuartlite.o(i.XUartLite_IsSending) refers to xil_assert.o(.data) for Xil_AssertStatus
    xuartlite.o(i.XUartLite_IsSending) refers to xuartlite.o(.conststring) for .conststring
    xuartlite.o(i.XUartLite_ReceiveBuffer) refers to xuartlite.o(i.Xil_In32) for Xil_In32
    xuartlite.o(i.XUartLite_ReceiveBuffer) refers to xuartlite.o(i.Xil_Out32) for Xil_Out32
    xuartlite.o(i.XUartLite_Recv) refers to xil_assert.o(i.Xil_Assert) for Xil_Assert
    xuartlite.o(i.XUartLite_Recv) refers to xuartlite.o(i.Xil_In32) for Xil_In32
    xuartlite.o(i.XUartLite_Recv) refers to xuartlite.o(i.Xil_Out32) for Xil_Out32
    xuartlite.o(i.XUartLite_Recv) refers to xuartlite.o(i.XUartLite_ReceiveBuffer) for XUartLite_ReceiveBuffer
    xuartlite.o(i.XUartLite_Recv) refers to xil_assert.o(.data) for Xil_AssertStatus
    xuartlite.o(i.XUartLite_Recv) refers to xuartlite.o(.conststring) for .conststring
    xuartlite.o(i.XUartLite_ResetFifos) refers to xil_assert.o(i.Xil_Assert) for Xil_Assert
    xuartlite.o(i.XUartLite_ResetFifos) refers to xuartlite.o(i.Xil_In32) for Xil_In32
    xuartlite.o(i.XUartLite_ResetFifos) refers to xuartlite.o(i.Xil_Out32) for Xil_Out32
    xuartlite.o(i.XUartLite_ResetFifos) refers to xil_assert.o(.data) for Xil_AssertStatus
    xuartlite.o(i.XUartLite_ResetFifos) refers to xuartlite.o(.conststring) for .conststring
    xuartlite.o(i.XUartLite_Send) refers to xil_assert.o(i.Xil_Assert) for Xil_Assert
    xuartlite.o(i.XUartLite_Send) refers to xuartlite.o(i.Xil_In32) for Xil_In32
    xuartlite.o(i.XUartLite_Send) refers to xuartlite.o(i.Xil_Out32) for Xil_Out32
    xuartlite.o(i.XUartLite_Send) refers to xuartlite.o(i.XUartLite_SendBuffer) for XUartLite_SendBuffer
    xuartlite.o(i.XUartLite_Send) refers to xil_assert.o(.data) for Xil_AssertStatus
    xuartlite.o(i.XUartLite_Send) refers to xuartlite.o(.conststring) for .conststring
    xuartlite.o(i.XUartLite_SendBuffer) refers to xuartlite.o(i.Xil_In32) for Xil_In32
    xuartlite.o(i.XUartLite_SendBuffer) refers to xuartlite.o(i.Xil_Out32) for Xil_Out32
    xuartlite_intr.o(i.ReceiveDataHandler) refers to xuartlite.o(i.XUartLite_ReceiveBuffer) for XUartLite_ReceiveBuffer
    xuartlite_intr.o(i.SendDataHandler) refers to xuartlite.o(i.XUartLite_SendBuffer) for XUartLite_SendBuffer
    xuartlite_intr.o(i.XUartLite_DisableInterrupt) refers to xil_assert.o(i.Xil_Assert) for Xil_Assert
    xuartlite_intr.o(i.XUartLite_DisableInterrupt) refers to xuartlite_intr.o(i.Xil_Out32) for Xil_Out32
    xuartlite_intr.o(i.XUartLite_DisableInterrupt) refers to xil_assert.o(.data) for Xil_AssertStatus
    xuartlite_intr.o(i.XUartLite_DisableInterrupt) refers to xuartlite_intr.o(.conststring) for .conststring
    xuartlite_intr.o(i.XUartLite_EnableInterrupt) refers to xil_assert.o(i.Xil_Assert) for Xil_Assert
    xuartlite_intr.o(i.XUartLite_EnableInterrupt) refers to xuartlite_intr.o(i.Xil_Out32) for Xil_Out32
    xuartlite_intr.o(i.XUartLite_EnableInterrupt) refers to xil_assert.o(.data) for Xil_AssertStatus
    xuartlite_intr.o(i.XUartLite_EnableInterrupt) refers to xuartlite_intr.o(.conststring) for .conststring
    xuartlite_intr.o(i.XUartLite_InterruptHandler) refers to xil_assert.o(i.Xil_Assert) for Xil_Assert
    xuartlite_intr.o(i.XUartLite_InterruptHandler) refers to xuartlite_intr.o(i.ReceiveDataHandler) for ReceiveDataHandler
    xuartlite_intr.o(i.XUartLite_InterruptHandler) refers to xuartlite_intr.o(i.SendDataHandler) for SendDataHandler
    xuartlite_intr.o(i.XUartLite_InterruptHandler) refers to xil_assert.o(.data) for Xil_AssertStatus
    xuartlite_intr.o(i.XUartLite_InterruptHandler) refers to xuartlite_intr.o(.conststring) for .conststring
    xuartlite_intr.o(i.XUartLite_SetRecvHandler) refers to xil_assert.o(i.Xil_Assert) for Xil_Assert
    xuartlite_intr.o(i.XUartLite_SetRecvHandler) refers to xil_assert.o(.data) for Xil_AssertStatus
    xuartlite_intr.o(i.XUartLite_SetRecvHandler) refers to xuartlite_intr.o(.conststring) for .conststring
    xuartlite_intr.o(i.XUartLite_SetSendHandler) refers to xil_assert.o(i.Xil_Assert) for Xil_Assert
    xuartlite_intr.o(i.XUartLite_SetSendHandler) refers to xil_assert.o(.data) for Xil_AssertStatus
    xuartlite_intr.o(i.XUartLite_SetSendHandler) refers to xuartlite_intr.o(.conststring) for .conststring
    xuartlite_selftest.o(i.XUartLite_SelfTest) refers to xil_assert.o(i.Xil_Assert) for Xil_Assert
    xuartlite_selftest.o(i.XUartLite_SelfTest) refers to xuartlite.o(i.XUartLite_ResetFifos) for XUartLite_ResetFifos
    xuartlite_selftest.o(i.XUartLite_SelfTest) refers to xil_assert.o(.data) for Xil_AssertStatus
    xuartlite_selftest.o(i.XUartLite_SelfTest) refers to xuartlite_selftest.o(.conststring) for .conststring
    xuartlite_sinit.o(i.XUartLite_Initialize) refers to xil_assert.o(i.Xil_Assert) for Xil_Assert
    xuartlite_sinit.o(i.XUartLite_Initialize) refers to xuartlite_sinit.o(i.XUartLite_LookupConfig) for XUartLite_LookupConfig
    xuartlite_sinit.o(i.XUartLite_Initialize) refers to xuartlite.o(i.XUartLite_CfgInitialize) for XUartLite_CfgInitialize
    xuartlite_sinit.o(i.XUartLite_Initialize) refers to xil_assert.o(.data) for Xil_AssertStatus
    xuartlite_sinit.o(i.XUartLite_Initialize) refers to xuartlite_sinit.o(.conststring) for .conststring
    xuartlite_sinit.o(i.XUartLite_LookupConfig) refers to xuartlite_g.o(.data) for XUartLite_ConfigTable
    xuartlite_stats.o(i.XUartLite_ClearStats) refers to xil_assert.o(i.Xil_Assert) for Xil_Assert
    xuartlite_stats.o(i.XUartLite_ClearStats) refers to xil_assert.o(.data) for Xil_AssertStatus
    xuartlite_stats.o(i.XUartLite_ClearStats) refers to xuartlite_stats.o(.conststring) for .conststring
    xuartlite_stats.o(i.XUartLite_GetStats) refers to xil_assert.o(i.Xil_Assert) for Xil_Assert
    xuartlite_stats.o(i.XUartLite_GetStats) refers to xil_assert.o(.data) for Xil_AssertStatus
    xuartlite_stats.o(i.XUartLite_GetStats) refers to xuartlite_stats.o(.conststring) for .conststring
    outbyte.o(i.outbyte) refers to xuartlite_l.o(i.XUartLite_SendByte) for XUartLite_SendByte
    print.o(i.print) refers to outbyte.o(i.outbyte) for outbyte
    xil_assert.o(i.Xil_Assert) refers to xil_assert.o(.data) for Xil_AssertCallbackRoutine
    xil_assert.o(i.Xil_AssertSetCallback) refers to xil_assert.o(.data) for Xil_AssertCallbackRoutine
    xil_printf.o(i.getnum) refers to rt_ctype_table.o(.text) for __rt_ctype_table
    xil_printf.o(i.outnum) refers to rt_memcpy.o(.emb_text) for __aeabi_memcpy4
    xil_printf.o(i.outnum) refers to aeabi_sdiv.o(.text) for __aeabi_uidivmod
    xil_printf.o(i.outnum) refers to strlen.o(.text) for strlen
    xil_printf.o(i.outnum) refers to xil_printf.o(i.padding) for padding
    xil_printf.o(i.outnum) refers to outbyte.o(i.outbyte) for outbyte
    xil_printf.o(i.outs) refers to strlen.o(.text) for strlen
    xil_printf.o(i.outs) refers to xil_printf.o(i.padding) for padding
    xil_printf.o(i.outs) refers to outbyte.o(i.outbyte) for outbyte
    xil_printf.o(i.padding) refers to outbyte.o(i.outbyte) for outbyte
    xil_printf.o(i.xil_printf) refers to outbyte.o(i.outbyte) for outbyte
    xil_printf.o(i.xil_printf) refers to rt_ctype_table.o(.text) for __rt_ctype_table
    xil_printf.o(i.xil_printf) refers to xil_printf.o(i.getnum) for getnum
    xil_printf.o(i.xil_printf) refers to tolower.o(.text) for tolower
    xil_printf.o(i.xil_printf) refers to xil_printf.o(i.outnum) for outnum
    xil_printf.o(i.xil_printf) refers to xil_printf.o(i.outs) for outs
    xgpio.o(i.XGpio_CfgInitialize) refers to xil_assert.o(i.Xil_Assert) for Xil_Assert
    xgpio.o(i.XGpio_CfgInitialize) refers to xil_assert.o(.data) for Xil_AssertStatus
    xgpio.o(i.XGpio_CfgInitialize) refers to xgpio.o(.conststring) for .conststring
    xgpio.o(i.XGpio_DiscreteRead) refers to xil_assert.o(i.Xil_Assert) for Xil_Assert
    xgpio.o(i.XGpio_DiscreteRead) refers to xil_assert.o(.data) for Xil_AssertStatus
    xgpio.o(i.XGpio_DiscreteRead) refers to xgpio.o(.conststring) for .conststring
    xgpio.o(i.XGpio_DiscreteWrite) refers to xil_assert.o(i.Xil_Assert) for Xil_Assert
    xgpio.o(i.XGpio_DiscreteWrite) refers to xgpio.o(i.Xil_Out32) for Xil_Out32
    xgpio.o(i.XGpio_DiscreteWrite) refers to xil_assert.o(.data) for Xil_AssertStatus
    xgpio.o(i.XGpio_DiscreteWrite) refers to xgpio.o(.conststring) for .conststring
    xgpio.o(i.XGpio_GetDataDirection) refers to xil_assert.o(i.Xil_Assert) for Xil_Assert
    xgpio.o(i.XGpio_GetDataDirection) refers to xil_assert.o(.data) for Xil_AssertStatus
    xgpio.o(i.XGpio_GetDataDirection) refers to xgpio.o(.conststring) for .conststring
    xgpio.o(i.XGpio_SetDataDirection) refers to xil_assert.o(i.Xil_Assert) for Xil_Assert
    xgpio.o(i.XGpio_SetDataDirection) refers to xgpio.o(i.Xil_Out32) for Xil_Out32
    xgpio.o(i.XGpio_SetDataDirection) refers to xil_assert.o(.data) for Xil_AssertStatus
    xgpio.o(i.XGpio_SetDataDirection) refers to xgpio.o(.conststring) for .conststring
    xgpio_extra.o(i.XGpio_DiscreteClear) refers to xil_assert.o(i.Xil_Assert) for Xil_Assert
    xgpio_extra.o(i.XGpio_DiscreteClear) refers to xgpio_extra.o(i.Xil_Out32) for Xil_Out32
    xgpio_extra.o(i.XGpio_DiscreteClear) refers to xil_assert.o(.data) for Xil_AssertStatus
    xgpio_extra.o(i.XGpio_DiscreteClear) refers to xgpio_extra.o(.conststring) for .conststring
    xgpio_extra.o(i.XGpio_DiscreteSet) refers to xil_assert.o(i.Xil_Assert) for Xil_Assert
    xgpio_extra.o(i.XGpio_DiscreteSet) refers to xgpio_extra.o(i.Xil_Out32) for Xil_Out32
    xgpio_extra.o(i.XGpio_DiscreteSet) refers to xil_assert.o(.data) for Xil_AssertStatus
    xgpio_extra.o(i.XGpio_DiscreteSet) refers to xgpio_extra.o(.conststring) for .conststring
    xgpio_intr.o(i.XGpio_InterruptClear) refers to xil_assert.o(i.Xil_Assert) for Xil_Assert
    xgpio_intr.o(i.XGpio_InterruptClear) refers to xgpio_intr.o(i.Xil_In32) for Xil_In32
    xgpio_intr.o(i.XGpio_InterruptClear) refers to xgpio_intr.o(i.Xil_Out32) for Xil_Out32
    xgpio_intr.o(i.XGpio_InterruptClear) refers to xil_assert.o(.data) for Xil_AssertStatus
    xgpio_intr.o(i.XGpio_InterruptClear) refers to xgpio_intr.o(.conststring) for .conststring
    xgpio_intr.o(i.XGpio_InterruptDisable) refers to xil_assert.o(i.Xil_Assert) for Xil_Assert
    xgpio_intr.o(i.XGpio_InterruptDisable) refers to xgpio_intr.o(i.Xil_In32) for Xil_In32
    xgpio_intr.o(i.XGpio_InterruptDisable) refers to xgpio_intr.o(i.Xil_Out32) for Xil_Out32
    xgpio_intr.o(i.XGpio_InterruptDisable) refers to xil_assert.o(.data) for Xil_AssertStatus
    xgpio_intr.o(i.XGpio_InterruptDisable) refers to xgpio_intr.o(.conststring) for .conststring
    xgpio_intr.o(i.XGpio_InterruptEnable) refers to xil_assert.o(i.Xil_Assert) for Xil_Assert
    xgpio_intr.o(i.XGpio_InterruptEnable) refers to xgpio_intr.o(i.Xil_In32) for Xil_In32
    xgpio_intr.o(i.XGpio_InterruptEnable) refers to xgpio_intr.o(i.Xil_Out32) for Xil_Out32
    xgpio_intr.o(i.XGpio_InterruptEnable) refers to xil_assert.o(.data) for Xil_AssertStatus
    xgpio_intr.o(i.XGpio_InterruptEnable) refers to xgpio_intr.o(.conststring) for .conststring
    xgpio_intr.o(i.XGpio_InterruptGetEnabled) refers to xil_assert.o(i.Xil_Assert) for Xil_Assert
    xgpio_intr.o(i.XGpio_InterruptGetEnabled) refers to xgpio_intr.o(i.Xil_In32) for Xil_In32
    xgpio_intr.o(i.XGpio_InterruptGetEnabled) refers to xil_assert.o(.data) for Xil_AssertStatus
    xgpio_intr.o(i.XGpio_InterruptGetEnabled) refers to xgpio_intr.o(.conststring) for .conststring
    xgpio_intr.o(i.XGpio_InterruptGetStatus) refers to xil_assert.o(i.Xil_Assert) for Xil_Assert
    xgpio_intr.o(i.XGpio_InterruptGetStatus) refers to xgpio_intr.o(i.Xil_In32) for Xil_In32
    xgpio_intr.o(i.XGpio_InterruptGetStatus) refers to xil_assert.o(.data) for Xil_AssertStatus
    xgpio_intr.o(i.XGpio_InterruptGetStatus) refers to xgpio_intr.o(.conststring) for .conststring
    xgpio_intr.o(i.XGpio_InterruptGlobalDisable) refers to xil_assert.o(i.Xil_Assert) for Xil_Assert
    xgpio_intr.o(i.XGpio_InterruptGlobalDisable) refers to xgpio_intr.o(i.Xil_Out32) for Xil_Out32
    xgpio_intr.o(i.XGpio_InterruptGlobalDisable) refers to xil_assert.o(.data) for Xil_AssertStatus
    xgpio_intr.o(i.XGpio_InterruptGlobalDisable) refers to xgpio_intr.o(.conststring) for .conststring
    xgpio_intr.o(i.XGpio_InterruptGlobalEnable) refers to xil_assert.o(i.Xil_Assert) for Xil_Assert
    xgpio_intr.o(i.XGpio_InterruptGlobalEnable) refers to xgpio_intr.o(i.Xil_Out32) for Xil_Out32
    xgpio_intr.o(i.XGpio_InterruptGlobalEnable) refers to xil_assert.o(.data) for Xil_AssertStatus
    xgpio_intr.o(i.XGpio_InterruptGlobalEnable) refers to xgpio_intr.o(.conststring) for .conststring
    xgpio_selftest.o(i.XGpio_SelfTest) refers to xil_assert.o(i.Xil_Assert) for Xil_Assert
    xgpio_selftest.o(i.XGpio_SelfTest) refers to xgpio.o(i.XGpio_DiscreteRead) for XGpio_DiscreteRead
    xgpio_selftest.o(i.XGpio_SelfTest) refers to xil_assert.o(.data) for Xil_AssertStatus
    xgpio_selftest.o(i.XGpio_SelfTest) refers to xgpio_selftest.o(.conststring) for .conststring
    xgpio_sinit.o(i.XGpio_Initialize) refers to xil_assert.o(i.Xil_Assert) for Xil_Assert
    xgpio_sinit.o(i.XGpio_Initialize) refers to xgpio_sinit.o(i.XGpio_LookupConfig) for XGpio_LookupConfig
    xgpio_sinit.o(i.XGpio_Initialize) refers to xgpio.o(i.XGpio_CfgInitialize) for XGpio_CfgInitialize
    xgpio_sinit.o(i.XGpio_Initialize) refers to xil_assert.o(.data) for Xil_AssertStatus
    xgpio_sinit.o(i.XGpio_Initialize) refers to xgpio_sinit.o(.conststring) for .conststring
    xgpio_sinit.o(i.XGpio_LookupConfig) refers to xgpio_g.o(.data) for XGpio_ConfigTable
    xtmrctr.o(i.XTmrCtr_CfgInitialize) refers to xil_assert.o(i.Xil_Assert) for Xil_Assert
    xtmrctr.o(i.XTmrCtr_CfgInitialize) refers to xil_assert.o(.data) for Xil_AssertStatus
    xtmrctr.o(i.XTmrCtr_CfgInitialize) refers to xtmrctr.o(.conststring) for .conststring
    xtmrctr.o(i.XTmrCtr_CfgInitialize) refers to xtmrctr.o(i.XTmrCtr_StubCallback) for XTmrCtr_StubCallback
    xtmrctr.o(i.XTmrCtr_GetCaptureValue) refers to xil_assert.o(i.Xil_Assert) for Xil_Assert
    xtmrctr.o(i.XTmrCtr_GetCaptureValue) refers to xtmrctr.o(i.Xil_In32) for Xil_In32
    xtmrctr.o(i.XTmrCtr_GetCaptureValue) refers to xil_assert.o(.data) for Xil_AssertStatus
    xtmrctr.o(i.XTmrCtr_GetCaptureValue) refers to xtmrctr.o(.conststring) for .conststring
    xtmrctr.o(i.XTmrCtr_GetCaptureValue) refers to xtmrctr_l.o(.data) for XTmrCtr_Offsets
    xtmrctr.o(i.XTmrCtr_GetValue) refers to xil_assert.o(i.Xil_Assert) for Xil_Assert
    xtmrctr.o(i.XTmrCtr_GetValue) refers to xtmrctr.o(i.Xil_In32) for Xil_In32
    xtmrctr.o(i.XTmrCtr_GetValue) refers to xil_assert.o(.data) for Xil_AssertStatus
    xtmrctr.o(i.XTmrCtr_GetValue) refers to xtmrctr.o(.conststring) for .conststring
    xtmrctr.o(i.XTmrCtr_GetValue) refers to xtmrctr_l.o(.data) for XTmrCtr_Offsets
    xtmrctr.o(i.XTmrCtr_InitHw) refers to xil_assert.o(i.Xil_Assert) for Xil_Assert
    xtmrctr.o(i.XTmrCtr_InitHw) refers to xtmrctr.o(i.Xil_Out32) for Xil_Out32
    xtmrctr.o(i.XTmrCtr_InitHw) refers to xil_assert.o(.data) for Xil_AssertStatus
    xtmrctr.o(i.XTmrCtr_InitHw) refers to xtmrctr.o(.conststring) for .conststring
    xtmrctr.o(i.XTmrCtr_InitHw) refers to xtmrctr_l.o(.data) for XTmrCtr_Offsets
    xtmrctr.o(i.XTmrCtr_Initialize) refers to xil_assert.o(i.Xil_Assert) for Xil_Assert
    xtmrctr.o(i.XTmrCtr_Initialize) refers to xtmrctr_sinit.o(i.XTmrCtr_LookupConfig) for XTmrCtr_LookupConfig
    xtmrctr.o(i.XTmrCtr_Initialize) refers to xtmrctr.o(i.XTmrCtr_CfgInitialize) for XTmrCtr_CfgInitialize
    xtmrctr.o(i.XTmrCtr_Initialize) refers to xtmrctr.o(i.XTmrCtr_InitHw) for XTmrCtr_InitHw
    xtmrctr.o(i.XTmrCtr_Initialize) refers to xil_assert.o(.data) for Xil_AssertStatus
    xtmrctr.o(i.XTmrCtr_Initialize) refers to xtmrctr.o(.conststring) for .conststring
    xtmrctr.o(i.XTmrCtr_IsExpired) refers to xil_assert.o(i.Xil_Assert) for Xil_Assert
    xtmrctr.o(i.XTmrCtr_IsExpired) refers to xtmrctr.o(i.Xil_In32) for Xil_In32
    xtmrctr.o(i.XTmrCtr_IsExpired) refers to xil_assert.o(.data) for Xil_AssertStatus
    xtmrctr.o(i.XTmrCtr_IsExpired) refers to xtmrctr.o(.conststring) for .conststring
    xtmrctr.o(i.XTmrCtr_IsExpired) refers to xtmrctr_l.o(.data) for XTmrCtr_Offsets
    xtmrctr.o(i.XTmrCtr_PwmConfigure) refers to xil_assert.o(i.Xil_Assert) for Xil_Assert
    xtmrctr.o(i.XTmrCtr_PwmConfigure) refers to xtmrctr.o(i.XTmrCtr_Stop) for XTmrCtr_Stop
    xtmrctr.o(i.XTmrCtr_PwmConfigure) refers to xtmrctr.o(i.Xil_In32) for Xil_In32
    xtmrctr.o(i.XTmrCtr_PwmConfigure) refers to xtmrctr.o(i.Xil_Out32) for Xil_Out32
    xtmrctr.o(i.XTmrCtr_PwmConfigure) refers to aeabi_sdiv.o(.text) for __aeabi_uidivmod
    xtmrctr.o(i.XTmrCtr_PwmConfigure) refers to ffltl.o(.text) for __aeabi_ul2f
    xtmrctr.o(i.XTmrCtr_PwmConfigure) refers to fdiv.o(.text) for __aeabi_fdiv
    xtmrctr.o(i.XTmrCtr_PwmConfigure) refers to fmul.o(x$fpl$fmul) for __aeabi_fmul
    xtmrctr.o(i.XTmrCtr_PwmConfigure) refers to ffixui.o(.text) for __aeabi_f2uiz
    xtmrctr.o(i.XTmrCtr_PwmConfigure) refers to xil_assert.o(.data) for Xil_AssertStatus
    xtmrctr.o(i.XTmrCtr_PwmConfigure) refers to xtmrctr.o(.conststring) for .conststring
    xtmrctr.o(i.XTmrCtr_PwmConfigure) refers to xtmrctr_l.o(.data) for XTmrCtr_Offsets
    xtmrctr.o(i.XTmrCtr_PwmDisable) refers to xil_assert.o(i.Xil_Assert) for Xil_Assert
    xtmrctr.o(i.XTmrCtr_PwmDisable) refers to xtmrctr.o(i.XTmrCtr_Stop) for XTmrCtr_Stop
    xtmrctr.o(i.XTmrCtr_PwmDisable) refers to xtmrctr.o(i.XTmrCtr_Reset) for XTmrCtr_Reset
    xtmrctr.o(i.XTmrCtr_PwmDisable) refers to xtmrctr.o(i.Xil_In32) for Xil_In32
    xtmrctr.o(i.XTmrCtr_PwmDisable) refers to xtmrctr.o(i.Xil_Out32) for Xil_Out32
    xtmrctr.o(i.XTmrCtr_PwmDisable) refers to xil_assert.o(.data) for Xil_AssertStatus
    xtmrctr.o(i.XTmrCtr_PwmDisable) refers to xtmrctr.o(.conststring) for .conststring
    xtmrctr.o(i.XTmrCtr_PwmDisable) refers to xtmrctr_l.o(.data) for XTmrCtr_Offsets
    xtmrctr.o(i.XTmrCtr_PwmEnable) refers to xil_assert.o(i.Xil_Assert) for Xil_Assert
    xtmrctr.o(i.XTmrCtr_PwmEnable) refers to xtmrctr.o(i.Xil_In32) for Xil_In32
    xtmrctr.o(i.XTmrCtr_PwmEnable) refers to xtmrctr.o(i.Xil_Out32) for Xil_Out32
    xtmrctr.o(i.XTmrCtr_PwmEnable) refers to xtmrctr.o(i.XTmrCtr_Reset) for XTmrCtr_Reset
    xtmrctr.o(i.XTmrCtr_PwmEnable) refers to xil_assert.o(.data) for Xil_AssertStatus
    xtmrctr.o(i.XTmrCtr_PwmEnable) refers to xtmrctr.o(.conststring) for .conststring
    xtmrctr.o(i.XTmrCtr_PwmEnable) refers to xtmrctr_l.o(.data) for XTmrCtr_Offsets
    xtmrctr.o(i.XTmrCtr_Reset) refers to xil_assert.o(i.Xil_Assert) for Xil_Assert
    xtmrctr.o(i.XTmrCtr_Reset) refers to xtmrctr.o(i.Xil_In32) for Xil_In32
    xtmrctr.o(i.XTmrCtr_Reset) refers to xtmrctr.o(i.Xil_Out32) for Xil_Out32
    xtmrctr.o(i.XTmrCtr_Reset) refers to xil_assert.o(.data) for Xil_AssertStatus
    xtmrctr.o(i.XTmrCtr_Reset) refers to xtmrctr.o(.conststring) for .conststring
    xtmrctr.o(i.XTmrCtr_Reset) refers to xtmrctr_l.o(.data) for XTmrCtr_Offsets
    xtmrctr.o(i.XTmrCtr_SetResetValue) refers to xil_assert.o(i.Xil_Assert) for Xil_Assert
    xtmrctr.o(i.XTmrCtr_SetResetValue) refers to xtmrctr.o(i.Xil_Out32) for Xil_Out32
    xtmrctr.o(i.XTmrCtr_SetResetValue) refers to xil_assert.o(.data) for Xil_AssertStatus
    xtmrctr.o(i.XTmrCtr_SetResetValue) refers to xtmrctr.o(.conststring) for .conststring
    xtmrctr.o(i.XTmrCtr_SetResetValue) refers to xtmrctr_l.o(.data) for XTmrCtr_Offsets
    xtmrctr.o(i.XTmrCtr_Start) refers to xil_assert.o(i.Xil_Assert) for Xil_Assert
    xtmrctr.o(i.XTmrCtr_Start) refers to xtmrctr.o(i.Xil_In32) for Xil_In32
    xtmrctr.o(i.XTmrCtr_Start) refers to xtmrctr.o(i.Xil_Out32) for Xil_Out32
    xtmrctr.o(i.XTmrCtr_Start) refers to xil_assert.o(.data) for Xil_AssertStatus
    xtmrctr.o(i.XTmrCtr_Start) refers to xtmrctr.o(.conststring) for .conststring
    xtmrctr.o(i.XTmrCtr_Start) refers to xtmrctr_l.o(.data) for XTmrCtr_Offsets
    xtmrctr.o(i.XTmrCtr_Stop) refers to xil_assert.o(i.Xil_Assert) for Xil_Assert
    xtmrctr.o(i.XTmrCtr_Stop) refers to xtmrctr.o(i.Xil_In32) for Xil_In32
    xtmrctr.o(i.XTmrCtr_Stop) refers to xtmrctr.o(i.Xil_Out32) for Xil_Out32
    xtmrctr.o(i.XTmrCtr_Stop) refers to xil_assert.o(.data) for Xil_AssertStatus
    xtmrctr.o(i.XTmrCtr_Stop) refers to xtmrctr.o(.conststring) for .conststring
    xtmrctr.o(i.XTmrCtr_Stop) refers to xtmrctr_l.o(.data) for XTmrCtr_Offsets
    xtmrctr.o(i.XTmrCtr_StubCallback) refers to xil_assert.o(i.Xil_Assert) for Xil_Assert
    xtmrctr.o(i.XTmrCtr_StubCallback) refers to xil_assert.o(.data) for Xil_AssertStatus
    xtmrctr.o(i.XTmrCtr_StubCallback) refers to xtmrctr.o(.conststring) for .conststring
    xtmrctr_intr.o(i.XTmrCtr_InterruptHandler) refers to xil_assert.o(i.Xil_Assert) for Xil_Assert
    xtmrctr_intr.o(i.XTmrCtr_InterruptHandler) refers to xtmrctr_intr.o(i.Xil_Out32) for Xil_Out32
    xtmrctr_intr.o(i.XTmrCtr_InterruptHandler) refers to xil_assert.o(.data) for Xil_AssertStatus
    xtmrctr_intr.o(i.XTmrCtr_InterruptHandler) refers to xtmrctr_intr.o(.conststring) for .conststring
    xtmrctr_intr.o(i.XTmrCtr_InterruptHandler) refers to xtmrctr_l.o(.data) for XTmrCtr_Offsets
    xtmrctr_intr.o(i.XTmrCtr_SetHandler) refers to xil_assert.o(i.Xil_Assert) for Xil_Assert
    xtmrctr_intr.o(i.XTmrCtr_SetHandler) refers to xil_assert.o(.data) for Xil_AssertStatus
    xtmrctr_intr.o(i.XTmrCtr_SetHandler) refers to xtmrctr_intr.o(.conststring) for .conststring
    xtmrctr_options.o(i.XTmrCtr_GetOptions) refers to xil_assert.o(i.Xil_Assert) for Xil_Assert
    xtmrctr_options.o(i.XTmrCtr_GetOptions) refers to xil_assert.o(.data) for Xil_AssertStatus
    xtmrctr_options.o(i.XTmrCtr_GetOptions) refers to xtmrctr_options.o(.conststring) for .conststring
    xtmrctr_options.o(i.XTmrCtr_GetOptions) refers to xtmrctr_l.o(.data) for XTmrCtr_Offsets
    xtmrctr_options.o(i.XTmrCtr_GetOptions) refers to xtmrctr_options.o(.data) for OptionsTable
    xtmrctr_options.o(i.XTmrCtr_SetOptions) refers to xil_assert.o(i.Xil_Assert) for Xil_Assert
    xtmrctr_options.o(i.XTmrCtr_SetOptions) refers to xil_assert.o(.data) for Xil_AssertStatus
    xtmrctr_options.o(i.XTmrCtr_SetOptions) refers to xtmrctr_options.o(.conststring) for .conststring
    xtmrctr_options.o(i.XTmrCtr_SetOptions) refers to xtmrctr_options.o(.data) for OptionsTable
    xtmrctr_options.o(i.XTmrCtr_SetOptions) refers to xtmrctr_l.o(.data) for XTmrCtr_Offsets
    xtmrctr_selftest.o(i.XTmrCtr_SelfTest) refers to xil_assert.o(i.Xil_Assert) for Xil_Assert
    xtmrctr_selftest.o(i.XTmrCtr_SelfTest) refers to xtmrctr_selftest.o(i.Xil_Out32) for Xil_Out32
    xtmrctr_selftest.o(i.XTmrCtr_SelfTest) refers to xil_assert.o(.data) for Xil_AssertStatus
    xtmrctr_selftest.o(i.XTmrCtr_SelfTest) refers to xtmrctr_selftest.o(.conststring) for .conststring
    xtmrctr_selftest.o(i.XTmrCtr_SelfTest) refers to xtmrctr_l.o(.data) for XTmrCtr_Offsets
    xtmrctr_sinit.o(i.XTmrCtr_LookupConfig) refers to xtmrctr_g.o(.data) for XTmrCtr_ConfigTable
    xtmrctr_stats.o(i.XTmrCtr_ClearStats) refers to xil_assert.o(i.Xil_Assert) for Xil_Assert
    xtmrctr_stats.o(i.XTmrCtr_ClearStats) refers to xil_assert.o(.data) for Xil_AssertStatus
    xtmrctr_stats.o(i.XTmrCtr_ClearStats) refers to xtmrctr_stats.o(.conststring) for .conststring
    xtmrctr_stats.o(i.XTmrCtr_GetStats) refers to xil_assert.o(i.Xil_Assert) for Xil_Assert
    xtmrctr_stats.o(i.XTmrCtr_GetStats) refers to xil_assert.o(.data) for Xil_AssertStatus
    xtmrctr_stats.o(i.XTmrCtr_GetStats) refers to xtmrctr_stats.o(.conststring) for .conststring
    startup_armcm1.o(RESET) refers to startup_armcm1.o(STACK) for __initial_sp
    startup_armcm1.o(RESET) refers to startup_armcm1.o(.text) for Reset_Handler
    startup_armcm1.o(.text) refers to system_armcm1.o(i.SystemInit) for SystemInit
    startup_armcm1.o(.text) refers to __main.o(!!!main) for __main
    system_armcm1.o(i.SystemCoreClockUpdate) refers to system_armcm1.o(.data) for SystemCoreClock
    system_armcm1.o(i.SystemInit) refers to system_armcm1.o(.data) for SystemCoreClock
    rt_ctype_table.o(.text) refers to rt_locale_intlibspace.o(.text) for __rt_locale
    rt_ctype_table.o(.text) refers to lc_ctype_c.o(locale$$code) for _get_lc_ctype
    tolower.o(.text) refers to rt_ctype_table.o(.text) for __rt_ctype_table
    rt_memcpy.o(.text) refers to rt_memcpy.o(.emb_text) for __aeabi_memcpy4
    __main.o(!!!main) refers to __rtentry.o(.ARM.Collect$$rtentry$$00000000) for __rt_entry
    fdiv.o(.text) refers (Special) to usenofp.o(x$fpl$usenofp) for __I$use$fp
    fdiv.o(.text) refers to fdiv.o(.constdata) for .constdata
    fdiv.o(.constdata) refers (Special) to usenofp.o(x$fpl$usenofp) for __I$use$fp
    ffixui.o(.text) refers (Special) to usenofp.o(x$fpl$usenofp) for __I$use$fp
    ffltl.o(.text) refers (Special) to usenofp.o(x$fpl$usenofp) for __I$use$fp
    fmul.o(x$fpl$fmul) refers (Special) to usenofp.o(x$fpl$usenofp) for __I$use$fp
    __rtentry.o(.ARM.Collect$$rtentry$$00000000) refers (Special) to __rtentry2.o(.ARM.Collect$$rtentry$$0000000A) for __rt_entry_li
    __rtentry.o(.ARM.Collect$$rtentry$$00000000) refers (Special) to __rtentry2.o(.ARM.Collect$$rtentry$$0000000D) for __rt_entry_main
    __rtentry.o(.ARM.Collect$$rtentry$$00000000) refers (Special) to __rtentry2.o(.ARM.Collect$$rtentry$$0000000C) for __rt_entry_postli_1
    __rtentry.o(.ARM.Collect$$rtentry$$00000000) refers (Special) to __rtentry2.o(.ARM.Collect$$rtentry$$00000009) for __rt_entry_postsh_1
    __rtentry.o(.ARM.Collect$$rtentry$$00000000) refers (Special) to __rtentry2.o(.ARM.Collect$$rtentry$$00000002) for __rt_entry_presh_1
    __rtentry.o(.ARM.Collect$$rtentry$$00000000) refers (Special) to __rtentry5.o(.ARM.Collect$$rtentry$$00000005) for __rt_entry_sh
    aeabi_idiv0_sigfpe.o(.text) refers to rt_div0.o(.text) for __rt_div0
    rt_locale.o(.text) refers to rt_locale.o(.bss) for __rt_locale_data
    rt_locale_intlibspace.o(.text) refers to libspace.o(.bss) for __libspace_start
    lc_ctype_c.o(locale$$data) refers (Special) to libinit2.o(.ARM.Collect$$libinit$$00000012) for __rt_lib_init_lc_ctype_2
    lc_ctype_c.o(locale$$code) refers (Special) to libinit2.o(.ARM.Collect$$libinit$$00000012) for __rt_lib_init_lc_ctype_2
    lc_ctype_c.o(locale$$code) refers to strcmp.o(.text) for strcmp
    lc_ctype_c.o(locale$$code) refers to lc_ctype_c.o(locale$$data) for __lcctype_c_name
    libspace.o(.text) refers to libspace.o(.bss) for __libspace_start
    __rtentry2.o(.ARM.Collect$$rtentry$$00000008) refers to boardinit2.o(.text) for _platform_post_stackheap_init
    __rtentry2.o(.ARM.Collect$$rtentry$$0000000A) refers to libinit.o(.ARM.Collect$$libinit$$00000000) for __rt_lib_init
    __rtentry2.o(.ARM.Collect$$rtentry$$0000000B) refers to boardinit3.o(.text) for _platform_post_lib_init
    __rtentry2.o(.ARM.Collect$$rtentry$$0000000D) refers to main.o(i.main) for main
    __rtentry2.o(.ARM.Collect$$rtentry$$0000000D) refers to exit.o(.text) for exit
    __rtentry2.o(.ARM.exidx) refers to __rtentry2.o(.ARM.Collect$$rtentry$$00000001) for .ARM.Collect$$rtentry$$00000001
    __rtentry2.o(.ARM.exidx) refers to __rtentry2.o(.ARM.Collect$$rtentry$$00000008) for .ARM.Collect$$rtentry$$00000008
    __rtentry2.o(.ARM.exidx) refers to __rtentry2.o(.ARM.Collect$$rtentry$$0000000A) for .ARM.Collect$$rtentry$$0000000A
    __rtentry2.o(.ARM.exidx) refers to __rtentry2.o(.ARM.Collect$$rtentry$$0000000B) for .ARM.Collect$$rtentry$$0000000B
    __rtentry2.o(.ARM.exidx) refers to __rtentry2.o(.ARM.Collect$$rtentry$$0000000D) for .ARM.Collect$$rtentry$$0000000D
    __rtentry4.o(.ARM.Collect$$rtentry$$00000004) refers to sys_stackheap_outer.o(.text) for __user_setup_stackheap
    __rtentry4.o(.ARM.exidx) refers to __rtentry4.o(.ARM.Collect$$rtentry$$00000004) for .ARM.Collect$$rtentry$$00000004
    __rtentry5.o(.ARM.Collect$$rtentry$$00000005) refers to __rtentry5.o(.ARM.Collect$$rtentry$$00002716) for __lit__00000000
    __rtentry5.o(.ARM.Collect$$rtentry$$00002716) refers to startup_armcm1.o(STACK) for __initial_sp
    __rtentry5.o(__vectab_stack_and_reset_sym_area) refers to startup_armcm1.o(STACK) for __initial_sp
    __rtentry5.o(__vectab_stack_and_reset_sym_area) refers to __main.o(!!!main) for __main
    __rtentry5.o(.ARM.exidx) refers to __rtentry5.o(.ARM.Collect$$rtentry$$00000005) for .ARM.Collect$$rtentry$$00000005
    __rtentry5.o(.ARM.exidx) refers to __rtentry5.o(.ARM.Collect$$rtentry$$00002716) for .ARM.Collect$$rtentry$$00002716
    rt_div0.o(.text) refers to defsig_fpe_outer.o(.text) for __rt_SIGFPE
    libinit2.o(.ARM.Collect$$libinit$$0000000F) refers (Weak) to rt_locale_intlibspace.o(.text) for __rt_locale
    libinit2.o(.ARM.Collect$$libinit$$00000010) refers to libinit2.o(.ARM.Collect$$libinit$$0000000F) for .ARM.Collect$$libinit$$0000000F
    libinit2.o(.ARM.Collect$$libinit$$00000012) refers to libinit2.o(.ARM.Collect$$libinit$$0000000F) for .ARM.Collect$$libinit$$0000000F
    libinit2.o(.ARM.Collect$$libinit$$00000012) refers (Weak) to lc_ctype_c.o(locale$$code) for _get_lc_ctype
    libinit2.o(.ARM.Collect$$libinit$$00000014) refers to libinit2.o(.ARM.Collect$$libinit$$0000000F) for .ARM.Collect$$libinit$$0000000F
    libinit2.o(.ARM.Collect$$libinit$$00000016) refers to libinit2.o(.ARM.Collect$$libinit$$0000000F) for .ARM.Collect$$libinit$$0000000F
    libinit2.o(.ARM.Collect$$libinit$$00000018) refers to libinit2.o(.ARM.Collect$$libinit$$0000000F) for .ARM.Collect$$libinit$$0000000F
    libinit2.o(.ARM.Collect$$libinit$$00000026) refers to argv_veneer.o(.text) for __ARM_argv_veneer
    libinit2.o(.ARM.Collect$$libinit$$00000027) refers to argv_veneer.o(.text) for __ARM_argv_veneer
    sys_stackheap_outer.o(.text) refers to libspace.o(.text) for __user_perproc_libspace
    sys_stackheap_outer.o(.text) refers to sys_stackheap.o(.text) for __user_initial_stackheap
    sys_stackheap_outer.o(__vectab_stack_and_reset_area) refers to tempstk.o(.text) for __temporary_stack_top
    sys_stackheap_outer.o(__vectab_stack_and_reset_area) refers to __main.o(!!!main) for __main
    exit.o(.text) refers to rtexit.o(.ARM.Collect$$rtexit$$00000000) for __rt_exit
    defsig_fpe_outer.o(.text) refers to defsig_fpe_inner.o(.text) for __rt_SIGFPE_inner
    defsig_fpe_outer.o(.text) refers to defsig_exit.o(.text) for __sig_exit
    defsig_fpe_formal.o(.text) refers to rt_raise.o(.text) for __rt_raise
    libinit.o(.ARM.Collect$$libinit$$00000000) refers (Special) to libinit2.o(.ARM.Collect$$libinit$$0000002E) for __rt_lib_init_alloca_1
    libinit.o(.ARM.Collect$$libinit$$00000000) refers (Special) to libinit2.o(.ARM.Collect$$libinit$$0000002C) for __rt_lib_init_argv_1
    libinit.o(.ARM.Collect$$libinit$$00000000) refers (Special) to libinit2.o(.ARM.Collect$$libinit$$0000001B) for __rt_lib_init_atexit_1
    libinit.o(.ARM.Collect$$libinit$$00000000) refers (Special) to libinit2.o(.ARM.Collect$$libinit$$00000021) for __rt_lib_init_clock_1
    libinit.o(.ARM.Collect$$libinit$$00000000) refers (Special) to libinit2.o(.ARM.Collect$$libinit$$00000032) for __rt_lib_init_cpp_1
    libinit.o(.ARM.Collect$$libinit$$00000000) refers (Special) to libinit2.o(.ARM.Collect$$libinit$$00000030) for __rt_lib_init_exceptions_1
    libinit.o(.ARM.Collect$$libinit$$00000000) refers (Special) to libinit2.o(.ARM.Collect$$libinit$$00000002) for __rt_lib_init_fp_1
    libinit.o(.ARM.Collect$$libinit$$00000000) refers (Special) to libinit2.o(.ARM.Collect$$libinit$$0000001F) for __rt_lib_init_fp_trap_1
    libinit.o(.ARM.Collect$$libinit$$00000000) refers (Special) to libinit2.o(.ARM.Collect$$libinit$$00000023) for __rt_lib_init_getenv_1
    libinit.o(.ARM.Collect$$libinit$$00000000) refers (Special) to libinit2.o(.ARM.Collect$$libinit$$0000000A) for __rt_lib_init_heap_1
    libinit.o(.ARM.Collect$$libinit$$00000000) refers (Special) to libinit2.o(.ARM.Collect$$libinit$$00000011) for __rt_lib_init_lc_collate_1
    libinit.o(.ARM.Collect$$libinit$$00000000) refers (Special) to libinit2.o(.ARM.Collect$$libinit$$00000013) for __rt_lib_init_lc_ctype_1
    libinit.o(.ARM.Collect$$libinit$$00000000) refers (Special) to libinit2.o(.ARM.Collect$$libinit$$00000015) for __rt_lib_init_lc_monetary_1
    libinit.o(.ARM.Collect$$libinit$$00000000) refers (Special) to libinit2.o(.ARM.Collect$$libinit$$00000017) for __rt_lib_init_lc_numeric_1
    libinit.o(.ARM.Collect$$libinit$$00000000) refers (Special) to libinit2.o(.ARM.Collect$$libinit$$00000019) for __rt_lib_init_lc_time_1
    libinit.o(.ARM.Collect$$libinit$$00000000) refers (Special) to libinit2.o(.ARM.Collect$$libinit$$00000004) for __rt_lib_init_preinit_1
    libinit.o(.ARM.Collect$$libinit$$00000000) refers (Special) to libinit2.o(.ARM.Collect$$libinit$$0000000E) for __rt_lib_init_rand_1
    libinit.o(.ARM.Collect$$libinit$$00000000) refers (Special) to libinit2.o(.ARM.Collect$$libinit$$00000033) for __rt_lib_init_return
    libinit.o(.ARM.Collect$$libinit$$00000000) refers (Special) to libinit2.o(.ARM.Collect$$libinit$$0000001D) for __rt_lib_init_signal_1
    libinit.o(.ARM.Collect$$libinit$$00000000) refers (Special) to libinit2.o(.ARM.Collect$$libinit$$00000025) for __rt_lib_init_stdio_1
    libinit.o(.ARM.Collect$$libinit$$00000000) refers (Special) to libinit2.o(.ARM.Collect$$libinit$$0000000C) for __rt_lib_init_user_alloc_1
    sys_stackheap.o(.text) refers (Special) to indicate_semi.o(.text) for __semihosting_library_function
    sys_stackheap.o(.text) refers to use_no_semi.o(.text) for __I$use$semihosting
    rtexit.o(.ARM.Collect$$rtexit$$00000000) refers (Special) to rtexit2.o(.ARM.Collect$$rtexit$$00000004) for __rt_exit_exit
    rtexit.o(.ARM.Collect$$rtexit$$00000000) refers (Special) to rtexit2.o(.ARM.Collect$$rtexit$$00000003) for __rt_exit_ls
    rtexit.o(.ARM.Collect$$rtexit$$00000000) refers (Special) to rtexit2.o(.ARM.Collect$$rtexit$$00000002) for __rt_exit_prels_1
    rtexit.o(.ARM.exidx) refers (Special) to rtexit2.o(.ARM.Collect$$rtexit$$00000004) for __rt_exit_exit
    rtexit.o(.ARM.exidx) refers (Special) to rtexit2.o(.ARM.Collect$$rtexit$$00000003) for __rt_exit_ls
    rtexit.o(.ARM.exidx) refers (Special) to rtexit2.o(.ARM.Collect$$rtexit$$00000002) for __rt_exit_prels_1
    rtexit.o(.ARM.exidx) refers to rtexit.o(.ARM.Collect$$rtexit$$00000000) for .ARM.Collect$$rtexit$$00000000
    rt_raise.o(.text) refers to __raise.o(.text) for __raise
    rt_raise.o(.text) refers to sys_exit.o(.text) for _sys_exit
    defsig_exit.o(.text) refers to sys_exit.o(.text) for _sys_exit
    defsig_fpe_inner.o(.text) refers to defsig_general.o(.text) for __default_signal_display
    _get_argv_nomalloc.o(.text) refers (Special) to hrguard.o(.text) for __heap_region$guard
    _get_argv_nomalloc.o(.text) refers to defsig_rtmem_outer.o(.text) for __rt_SIGRTMEM
    _get_argv_nomalloc.o(.text) refers to sys_command.o(.text) for _sys_command_string
    libinit3.o(.ARM.Collect$$libinit$$00000006) refers to libinit3.o(.ARM.Collect$$libinit$$00002717) for __lit__00000000
    libinit3.o(.ARM.Collect$$libinit$$00002717) refers to startup_armcm1.o(HEAP) for __heap_base
    libinit3.o(.ARM.Collect$$libinit$$00000028) refers to libinit3.o(.ARM.Collect$$libinit$$00002739) for __lit__00000002
    libinit3.o(.ARM.Collect$$libinit$$00000028) refers to argv_veneer.o(.text) for __ARM_argv_veneer
    libinit3.o(.ARM.Collect$$libinit$$00002739) refers to startup_armcm1.o(HEAP) for __heap_base
    sys_command.o(.text) refers (Special) to use_no_semi.o(.text) for __I$use$semihosting
    sys_command.o(.text) refers (Special) to indicate_semi.o(.text) for __semihosting_library_function
    sys_exit.o(.text) refers (Special) to use_no_semi.o(.text) for __I$use$semihosting
    sys_exit.o(.text) refers (Special) to indicate_semi.o(.text) for __semihosting_library_function
    rtexit2.o(.ARM.Collect$$rtexit$$00000003) refers to libshutdown.o(.ARM.Collect$$libshutdown$$00000000) for __rt_lib_shutdown
    rtexit2.o(.ARM.Collect$$rtexit$$00000004) refers to sys_exit.o(.text) for _sys_exit
    rtexit2.o(.ARM.exidx) refers to rtexit2.o(.ARM.Collect$$rtexit$$00000001) for .ARM.Collect$$rtexit$$00000001
    rtexit2.o(.ARM.exidx) refers to rtexit2.o(.ARM.Collect$$rtexit$$00000003) for .ARM.Collect$$rtexit$$00000003
    rtexit2.o(.ARM.exidx) refers to rtexit2.o(.ARM.Collect$$rtexit$$00000004) for .ARM.Collect$$rtexit$$00000004
    __raise.o(.text) refers to defsig.o(CL$$defsig) for __default_signal_handler
    defsig_general.o(.text) refers to sys_wrch.o(.text) for _ttywrch
    defsig_rtmem_outer.o(.text) refers to defsig_rtmem_inner.o(.text) for __rt_SIGRTMEM_inner
    defsig_rtmem_outer.o(.text) refers to defsig_exit.o(.text) for __sig_exit
    defsig_rtmem_formal.o(.text) refers to rt_raise.o(.text) for __rt_raise
    sys_wrch.o(.text) refers (Special) to use_no_semi.o(.text) for __I$use$semihosting
    sys_wrch.o(.text) refers (Special) to indicate_semi.o(.text) for __semihosting_library_function
    defsig_rtmem_inner.o(.text) refers to defsig_general.o(.text) for __default_signal_display
    defsig.o(CL$$defsig) refers to defsig_fpe_inner.o(.text) for __rt_SIGFPE_inner
    defsig.o(CL$$defsig) refers to defsig_rtmem_inner.o(.text) for __rt_SIGRTMEM_inner
    libshutdown.o(.ARM.Collect$$libshutdown$$00000000) refers (Special) to libshutdown2.o(.ARM.Collect$$libshutdown$$00000002) for __rt_lib_shutdown_cpp_1
    libshutdown.o(.ARM.Collect$$libshutdown$$00000000) refers (Special) to libshutdown2.o(.ARM.Collect$$libshutdown$$00000007) for __rt_lib_shutdown_fp_trap_1
    libshutdown.o(.ARM.Collect$$libshutdown$$00000000) refers (Special) to libshutdown2.o(.ARM.Collect$$libshutdown$$0000000F) for __rt_lib_shutdown_heap_1
    libshutdown.o(.ARM.Collect$$libshutdown$$00000000) refers (Special) to libshutdown2.o(.ARM.Collect$$libshutdown$$00000010) for __rt_lib_shutdown_return
    libshutdown.o(.ARM.Collect$$libshutdown$$00000000) refers (Special) to libshutdown2.o(.ARM.Collect$$libshutdown$$0000000A) for __rt_lib_shutdown_signal_1
    libshutdown.o(.ARM.Collect$$libshutdown$$00000000) refers (Special) to libshutdown2.o(.ARM.Collect$$libshutdown$$00000004) for __rt_lib_shutdown_stdio_1
    libshutdown.o(.ARM.Collect$$libshutdown$$00000000) refers (Special) to libshutdown2.o(.ARM.Collect$$libshutdown$$0000000C) for __rt_lib_shutdown_user_alloc_1
    defsig_abrt_inner.o(.text) refers to defsig_general.o(.text) for __default_signal_display
    defsig_rtred_inner.o(.text) refers to defsig_general.o(.text) for __default_signal_display
    defsig_stak_inner.o(.text) refers to defsig_general.o(.text) for __default_signal_display
    defsig_pvfn_inner.o(.text) refers to defsig_general.o(.text) for __default_signal_display
    defsig_cppl_inner.o(.text) refers to defsig_general.o(.text) for __default_signal_display
    defsig_segv_inner.o(.text) refers to defsig_general.o(.text) for __default_signal_display
    defsig_other.o(.text) refers to defsig_general.o(.text) for __default_signal_display


==============================================================================

Removing Unused input sections from the image.

    Removing xuartlite.o(i.StubHandler), (32 bytes).
    Removing xuartlite.o(i.XUartLite_CfgInitialize), (104 bytes).
    Removing xuartlite.o(i.XUartLite_IsSending), (64 bytes).
    Removing xuartlite.o(i.XUartLite_ReceiveBuffer), (160 bytes).
    Removing xuartlite.o(i.XUartLite_Recv), (212 bytes).
    Removing xuartlite.o(i.XUartLite_ResetFifos), (120 bytes).
    Removing xuartlite.o(i.XUartLite_Send), (204 bytes).
    Removing xuartlite.o(i.XUartLite_SendBuffer), (124 bytes).
    Removing xuartlite.o(i.Xil_In32), (6 bytes).
    Removing xuartlite.o(i.Xil_Out32), (6 bytes).
    Removing xuartlite.o(.conststring), (83 bytes).
    Removing xuartlite_g.o(.data), (16 bytes).
    Removing xuartlite_intr.o(i.ReceiveDataHandler), (42 bytes).
    Removing xuartlite_intr.o(i.SendDataHandler), (40 bytes).
    Removing xuartlite_intr.o(i.XUartLite_DisableInterrupt), (96 bytes).
    Removing xuartlite_intr.o(i.XUartLite_EnableInterrupt), (96 bytes).
    Removing xuartlite_intr.o(i.XUartLite_InterruptHandler), (88 bytes).
    Removing xuartlite_intr.o(i.XUartLite_SetRecvHandler), (116 bytes).
    Removing xuartlite_intr.o(i.XUartLite_SetSendHandler), (116 bytes).
    Removing xuartlite_intr.o(i.Xil_Out32), (6 bytes).
    Removing xuartlite_intr.o(.conststring), (88 bytes).
    Removing xuartlite_l.o(i.XUartLite_RecvByte), (24 bytes).
    Removing xuartlite_selftest.o(i.XUartLite_SelfTest), (108 bytes).
    Removing xuartlite_selftest.o(.conststring), (92 bytes).
    Removing xuartlite_sinit.o(i.XUartLite_Initialize), (72 bytes).
    Removing xuartlite_sinit.o(i.XUartLite_LookupConfig), (40 bytes).
    Removing xuartlite_sinit.o(.conststring), (89 bytes).
    Removing xuartlite_stats.o(i.XUartLite_ClearStats), (96 bytes).
    Removing xuartlite_stats.o(i.XUartLite_GetStats), (140 bytes).
    Removing xuartlite_stats.o(.conststring), (89 bytes).
    Removing xil_assert.o(i.XNullHandler), (2 bytes).
    Removing xil_assert.o(i.Xil_Assert), (44 bytes).
    Removing xil_assert.o(i.Xil_AssertSetCallback), (12 bytes).
    Removing xil_assert.o(.data), (12 bytes).
    Removing xil_printf.o(i.getnum), (112 bytes).
    Removing xil_printf.o(i.outnum), (204 bytes).
    Removing xil_printf.o(i.outs), (78 bytes).
    Removing xil_printf.o(i.padding), (44 bytes).
    Removing xil_printf.o(i.xil_printf), (504 bytes).
    Removing xgpio.o(i.XGpio_CfgInitialize), (68 bytes).
    Removing xgpio.o(i.XGpio_DiscreteRead), (136 bytes).
    Removing xgpio.o(i.XGpio_DiscreteWrite), (136 bytes).
    Removing xgpio.o(i.XGpio_GetDataDirection), (140 bytes).
    Removing xgpio.o(i.XGpio_SetDataDirection), (140 bytes).
    Removing xgpio.o(i.Xil_Out32), (6 bytes).
    Removing xgpio.o(.conststring), (75 bytes).
    Removing xgpio_extra.o(i.XGpio_DiscreteClear), (152 bytes).
    Removing xgpio_extra.o(i.XGpio_DiscreteSet), (152 bytes).
    Removing xgpio_extra.o(i.Xil_Out32), (6 bytes).
    Removing xgpio_extra.o(.conststring), (81 bytes).
    Removing xgpio_g.o(.data), (32 bytes).
    Removing xgpio_intr.o(i.XGpio_InterruptClear), (144 bytes).
    Removing xgpio_intr.o(i.XGpio_InterruptDisable), (144 bytes).
    Removing xgpio_intr.o(i.XGpio_InterruptEnable), (144 bytes).
    Removing xgpio_intr.o(i.XGpio_InterruptGetEnabled), (128 bytes).
    Removing xgpio_intr.o(i.XGpio_InterruptGetStatus), (132 bytes).
    Removing xgpio_intr.o(i.XGpio_InterruptGlobalDisable), (124 bytes).
    Removing xgpio_intr.o(i.XGpio_InterruptGlobalEnable), (128 bytes).
    Removing xgpio_intr.o(i.Xil_In32), (6 bytes).
    Removing xgpio_intr.o(i.Xil_Out32), (6 bytes).
    Removing xgpio_intr.o(.conststring), (80 bytes).
    Removing xgpio_selftest.o(i.XGpio_SelfTest), (92 bytes).
    Removing xgpio_selftest.o(.conststring), (84 bytes).
    Removing xgpio_sinit.o(i.XGpio_Initialize), (76 bytes).
    Removing xgpio_sinit.o(i.XGpio_LookupConfig), (40 bytes).
    Removing xgpio_sinit.o(.conststring), (81 bytes).
    Removing xtmrctr.o(i.XTmrCtr_CfgInitialize), (144 bytes).
    Removing xtmrctr.o(i.XTmrCtr_GetCaptureValue), (140 bytes).
    Removing xtmrctr.o(i.XTmrCtr_GetValue), (140 bytes).
    Removing xtmrctr.o(i.XTmrCtr_InitHw), (180 bytes).
    Removing xtmrctr.o(i.XTmrCtr_Initialize), (100 bytes).
    Removing xtmrctr.o(i.XTmrCtr_IsExpired), (148 bytes).
    Removing xtmrctr.o(i.XTmrCtr_PwmConfigure), (452 bytes).
    Removing xtmrctr.o(i.XTmrCtr_PwmDisable), (172 bytes).
    Removing xtmrctr.o(i.XTmrCtr_PwmEnable), (184 bytes).
    Removing xtmrctr.o(i.XTmrCtr_Reset), (168 bytes).
    Removing xtmrctr.o(i.XTmrCtr_SetResetValue), (140 bytes).
    Removing xtmrctr.o(i.XTmrCtr_Start), (180 bytes).
    Removing xtmrctr.o(i.XTmrCtr_Stop), (172 bytes).
    Removing xtmrctr.o(i.XTmrCtr_StubCallback), (80 bytes).
    Removing xtmrctr.o(i.Xil_In32), (6 bytes).
    Removing xtmrctr.o(i.Xil_Out32), (6 bytes).
    Removing xtmrctr.o(.conststring), (79 bytes).
    Removing xtmrctr_g.o(.data), (12 bytes).
    Removing xtmrctr_intr.o(i.XTmrCtr_InterruptHandler), (200 bytes).
    Removing xtmrctr_intr.o(i.XTmrCtr_SetHandler), (116 bytes).
    Removing xtmrctr_intr.o(i.Xil_Out32), (6 bytes).
    Removing xtmrctr_intr.o(.conststring), (84 bytes).
    Removing xtmrctr_l.o(.data), (2 bytes).
    Removing xtmrctr_options.o(i.XTmrCtr_GetOptions), (188 bytes).
    Removing xtmrctr_options.o(i.XTmrCtr_SetOptions), (184 bytes).
    Removing xtmrctr_options.o(.conststring), (87 bytes).
    Removing xtmrctr_options.o(.data), (56 bytes).
    Removing xtmrctr_selftest.o(i.XTmrCtr_SelfTest), (260 bytes).
    Removing xtmrctr_selftest.o(i.Xil_Out32), (6 bytes).
    Removing xtmrctr_selftest.o(.conststring), (88 bytes).
    Removing xtmrctr_sinit.o(i.XTmrCtr_LookupConfig), (48 bytes).
    Removing xtmrctr_stats.o(i.XTmrCtr_ClearStats), (84 bytes).
    Removing xtmrctr_stats.o(i.XTmrCtr_GetStats), (116 bytes).
    Removing xtmrctr_stats.o(.conststring), (85 bytes).
    Removing startup_armcm1.o(HEAP), (3072 bytes).
    Removing system_armcm1.o(.rev16_text), (4 bytes).
    Removing system_armcm1.o(.revsh_text), (4 bytes).
    Removing system_armcm1.o(i.SystemCoreClockUpdate), (16 bytes).

104 unused section(s) (total 13323 bytes) removed from the image.

==============================================================================

Image Symbol Table

    Local Symbols

    Symbol Name                              Value     Ov Type        Size  Object(Section)

    RESET                                    0x00000000   Section      192  startup_armcm1.o(RESET)
    ../clib/angel/boardlib.s                 0x00000000   Number         0  boardinit1.o ABSOLUTE
    ../clib/angel/boardlib.s                 0x00000000   Number         0  boardinit3.o ABSOLUTE
    ../clib/angel/boardlib.s                 0x00000000   Number         0  boardshut.o ABSOLUTE
    ../clib/angel/boardlib.s                 0x00000000   Number         0  boardinit2.o ABSOLUTE
    ../clib/angel/handlers.s                 0x00000000   Number         0  __scatter_zi.o ABSOLUTE
    ../clib/angel/handlers.s                 0x00000000   Number         0  __scatter_copy.o ABSOLUTE
    ../clib/angel/kernel.s                   0x00000000   Number         0  __rtentry4.o ABSOLUTE
    ../clib/angel/kernel.s                   0x00000000   Number         0  rtexit.o ABSOLUTE
    ../clib/angel/kernel.s                   0x00000000   Number         0  rtexit2.o ABSOLUTE
    ../clib/angel/kernel.s                   0x00000000   Number         0  __rtentry5.o ABSOLUTE
    ../clib/angel/kernel.s                   0x00000000   Number         0  __rtentry.o ABSOLUTE
    ../clib/angel/kernel.s                   0x00000000   Number         0  __rtentry2.o ABSOLUTE
    ../clib/angel/rt.s                       0x00000000   Number         0  rt_raise.o ABSOLUTE
    ../clib/angel/rt.s                       0x00000000   Number         0  rt_div0.o ABSOLUTE
    ../clib/angel/rt.s                       0x00000000   Number         0  rt_ctype_table.o ABSOLUTE
    ../clib/angel/rt.s                       0x00000000   Number         0  aeabi_idiv0.o ABSOLUTE
    ../clib/angel/rt.s                       0x00000000   Number         0  aeabi_idiv0_sigfpe.o ABSOLUTE
    ../clib/angel/rt.s                       0x00000000   Number         0  rt_locale_intlibspace.o ABSOLUTE
    ../clib/angel/rt.s                       0x00000000   Number         0  rt_locale.o ABSOLUTE
    ../clib/angel/scatterp.s                 0x00000000   Number         0  __scatter.o ABSOLUTE
    ../clib/angel/startup.s                  0x00000000   Number         0  __main.o ABSOLUTE
    ../clib/angel/sys.s                      0x00000000   Number         0  sys_stackheap_outer.o ABSOLUTE
    ../clib/angel/sys.s                      0x00000000   Number         0  indicate_semi.o ABSOLUTE
    ../clib/angel/sys.s                      0x00000000   Number         0  use_no_semi.o ABSOLUTE
    ../clib/angel/sys.s                      0x00000000   Number         0  libspace.o ABSOLUTE
    ../clib/angel/sys.s                      0x00000000   Number         0  tempstk.o ABSOLUTE
    ../clib/angel/sys.s                      0x00000000   Number         0  sys_stackheap.o ABSOLUTE
    ../clib/angel/sysapp.c                   0x00000000   Number         0  sys_exit.o ABSOLUTE
    ../clib/angel/sysapp.c                   0x00000000   Number         0  sys_command.o ABSOLUTE
    ../clib/angel/sysapp.c                   0x00000000   Number         0  sys_wrch.o ABSOLUTE
    ../clib/armsys.c                         0x00000000   Number         0  argv_veneer.o ABSOLUTE
    ../clib/armsys.c                         0x00000000   Number         0  no_argv.o ABSOLUTE
    ../clib/armsys.c                         0x00000000   Number         0  _get_argv_nomalloc.o ABSOLUTE
    ../clib/ctype.c                          0x00000000   Number         0  tolower.o ABSOLUTE
    ../clib/division.s                       0x00000000   Number         0  aeabi_sdiv.o ABSOLUTE
    ../clib/division.s                       0x00000000   Number         0  aeabi_sdiv_div0.o ABSOLUTE
    ../clib/heapalloc.c                      0x00000000   Number         0  hrguard.o ABSOLUTE
    ../clib/libinit.s                        0x00000000   Number         0  libshutdown2.o ABSOLUTE
    ../clib/libinit.s                        0x00000000   Number         0  libinit3.o ABSOLUTE
    ../clib/libinit.s                        0x00000000   Number         0  libshutdown.o ABSOLUTE
    ../clib/libinit.s                        0x00000000   Number         0  libinit.o ABSOLUTE
    ../clib/libinit.s                        0x00000000   Number         0  libinit2.o ABSOLUTE
    ../clib/locale.s                         0x00000000   Number         0  lc_ctype_c.o ABSOLUTE
    ../clib/memcpset.c                       0x00000000   Number         0  rt_memcpy.o ABSOLUTE
    ../clib/memcpset.c                       0x00000000   Number         0  rt_memcpy.o ABSOLUTE
    ../clib/signal.c                         0x00000000   Number         0  defsig_rtmem_inner.o ABSOLUTE
    ../clib/signal.c                         0x00000000   Number         0  defsig_fpe_formal.o ABSOLUTE
    ../clib/signal.c                         0x00000000   Number         0  defsig_rtmem_formal.o ABSOLUTE
    ../clib/signal.c                         0x00000000   Number         0  defsig_rtmem_outer.o ABSOLUTE
    ../clib/signal.c                         0x00000000   Number         0  defsig_general.o ABSOLUTE
    ../clib/signal.c                         0x00000000   Number         0  __raise.o ABSOLUTE
    ../clib/signal.c                         0x00000000   Number         0  defsig_abrt_inner.o ABSOLUTE
    ../clib/signal.c                         0x00000000   Number         0  defsig_other.o ABSOLUTE
    ../clib/signal.c                         0x00000000   Number         0  defsig_fpe_inner.o ABSOLUTE
    ../clib/signal.c                         0x00000000   Number         0  defsig_fpe_outer.o ABSOLUTE
    ../clib/signal.c                         0x00000000   Number         0  defsig_segv_inner.o ABSOLUTE
    ../clib/signal.c                         0x00000000   Number         0  defsig_cppl_inner.o ABSOLUTE
    ../clib/signal.c                         0x00000000   Number         0  defsig_exit.o ABSOLUTE
    ../clib/signal.c                         0x00000000   Number         0  defsig_pvfn_inner.o ABSOLUTE
    ../clib/signal.c                         0x00000000   Number         0  defsig_stak_inner.o ABSOLUTE
    ../clib/signal.c                         0x00000000   Number         0  defsig_rtred_inner.o ABSOLUTE
    ../clib/signal.s                         0x00000000   Number         0  defsig.o ABSOLUTE
    ../clib/stdlib.c                         0x00000000   Number         0  exit.o ABSOLUTE
    ../clib/string.c                         0x00000000   Number         0  strlen.o ABSOLUTE
    ../clib/string.c                         0x00000000   Number         0  strcmp.o ABSOLUTE
    ../fplib/cfplib/fdiv.c                   0x00000000   Number         0  fdiv.o ABSOLUTE
    ../fplib/cfplib/ffix.c                   0x00000000   Number         0  ffixui.o ABSOLUTE
    ../fplib/cfplib/fflt.c                   0x00000000   Number         0  ffltl.o ABSOLUTE
    ../fplib/cfplib/fpinit.c                 0x00000000   Number         0  fpinit.o ABSOLUTE
    ../fplib/fmul6m.s                        0x00000000   Number         0  fmul.o ABSOLUTE
    ../fplib/usenofp.s                       0x00000000   Number         0  usenofp.o ABSOLUTE
    RTE\Device\ARMCM1\startup_ARMCM1.s       0x00000000   Number         0  startup_armcm1.o ABSOLUTE
    RTE\Device\ARMCM1\system_ARMCM1.c        0x00000000   Number         0  system_armcm1.o ABSOLUTE
    RTE\\Device\\ARMCM1\\system_ARMCM1.c     0x00000000   Number         0  system_armcm1.o ABSOLUTE
    dc.s                                     0x00000000   Number         0  dc.o ABSOLUTE
    main.c                                   0x00000000   Number         0  main.o ABSOLUTE
    project_1.sdk\standalone_bsp_0\CORTEXM1_AXI_1\libsrc\gpio_v4_4\src\xgpio.c 0x00000000   Number         0  xgpio.o ABSOLUTE
    project_1.sdk\standalone_bsp_0\CORTEXM1_AXI_1\libsrc\gpio_v4_4\src\xgpio_extra.c 0x00000000   Number         0  xgpio_extra.o ABSOLUTE
    project_1.sdk\standalone_bsp_0\CORTEXM1_AXI_1\libsrc\gpio_v4_4\src\xgpio_g.c 0x00000000   Number         0  xgpio_g.o ABSOLUTE
    project_1.sdk\standalone_bsp_0\CORTEXM1_AXI_1\libsrc\gpio_v4_4\src\xgpio_intr.c 0x00000000   Number         0  xgpio_intr.o ABSOLUTE
    project_1.sdk\standalone_bsp_0\CORTEXM1_AXI_1\libsrc\gpio_v4_4\src\xgpio_selftest.c 0x00000000   Number         0  xgpio_selftest.o ABSOLUTE
    project_1.sdk\standalone_bsp_0\CORTEXM1_AXI_1\libsrc\gpio_v4_4\src\xgpio_sinit.c 0x00000000   Number         0  xgpio_sinit.o ABSOLUTE
    project_1.sdk\standalone_bsp_0\CORTEXM1_AXI_1\libsrc\standalone_v6_7\src\outbyte.c 0x00000000   Number         0  outbyte.o ABSOLUTE
    project_1.sdk\standalone_bsp_0\CORTEXM1_AXI_1\libsrc\standalone_v6_7\src\print.c 0x00000000   Number         0  print.o ABSOLUTE
    project_1.sdk\standalone_bsp_0\CORTEXM1_AXI_1\libsrc\standalone_v6_7\src\xil_assert.c 0x00000000   Number         0  xil_assert.o ABSOLUTE
    project_1.sdk\standalone_bsp_0\CORTEXM1_AXI_1\libsrc\standalone_v6_7\src\xil_printf.c 0x00000000   Number         0  xil_printf.o ABSOLUTE
    project_1.sdk\standalone_bsp_0\CORTEXM1_AXI_1\libsrc\tmrctr_v4_5\src\xtmrctr.c 0x00000000   Number         0  xtmrctr.o ABSOLUTE
    project_1.sdk\standalone_bsp_0\CORTEXM1_AXI_1\libsrc\tmrctr_v4_5\src\xtmrctr_g.c 0x00000000   Number         0  xtmrctr_g.o ABSOLUTE
    project_1.sdk\standalone_bsp_0\CORTEXM1_AXI_1\libsrc\tmrctr_v4_5\src\xtmrctr_intr.c 0x00000000   Number         0  xtmrctr_intr.o ABSOLUTE
    project_1.sdk\standalone_bsp_0\CORTEXM1_AXI_1\libsrc\tmrctr_v4_5\src\xtmrctr_l.c 0x00000000   Number         0  xtmrctr_l.o ABSOLUTE
    project_1.sdk\standalone_bsp_0\CORTEXM1_AXI_1\libsrc\tmrctr_v4_5\src\xtmrctr_options.c 0x00000000   Number         0  xtmrctr_options.o ABSOLUTE
    project_1.sdk\standalone_bsp_0\CORTEXM1_AXI_1\libsrc\tmrctr_v4_5\src\xtmrctr_selftest.c 0x00000000   Number         0  xtmrctr_selftest.o ABSOLUTE
    project_1.sdk\standalone_bsp_0\CORTEXM1_AXI_1\libsrc\tmrctr_v4_5\src\xtmrctr_sinit.c 0x00000000   Number         0  xtmrctr_sinit.o ABSOLUTE
    project_1.sdk\standalone_bsp_0\CORTEXM1_AXI_1\libsrc\tmrctr_v4_5\src\xtmrctr_stats.c 0x00000000   Number         0  xtmrctr_stats.o ABSOLUTE
    project_1.sdk\standalone_bsp_0\CORTEXM1_AXI_1\libsrc\uartlite_v3_2\src\xuartlite.c 0x00000000   Number         0  xuartlite.o ABSOLUTE
    project_1.sdk\standalone_bsp_0\CORTEXM1_AXI_1\libsrc\uartlite_v3_2\src\xuartlite_g.c 0x00000000   Number         0  xuartlite_g.o ABSOLUTE
    project_1.sdk\standalone_bsp_0\CORTEXM1_AXI_1\libsrc\uartlite_v3_2\src\xuartlite_intr.c 0x00000000   Number         0  xuartlite_intr.o ABSOLUTE
    project_1.sdk\standalone_bsp_0\CORTEXM1_AXI_1\libsrc\uartlite_v3_2\src\xuartlite_l.c 0x00000000   Number         0  xuartlite_l.o ABSOLUTE
    project_1.sdk\standalone_bsp_0\CORTEXM1_AXI_1\libsrc\uartlite_v3_2\src\xuartlite_selftest.c 0x00000000   Number         0  xuartlite_selftest.o ABSOLUTE
    project_1.sdk\standalone_bsp_0\CORTEXM1_AXI_1\libsrc\uartlite_v3_2\src\xuartlite_sinit.c 0x00000000   Number         0  xuartlite_sinit.o ABSOLUTE
    project_1.sdk\standalone_bsp_0\CORTEXM1_AXI_1\libsrc\uartlite_v3_2\src\xuartlite_stats.c 0x00000000   Number         0  xuartlite_stats.o ABSOLUTE
    !!!main                                  0x000000c0   Section        8  __main.o(!!!main)
    !!!scatter                               0x000000c8   Section       60  __scatter.o(!!!scatter)
    !!handler_copy                           0x00000104   Section       26  __scatter_copy.o(!!handler_copy)
    !!handler_zi                             0x00000120   Section       28  __scatter_zi.o(!!handler_zi)
    .ARM.Collect$$libinit$$00000000          0x0000013c   Section        2  libinit.o(.ARM.Collect$$libinit$$00000000)
    .ARM.Collect$$libinit$$00000002          0x0000013e   Section        0  libinit2.o(.ARM.Collect$$libinit$$00000002)
    .ARM.Collect$$libinit$$00000004          0x0000013e   Section        0  libinit2.o(.ARM.Collect$$libinit$$00000004)
    .ARM.Collect$$libinit$$0000000A          0x0000013e   Section        0  libinit2.o(.ARM.Collect$$libinit$$0000000A)
    .ARM.Collect$$libinit$$0000000C          0x0000013e   Section        0  libinit2.o(.ARM.Collect$$libinit$$0000000C)
    .ARM.Collect$$libinit$$0000000E          0x0000013e   Section        0  libinit2.o(.ARM.Collect$$libinit$$0000000E)
    .ARM.Collect$$libinit$$00000011          0x0000013e   Section        0  libinit2.o(.ARM.Collect$$libinit$$00000011)
    .ARM.Collect$$libinit$$00000013          0x0000013e   Section        0  libinit2.o(.ARM.Collect$$libinit$$00000013)
    .ARM.Collect$$libinit$$00000015          0x0000013e   Section        0  libinit2.o(.ARM.Collect$$libinit$$00000015)
    .ARM.Collect$$libinit$$00000017          0x0000013e   Section        0  libinit2.o(.ARM.Collect$$libinit$$00000017)
    .ARM.Collect$$libinit$$00000019          0x0000013e   Section        0  libinit2.o(.ARM.Collect$$libinit$$00000019)
    .ARM.Collect$$libinit$$0000001B          0x0000013e   Section        0  libinit2.o(.ARM.Collect$$libinit$$0000001B)
    .ARM.Collect$$libinit$$0000001D          0x0000013e   Section        0  libinit2.o(.ARM.Collect$$libinit$$0000001D)
    .ARM.Collect$$libinit$$0000001F          0x0000013e   Section        0  libinit2.o(.ARM.Collect$$libinit$$0000001F)
    .ARM.Collect$$libinit$$00000021          0x0000013e   Section        0  libinit2.o(.ARM.Collect$$libinit$$00000021)
    .ARM.Collect$$libinit$$00000023          0x0000013e   Section        0  libinit2.o(.ARM.Collect$$libinit$$00000023)
    .ARM.Collect$$libinit$$00000025          0x0000013e   Section        0  libinit2.o(.ARM.Collect$$libinit$$00000025)
    .ARM.Collect$$libinit$$0000002C          0x0000013e   Section        0  libinit2.o(.ARM.Collect$$libinit$$0000002C)
    .ARM.Collect$$libinit$$0000002E          0x0000013e   Section        0  libinit2.o(.ARM.Collect$$libinit$$0000002E)
    .ARM.Collect$$libinit$$00000030          0x0000013e   Section        0  libinit2.o(.ARM.Collect$$libinit$$00000030)
    .ARM.Collect$$libinit$$00000032          0x0000013e   Section        0  libinit2.o(.ARM.Collect$$libinit$$00000032)
    .ARM.Collect$$libinit$$00000033          0x0000013e   Section        2  libinit2.o(.ARM.Collect$$libinit$$00000033)
    .ARM.Collect$$libshutdown$$00000000      0x00000140   Section        2  libshutdown.o(.ARM.Collect$$libshutdown$$00000000)
    .ARM.Collect$$libshutdown$$00000002      0x00000142   Section        0  libshutdown2.o(.ARM.Collect$$libshutdown$$00000002)
    .ARM.Collect$$libshutdown$$00000004      0x00000142   Section        0  libshutdown2.o(.ARM.Collect$$libshutdown$$00000004)
    .ARM.Collect$$libshutdown$$00000007      0x00000142   Section        0  libshutdown2.o(.ARM.Collect$$libshutdown$$00000007)
    .ARM.Collect$$libshutdown$$0000000A      0x00000142   Section        0  libshutdown2.o(.ARM.Collect$$libshutdown$$0000000A)
    .ARM.Collect$$libshutdown$$0000000C      0x00000142   Section        0  libshutdown2.o(.ARM.Collect$$libshutdown$$0000000C)
    .ARM.Collect$$libshutdown$$0000000F      0x00000142   Section        0  libshutdown2.o(.ARM.Collect$$libshutdown$$0000000F)
    .ARM.Collect$$libshutdown$$00000010      0x00000142   Section        2  libshutdown2.o(.ARM.Collect$$libshutdown$$00000010)
    .ARM.Collect$$rtentry$$00000000          0x00000144   Section        0  __rtentry.o(.ARM.Collect$$rtentry$$00000000)
    .ARM.Collect$$rtentry$$00000002          0x00000144   Section        0  __rtentry2.o(.ARM.Collect$$rtentry$$00000002)
    .ARM.Collect$$rtentry$$00000005          0x00000144   Section        4  __rtentry5.o(.ARM.Collect$$rtentry$$00000005)
    .ARM.Collect$$rtentry$$00000009          0x00000148   Section        0  __rtentry2.o(.ARM.Collect$$rtentry$$00000009)
    .ARM.Collect$$rtentry$$0000000A          0x00000148   Section        4  __rtentry2.o(.ARM.Collect$$rtentry$$0000000A)
    .ARM.Collect$$rtentry$$0000000C          0x0000014c   Section        0  __rtentry2.o(.ARM.Collect$$rtentry$$0000000C)
    .ARM.Collect$$rtentry$$0000000D          0x0000014c   Section        8  __rtentry2.o(.ARM.Collect$$rtentry$$0000000D)
    .ARM.Collect$$rtentry$$00002716          0x00000154   Section        4  __rtentry5.o(.ARM.Collect$$rtentry$$00002716)
    __lit__00000000                          0x00000154   Data           4  __rtentry5.o(.ARM.Collect$$rtentry$$00002716)
    .ARM.Collect$$rtexit$$00000000           0x00000158   Section        2  rtexit.o(.ARM.Collect$$rtexit$$00000000)
    .ARM.Collect$$rtexit$$00000002           0x0000015a   Section        0  rtexit2.o(.ARM.Collect$$rtexit$$00000002)
    .ARM.Collect$$rtexit$$00000003           0x0000015a   Section        4  rtexit2.o(.ARM.Collect$$rtexit$$00000003)
    .ARM.Collect$$rtexit$$00000004           0x0000015e   Section        6  rtexit2.o(.ARM.Collect$$rtexit$$00000004)
    .text                                    0x00000164   Section       48  startup_armcm1.o(.text)
    .text                                    0x00000194   Section        0  exit.o(.text)
    .text                                    0x000001a4   Section        0  sys_exit.o(.text)
    .text                                    0x000001b0   Section        2  use_no_semi.o(.text)
    .text                                    0x000001b2   Section        0  indicate_semi.o(.text)
    i.SystemInit                             0x000001b4   Section        0  system_armcm1.o(i.SystemInit)
    i.XUartLite_SendByte                     0x000001c4   Section        0  xuartlite_l.o(i.XUartLite_SendByte)
    i.main                                   0x000001dc   Section        0  main.o(i.main)
    i.outbyte                                0x000001f0   Section        0  outbyte.o(i.outbyte)
    i.print                                  0x00000204   Section        0  print.o(i.print)
    .data                                    0x20000000   Section        4  system_armcm1.o(.data)
    STACK                                    0x20000008   Section     1024  startup_armcm1.o(STACK)

    Global Symbols

    Symbol Name                              Value     Ov Type        Size  Object(Section)

    BuildAttributes$$THM_ISAv3M$S$PE$A:L22$X:L11$S22$IEEE1$IW$USESV6$~STKCKD$USESV7$~SHL$OSPACE$ROPI$EBA8$UX$STANDARDLIB$REQ8$PRES8$EABIv2 0x00000000   Number         0  anon$$obj.o ABSOLUTE
    __ARM_use_no_argv                        0x00000000   Number         0  main.o ABSOLUTE
    __Vectors                                0x00000000   Data           4  startup_armcm1.o(RESET)
    Image$$ZI$$Limit                          - Undefined Weak Reference
    __ARM_exceptions_init                     - Undefined Weak Reference
    __alloca_initialize                       - Undefined Weak Reference
    __arm_preinit_                            - Undefined Weak Reference
    __cpp_initialize__aeabi_                  - Undefined Weak Reference
    __cxa_finalize                            - Undefined Weak Reference
    __sigvec_lookup                           - Undefined Weak Reference
    _atexit_init                              - Undefined Weak Reference
    _call_atexit_fns                          - Undefined Weak Reference
    _clock_init                               - Undefined Weak Reference
    _fp_trap_init                             - Undefined Weak Reference
    _fp_trap_shutdown                         - Undefined Weak Reference
    _get_lc_collate                           - Undefined Weak Reference
    _get_lc_monetary                          - Undefined Weak Reference
    _get_lc_numeric                           - Undefined Weak Reference
    _get_lc_time                              - Undefined Weak Reference
    _getenv_init                              - Undefined Weak Reference
    _handle_redirection                       - Undefined Weak Reference
    _init_alloc                               - Undefined Weak Reference
    _init_user_alloc                          - Undefined Weak Reference
    _initio                                   - Undefined Weak Reference
    _rand_init                                - Undefined Weak Reference
    _signal_finish                            - Undefined Weak Reference
    _signal_init                              - Undefined Weak Reference
    _terminate_alloc                          - Undefined Weak Reference
    _terminate_user_alloc                     - Undefined Weak Reference
    _terminateio                              - Undefined Weak Reference
    __Vectors_End                            0x000000c0   Data           0  startup_armcm1.o(RESET)
    __Vectors_Size                           0x000000c0   Number         0  startup_armcm1.o ABSOLUTE
    __main                                   0x000000c1   Thumb Code     8  __main.o(!!!main)
    __scatterload                            0x000000c9   Thumb Code     0  __scatter.o(!!!scatter)
    __scatterload_rt2                        0x000000c9   Thumb Code    52  __scatter.o(!!!scatter)
    __scatterload_rt2_thumb_only             0x000000c9   Thumb Code     0  __scatter.o(!!!scatter)
    __scatterload_null                       0x000000d9   Thumb Code     0  __scatter.o(!!!scatter)
    __scatterload_copy                       0x00000105   Thumb Code    26  __scatter_copy.o(!!handler_copy)
    __scatterload_zeroinit                   0x00000121   Thumb Code    28  __scatter_zi.o(!!handler_zi)
    __rt_lib_init                            0x0000013d   Thumb Code     0  libinit.o(.ARM.Collect$$libinit$$00000000)
    __rt_lib_init_alloca_1                   0x0000013f   Thumb Code     0  libinit2.o(.ARM.Collect$$libinit$$0000002E)
    __rt_lib_init_argv_1                     0x0000013f   Thumb Code     0  libinit2.o(.ARM.Collect$$libinit$$0000002C)
    __rt_lib_init_atexit_1                   0x0000013f   Thumb Code     0  libinit2.o(.ARM.Collect$$libinit$$0000001B)
    __rt_lib_init_clock_1                    0x0000013f   Thumb Code     0  libinit2.o(.ARM.Collect$$libinit$$00000021)
    __rt_lib_init_cpp_1                      0x0000013f   Thumb Code     0  libinit2.o(.ARM.Collect$$libinit$$00000032)
    __rt_lib_init_exceptions_1               0x0000013f   Thumb Code     0  libinit2.o(.ARM.Collect$$libinit$$00000030)
    __rt_lib_init_fp_1                       0x0000013f   Thumb Code     0  libinit2.o(.ARM.Collect$$libinit$$00000002)
    __rt_lib_init_fp_trap_1                  0x0000013f   Thumb Code     0  libinit2.o(.ARM.Collect$$libinit$$0000001F)
    __rt_lib_init_getenv_1                   0x0000013f   Thumb Code     0  libinit2.o(.ARM.Collect$$libinit$$00000023)
    __rt_lib_init_heap_1                     0x0000013f   Thumb Code     0  libinit2.o(.ARM.Collect$$libinit$$0000000A)
    __rt_lib_init_lc_collate_1               0x0000013f   Thumb Code     0  libinit2.o(.ARM.Collect$$libinit$$00000011)
    __rt_lib_init_lc_ctype_1                 0x0000013f   Thumb Code     0  libinit2.o(.ARM.Collect$$libinit$$00000013)
    __rt_lib_init_lc_monetary_1              0x0000013f   Thumb Code     0  libinit2.o(.ARM.Collect$$libinit$$00000015)
    __rt_lib_init_lc_numeric_1               0x0000013f   Thumb Code     0  libinit2.o(.ARM.Collect$$libinit$$00000017)
    __rt_lib_init_lc_time_1                  0x0000013f   Thumb Code     0  libinit2.o(.ARM.Collect$$libinit$$00000019)
    __rt_lib_init_preinit_1                  0x0000013f   Thumb Code     0  libinit2.o(.ARM.Collect$$libinit$$00000004)
    __rt_lib_init_rand_1                     0x0000013f   Thumb Code     0  libinit2.o(.ARM.Collect$$libinit$$0000000E)
    __rt_lib_init_return                     0x0000013f   Thumb Code     0  libinit2.o(.ARM.Collect$$libinit$$00000033)
    __rt_lib_init_signal_1                   0x0000013f   Thumb Code     0  libinit2.o(.ARM.Collect$$libinit$$0000001D)
    __rt_lib_init_stdio_1                    0x0000013f   Thumb Code     0  libinit2.o(.ARM.Collect$$libinit$$00000025)
    __rt_lib_init_user_alloc_1               0x0000013f   Thumb Code     0  libinit2.o(.ARM.Collect$$libinit$$0000000C)
    __rt_lib_shutdown                        0x00000141   Thumb Code     0  libshutdown.o(.ARM.Collect$$libshutdown$$00000000)
    __rt_lib_shutdown_cpp_1                  0x00000143   Thumb Code     0  libshutdown2.o(.ARM.Collect$$libshutdown$$00000002)
    __rt_lib_shutdown_fp_trap_1              0x00000143   Thumb Code     0  libshutdown2.o(.ARM.Collect$$libshutdown$$00000007)
    __rt_lib_shutdown_heap_1                 0x00000143   Thumb Code     0  libshutdown2.o(.ARM.Collect$$libshutdown$$0000000F)
    __rt_lib_shutdown_return                 0x00000143   Thumb Code     0  libshutdown2.o(.ARM.Collect$$libshutdown$$00000010)
    __rt_lib_shutdown_signal_1               0x00000143   Thumb Code     0  libshutdown2.o(.ARM.Collect$$libshutdown$$0000000A)
    __rt_lib_shutdown_stdio_1                0x00000143   Thumb Code     0  libshutdown2.o(.ARM.Collect$$libshutdown$$00000004)
    __rt_lib_shutdown_user_alloc_1           0x00000143   Thumb Code     0  libshutdown2.o(.ARM.Collect$$libshutdown$$0000000C)
    __rt_entry                               0x00000145   Thumb Code     0  __rtentry.o(.ARM.Collect$$rtentry$$00000000)
    __rt_entry_presh_1                       0x00000145   Thumb Code     0  __rtentry2.o(.ARM.Collect$$rtentry$$00000002)
    __rt_entry_sh                            0x00000145   Thumb Code     0  __rtentry5.o(.ARM.Collect$$rtentry$$00000005)
    __rt_entry_li                            0x00000149   Thumb Code     0  __rtentry2.o(.ARM.Collect$$rtentry$$0000000A)
    __rt_entry_postsh_1                      0x00000149   Thumb Code     0  __rtentry2.o(.ARM.Collect$$rtentry$$00000009)
    __rt_entry_main                          0x0000014d   Thumb Code     0  __rtentry2.o(.ARM.Collect$$rtentry$$0000000D)
    __rt_entry_postli_1                      0x0000014d   Thumb Code     0  __rtentry2.o(.ARM.Collect$$rtentry$$0000000C)
    __rt_exit                                0x00000159   Thumb Code     0  rtexit.o(.ARM.Collect$$rtexit$$00000000)
    __rt_exit_ls                             0x0000015b   Thumb Code     0  rtexit2.o(.ARM.Collect$$rtexit$$00000003)
    __rt_exit_prels_1                        0x0000015b   Thumb Code     0  rtexit2.o(.ARM.Collect$$rtexit$$00000002)
    __rt_exit_exit                           0x0000015f   Thumb Code     0  rtexit2.o(.ARM.Collect$$rtexit$$00000004)
    Reset_Handler                            0x00000165   Thumb Code     8  startup_armcm1.o(.text)
    NMI_Handler                              0x0000016d   Thumb Code     2  startup_armcm1.o(.text)
    HardFault_Handler                        0x0000016f   Thumb Code     2  startup_armcm1.o(.text)
    SVC_Handler                              0x00000171   Thumb Code     2  startup_armcm1.o(.text)
    PendSV_Handler                           0x00000173   Thumb Code     2  startup_armcm1.o(.text)
    SysTick_Handler                          0x00000175   Thumb Code     2  startup_armcm1.o(.text)
    Interrupt0_Handler                       0x00000177   Thumb Code     2  startup_armcm1.o(.text)
    Interrupt1_Handler                       0x00000179   Thumb Code     2  startup_armcm1.o(.text)
    Interrupt2_Handler                       0x0000017b   Thumb Code     2  startup_armcm1.o(.text)
    Interrupt3_Handler                       0x0000017d   Thumb Code     2  startup_armcm1.o(.text)
    Interrupt4_Handler                       0x0000017f   Thumb Code     2  startup_armcm1.o(.text)
    Interrupt5_Handler                       0x00000181   Thumb Code     2  startup_armcm1.o(.text)
    Interrupt6_Handler                       0x00000183   Thumb Code     2  startup_armcm1.o(.text)
    Interrupt7_Handler                       0x00000185   Thumb Code     2  startup_armcm1.o(.text)
    Interrupt8_Handler                       0x00000187   Thumb Code     2  startup_armcm1.o(.text)
    Interrupt9_Handler                       0x00000189   Thumb Code     2  startup_armcm1.o(.text)
    exit                                     0x00000195   Thumb Code    16  exit.o(.text)
    _sys_exit                                0x000001a5   Thumb Code     8  sys_exit.o(.text)
    __I$use$semihosting                      0x000001b1   Thumb Code     0  use_no_semi.o(.text)
    __use_no_semihosting_swi                 0x000001b1   Thumb Code     2  use_no_semi.o(.text)
    __semihosting_library_function           0x000001b3   Thumb Code     0  indicate_semi.o(.text)
    SystemInit                               0x000001b5   Thumb Code     8  system_armcm1.o(i.SystemInit)
    XUartLite_SendByte                       0x000001c5   Thumb Code    24  xuartlite_l.o(i.XUartLite_SendByte)
    main                                     0x000001dd   Thumb Code    12  main.o(i.main)
    outbyte                                  0x000001f1   Thumb Code    14  outbyte.o(i.outbyte)
    print                                    0x00000205   Thumb Code    22  print.o(i.print)
    Region$$Table$$Base                      0x0000021c   Number         0  anon$$obj.o(Region$$Table)
    Region$$Table$$Limit                     0x0000023c   Number         0  anon$$obj.o(Region$$Table)
    SystemCoreClock                          0x20000000   Data           4  system_armcm1.o(.data)
    __stack_limit                            0x20000008   Data           0  startup_armcm1.o(STACK)
    __initial_sp                             0x20000408   Data           0  startup_armcm1.o(STACK)



==============================================================================

Memory Map of the image

  Image Entry point : 0x00000165

  Load Region LR_IROM1 (Base: 0x00000000, Size: 0x00000240, Max: 0x00040000, ABSOLUTE)

    Execution Region ER_IROM1 (Exec base: 0x00000000, Load base: 0x00000000, Size: 0x0000023c, Max: 0x00040000, ABSOLUTE)

    Exec Addr    Load Addr    Size         Type   Attr      Idx    E Section Name        Object

    0x00000000   0x00000000   0x000000c0   Data   RO          814    RESET               startup_armcm1.o
    0x000000c0   0x000000c0   0x00000008   Code   RO          883  * !!!main             c_p.l(__main.o)
    0x000000c8   0x000000c8   0x0000003c   Code   RO         1083    !!!scatter          c_p.l(__scatter.o)
    0x00000104   0x00000104   0x0000001a   Code   RO         1085    !!handler_copy      c_p.l(__scatter_copy.o)
    0x0000011e   0x0000011e   0x00000002   PAD
    0x00000120   0x00000120   0x0000001c   Code   RO         1087    !!handler_zi        c_p.l(__scatter_zi.o)
    0x0000013c   0x0000013c   0x00000002   Code   RO          996    .ARM.Collect$$libinit$$00000000  c_p.l(libinit.o)
    0x0000013e   0x0000013e   0x00000000   Code   RO          936    .ARM.Collect$$libinit$$00000002  c_p.l(libinit2.o)
    0x0000013e   0x0000013e   0x00000000   Code   RO          938    .ARM.Collect$$libinit$$00000004  c_p.l(libinit2.o)
    0x0000013e   0x0000013e   0x00000000   Code   RO          941    .ARM.Collect$$libinit$$0000000A  c_p.l(libinit2.o)
    0x0000013e   0x0000013e   0x00000000   Code   RO          943    .ARM.Collect$$libinit$$0000000C  c_p.l(libinit2.o)
    0x0000013e   0x0000013e   0x00000000   Code   RO          945    .ARM.Collect$$libinit$$0000000E  c_p.l(libinit2.o)
    0x0000013e   0x0000013e   0x00000000   Code   RO          948    .ARM.Collect$$libinit$$00000011  c_p.l(libinit2.o)
    0x0000013e   0x0000013e   0x00000000   Code   RO          950    .ARM.Collect$$libinit$$00000013  c_p.l(libinit2.o)
    0x0000013e   0x0000013e   0x00000000   Code   RO          952    .ARM.Collect$$libinit$$00000015  c_p.l(libinit2.o)
    0x0000013e   0x0000013e   0x00000000   Code   RO          954    .ARM.Collect$$libinit$$00000017  c_p.l(libinit2.o)
    0x0000013e   0x0000013e   0x00000000   Code   RO          956    .ARM.Collect$$libinit$$00000019  c_p.l(libinit2.o)
    0x0000013e   0x0000013e   0x00000000   Code   RO          958    .ARM.Collect$$libinit$$0000001B  c_p.l(libinit2.o)
    0x0000013e   0x0000013e   0x00000000   Code   RO          960    .ARM.Collect$$libinit$$0000001D  c_p.l(libinit2.o)
    0x0000013e   0x0000013e   0x00000000   Code   RO          962    .ARM.Collect$$libinit$$0000001F  c_p.l(libinit2.o)
    0x0000013e   0x0000013e   0x00000000   Code   RO          964    .ARM.Collect$$libinit$$00000021  c_p.l(libinit2.o)
    0x0000013e   0x0000013e   0x00000000   Code   RO          966    .ARM.Collect$$libinit$$00000023  c_p.l(libinit2.o)
    0x0000013e   0x0000013e   0x00000000   Code   RO          968    .ARM.Collect$$libinit$$00000025  c_p.l(libinit2.o)
    0x0000013e   0x0000013e   0x00000000   Code   RO          972    .ARM.Collect$$libinit$$0000002C  c_p.l(libinit2.o)
    0x0000013e   0x0000013e   0x00000000   Code   RO          974    .ARM.Collect$$libinit$$0000002E  c_p.l(libinit2.o)
    0x0000013e   0x0000013e   0x00000000   Code   RO          976    .ARM.Collect$$libinit$$00000030  c_p.l(libinit2.o)
    0x0000013e   0x0000013e   0x00000000   Code   RO          978    .ARM.Collect$$libinit$$00000032  c_p.l(libinit2.o)
    0x0000013e   0x0000013e   0x00000002   Code   RO          979    .ARM.Collect$$libinit$$00000033  c_p.l(libinit2.o)
    0x00000140   0x00000140   0x00000002   Code   RO         1050    .ARM.Collect$$libshutdown$$00000000  c_p.l(libshutdown.o)
    0x00000142   0x00000142   0x00000000   Code   RO         1066    .ARM.Collect$$libshutdown$$00000002  c_p.l(libshutdown2.o)
    0x00000142   0x00000142   0x00000000   Code   RO         1068    .ARM.Collect$$libshutdown$$00000004  c_p.l(libshutdown2.o)
    0x00000142   0x00000142   0x00000000   Code   RO         1071    .ARM.Collect$$libshutdown$$00000007  c_p.l(libshutdown2.o)
    0x00000142   0x00000142   0x00000000   Code   RO         1074    .ARM.Collect$$libshutdown$$0000000A  c_p.l(libshutdown2.o)
    0x00000142   0x00000142   0x00000000   Code   RO         1076    .ARM.Collect$$libshutdown$$0000000C  c_p.l(libshutdown2.o)
    0x00000142   0x00000142   0x00000000   Code   RO         1079    .ARM.Collect$$libshutdown$$0000000F  c_p.l(libshutdown2.o)
    0x00000142   0x00000142   0x00000002   Code   RO         1080    .ARM.Collect$$libshutdown$$00000010  c_p.l(libshutdown2.o)
    0x00000144   0x00000144   0x00000000   Code   RO          894    .ARM.Collect$$rtentry$$00000000  c_p.l(__rtentry.o)
    0x00000144   0x00000144   0x00000000   Code   RO          912    .ARM.Collect$$rtentry$$00000002  c_p.l(__rtentry2.o)
    0x00000144   0x00000144   0x00000004   Code   RO          926    .ARM.Collect$$rtentry$$00000005  c_p.l(__rtentry5.o)
    0x00000148   0x00000148   0x00000000   Code   RO          914    .ARM.Collect$$rtentry$$00000009  c_p.l(__rtentry2.o)
    0x00000148   0x00000148   0x00000004   Code   RO          915    .ARM.Collect$$rtentry$$0000000A  c_p.l(__rtentry2.o)
    0x0000014c   0x0000014c   0x00000000   Code   RO          917    .ARM.Collect$$rtentry$$0000000C  c_p.l(__rtentry2.o)
    0x0000014c   0x0000014c   0x00000008   Code   RO          918    .ARM.Collect$$rtentry$$0000000D  c_p.l(__rtentry2.o)
    0x00000154   0x00000154   0x00000004   Code   RO          927    .ARM.Collect$$rtentry$$00002716  c_p.l(__rtentry5.o)
    0x00000158   0x00000158   0x00000002   Code   RO         1002    .ARM.Collect$$rtexit$$00000000  c_p.l(rtexit.o)
    0x0000015a   0x0000015a   0x00000000   Code   RO         1026    .ARM.Collect$$rtexit$$00000002  c_p.l(rtexit2.o)
    0x0000015a   0x0000015a   0x00000004   Code   RO         1027    .ARM.Collect$$rtexit$$00000003  c_p.l(rtexit2.o)
    0x0000015e   0x0000015e   0x00000006   Code   RO         1028    .ARM.Collect$$rtexit$$00000004  c_p.l(rtexit2.o)
    0x00000164   0x00000164   0x00000030   Code   RO          815  * .text               startup_armcm1.o
    0x00000194   0x00000194   0x00000010   Code   RO          983    .text               c_p.l(exit.o)
    0x000001a4   0x000001a4   0x0000000c   Code   RO         1020    .text               c_p.l(sys_exit.o)
    0x000001b0   0x000001b0   0x00000002   Code   RO         1022    .text               c_p.l(use_no_semi.o)
    0x000001b2   0x000001b2   0x00000000   Code   RO         1024    .text               c_p.l(indicate_semi.o)
    0x000001b2   0x000001b2   0x00000002   PAD
    0x000001b4   0x000001b4   0x00000010   Code   RO          823    i.SystemInit        system_armcm1.o
    0x000001c4   0x000001c4   0x00000018   Code   RO          219    i.XUartLite_SendByte  xuartlite_l.o
    0x000001dc   0x000001dc   0x00000014   Code   RO            1    i.main              main.o
    0x000001f0   0x000001f0   0x00000014   Code   RO          296    i.outbyte           outbyte.o
    0x00000204   0x00000204   0x00000016   Code   RO          311    i.print             print.o
    0x0000021a   0x0000021a   0x00000002   PAD
    0x0000021c   0x0000021c   0x00000020   Data   RO         1081    Region$$Table       anon$$obj.o


    Execution Region RW_IRAM1 (Exec base: 0x20000000, Load base: 0x0000023c, Size: 0x00000408, Max: 0x00020000, ABSOLUTE)

    Exec Addr    Load Addr    Size         Type   Attr      Idx    E Section Name        Object

    0x20000000   0x0000023c   0x00000004   Data   RW          824    .data               system_armcm1.o
    0x20000004   0x00000240   0x00000004   PAD
    0x20000008        -       0x00000400   Zero   RW          812    STACK               startup_armcm1.o


==============================================================================

Image component sizes


      Code (inc. data)   RO Data    RW Data    ZI Data      Debug   Object Name

        20          8          0          0          0       5543   main.o
        20          6          0          0          0        594   outbyte.o
        22          0          0          0          0       2840   print.o
        48         10        192          0       1024       1036   startup_armcm1.o
        16          8          0          4          0        667   system_armcm1.o
         0          0          0          0          0       3012   xuartlite.o
        24          0          0          0          0        853   xuartlite_l.o

    ----------------------------------------------------------------------
       152         32        224          4       1028      14545   Object Totals
         0          0         32          0          0          0   (incl. Generated)
         2          0          0          0          4          0   (incl. Padding)

    ----------------------------------------------------------------------

      Code (inc. data)   RO Data    RW Data    ZI Data      Debug   Library Member Name

         8          0          0          0          0         68   __main.o
         0          0          0          0          0          0   __rtentry.o
        12          0          0          0          0          0   __rtentry2.o
         8          4          0          0          0          0   __rtentry5.o
        60          8          0          0          0          0   __scatter.o
        26          0          0          0          0          0   __scatter_copy.o
        28          0          0          0          0          0   __scatter_zi.o
        16          0          0          0          0         68   exit.o
         0          0          0          0          0          0   indicate_semi.o
         2          0          0          0          0          0   libinit.o
         2          0          0          0          0          0   libinit2.o
         2          0          0          0          0          0   libshutdown.o
         2          0          0          0          0          0   libshutdown2.o
         2          0          0          0          0          0   rtexit.o
        10          0          0          0          0          0   rtexit2.o
        12          4          0          0          0         60   sys_exit.o
         2          0          0          0          0         68   use_no_semi.o

    ----------------------------------------------------------------------
       196         16          0          0          0        264   Library Totals
         4          0          0          0          0          0   (incl. Padding)

    ----------------------------------------------------------------------

      Code (inc. data)   RO Data    RW Data    ZI Data      Debug   Library Name

       192         16          0          0          0        264   c_p.l

    ----------------------------------------------------------------------
       196         16          0          0          0        264   Library Totals

    ----------------------------------------------------------------------

==============================================================================


      Code (inc. data)   RO Data    RW Data    ZI Data      Debug   

       348         48        224          4       1028      14689   Grand Totals
       348         48        224          4       1028      14689   ELF Image Totals
       348         48        224          4          0          0   ROM Totals

==============================================================================

    Total RO  Size (Code + RO Data)                  572 (   0.56kB)
    Total RW  Size (RW Data + ZI Data)              1032 (   1.01kB)
    Total ROM Size (Code + RO Data + RW Data)        576 (   0.56kB)

==============================================================================

