Archive member included to satisfy reference by file (symbol)

t:/gnu/9 2019-q4-major/bin/../lib/gcc/arm-none-eabi/9.2.1/thumb/v6-m/nofp\libgcc.a(_udivsi3.o)
                              ./src/standalone_v7_0/src/xil_printf.o (__aeabi_uidiv)
t:/gnu/9 2019-q4-major/bin/../lib/gcc/arm-none-eabi/9.2.1/thumb/v6-m/nofp\libgcc.a(_dvmd_tls.o)
                              t:/gnu/9 2019-q4-major/bin/../lib/gcc/arm-none-eabi/9.2.1/thumb/v6-m/nofp\libgcc.a(_udivsi3.o) (__aeabi_idiv0)
t:/gnu/9 2019-q4-major/bin/../lib/gcc/arm-none-eabi/9.2.1/../../../../arm-none-eabi/lib/thumb/v6-m/nofp\libc.a(lib_a-ctype_.o)
                              ./src/standalone_v7_0/src/xil_printf.o (_ctype_)
t:/gnu/9 2019-q4-major/bin/../lib/gcc/arm-none-eabi/9.2.1/../../../../arm-none-eabi/lib/thumb/v6-m/nofp\libc.a(lib_a-strlen-stub.o)
                              ./src/standalone_v7_0/src/xil_printf.o (strlen)

Allocating common symbols
Common symbol       size              file

WriteBuffer         0x11              ./src/apps/spi.o
ReadBuffer          0x11              ./src/apps/spi.o
Xil_AssertStatus    0x4               ./src/standalone_v7_0/src/xil_assert.o

Discarded input sections

 .text          0x00000000        0x0 ./src/uartlite_v3_2/src/xuartlite.o
 .data          0x00000000        0x0 ./src/uartlite_v3_2/src/xuartlite.o
 .bss           0x00000000        0x0 ./src/uartlite_v3_2/src/xuartlite.o
 .text.Xil_In32
                0x00000000       0x14 ./src/uartlite_v3_2/src/xuartlite.o
 .text.Xil_Out32
                0x00000000       0x1c ./src/uartlite_v3_2/src/xuartlite.o
 .rodata        0x00000000       0x25 ./src/uartlite_v3_2/src/xuartlite.o
 .text.XUartLite_CfgInitialize
                0x00000000       0x98 ./src/uartlite_v3_2/src/xuartlite.o
 .text.XUartLite_Send
                0x00000000      0x100 ./src/uartlite_v3_2/src/xuartlite.o
 .text.XUartLite_Recv
                0x00000000      0x114 ./src/uartlite_v3_2/src/xuartlite.o
 .text.XUartLite_ResetFifos
                0x00000000       0x98 ./src/uartlite_v3_2/src/xuartlite.o
 .text.XUartLite_IsSending
                0x00000000       0x5c ./src/uartlite_v3_2/src/xuartlite.o
 .text.StubHandler
                0x00000000       0x30 ./src/uartlite_v3_2/src/xuartlite.o
 .text.XUartLite_SendBuffer
                0x00000000       0xe2 ./src/uartlite_v3_2/src/xuartlite.o
 .text.XUartLite_ReceiveBuffer
                0x00000000      0x106 ./src/uartlite_v3_2/src/xuartlite.o
 .comment       0x00000000       0x7a ./src/uartlite_v3_2/src/xuartlite.o
 .ARM.attributes
                0x00000000       0x2c ./src/uartlite_v3_2/src/xuartlite.o
 .text          0x00000000        0x0 ./src/uartlite_v3_2/src/xuartlite_g.o
 .data          0x00000000        0x0 ./src/uartlite_v3_2/src/xuartlite_g.o
 .bss           0x00000000        0x0 ./src/uartlite_v3_2/src/xuartlite_g.o
 .data.XUartLite_ConfigTable
                0x00000000       0x10 ./src/uartlite_v3_2/src/xuartlite_g.o
 .comment       0x00000000       0x7a ./src/uartlite_v3_2/src/xuartlite_g.o
 .ARM.attributes
                0x00000000       0x31 ./src/uartlite_v3_2/src/xuartlite_g.o
 .text          0x00000000        0x0 ./src/uartlite_v3_2/src/xuartlite_intr.o
 .data          0x00000000        0x0 ./src/uartlite_v3_2/src/xuartlite_intr.o
 .bss           0x00000000        0x0 ./src/uartlite_v3_2/src/xuartlite_intr.o
 .text.Xil_In32
                0x00000000       0x14 ./src/uartlite_v3_2/src/xuartlite_intr.o
 .text.Xil_Out32
                0x00000000       0x1c ./src/uartlite_v3_2/src/xuartlite_intr.o
 .rodata        0x00000000       0x2a ./src/uartlite_v3_2/src/xuartlite_intr.o
 .text.XUartLite_SetRecvHandler
                0x00000000       0x90 ./src/uartlite_v3_2/src/xuartlite_intr.o
 .text.XUartLite_SetSendHandler
                0x00000000       0x90 ./src/uartlite_v3_2/src/xuartlite_intr.o
 .text.XUartLite_InterruptHandler
                0x00000000       0x70 ./src/uartlite_v3_2/src/xuartlite_intr.o
 .text.ReceiveDataHandler
                0x00000000       0x48 ./src/uartlite_v3_2/src/xuartlite_intr.o
 .text.SendDataHandler
                0x00000000       0x46 ./src/uartlite_v3_2/src/xuartlite_intr.o
 .text.XUartLite_DisableInterrupt
                0x00000000       0x78 ./src/uartlite_v3_2/src/xuartlite_intr.o
 .text.XUartLite_EnableInterrupt
                0x00000000       0x78 ./src/uartlite_v3_2/src/xuartlite_intr.o
 .comment       0x00000000       0x7a ./src/uartlite_v3_2/src/xuartlite_intr.o
 .ARM.attributes
                0x00000000       0x2c ./src/uartlite_v3_2/src/xuartlite_intr.o
 .text          0x00000000        0x0 ./src/uartlite_v3_2/src/xuartlite_l.o
 .data          0x00000000        0x0 ./src/uartlite_v3_2/src/xuartlite_l.o
 .bss           0x00000000        0x0 ./src/uartlite_v3_2/src/xuartlite_l.o
 .text.XUartLite_RecvByte
                0x00000000       0x32 ./src/uartlite_v3_2/src/xuartlite_l.o
 .text          0x00000000        0x0 ./src/uartlite_v3_2/src/xuartlite_selftest.o
 .data          0x00000000        0x0 ./src/uartlite_v3_2/src/xuartlite_selftest.o
 .bss           0x00000000        0x0 ./src/uartlite_v3_2/src/xuartlite_selftest.o
 .text.Xil_In32
                0x00000000       0x14 ./src/uartlite_v3_2/src/xuartlite_selftest.o
 .rodata        0x00000000       0x2e ./src/uartlite_v3_2/src/xuartlite_selftest.o
 .text.XUartLite_SelfTest
                0x00000000       0x88 ./src/uartlite_v3_2/src/xuartlite_selftest.o
 .comment       0x00000000       0x7a ./src/uartlite_v3_2/src/xuartlite_selftest.o
 .ARM.attributes
                0x00000000       0x2c ./src/uartlite_v3_2/src/xuartlite_selftest.o
 .text          0x00000000        0x0 ./src/uartlite_v3_2/src/xuartlite_sinit.o
 .data          0x00000000        0x0 ./src/uartlite_v3_2/src/xuartlite_sinit.o
 .bss           0x00000000        0x0 ./src/uartlite_v3_2/src/xuartlite_sinit.o
 .text.XUartLite_LookupConfig
                0x00000000       0x4c ./src/uartlite_v3_2/src/xuartlite_sinit.o
 .rodata        0x00000000       0x2b ./src/uartlite_v3_2/src/xuartlite_sinit.o
 .text.XUartLite_Initialize
                0x00000000       0x68 ./src/uartlite_v3_2/src/xuartlite_sinit.o
 .comment       0x00000000       0x7a ./src/uartlite_v3_2/src/xuartlite_sinit.o
 .ARM.attributes
                0x00000000       0x2c ./src/uartlite_v3_2/src/xuartlite_sinit.o
 .text          0x00000000        0x0 ./src/uartlite_v3_2/src/xuartlite_stats.o
 .data          0x00000000        0x0 ./src/uartlite_v3_2/src/xuartlite_stats.o
 .bss           0x00000000        0x0 ./src/uartlite_v3_2/src/xuartlite_stats.o
 .rodata        0x00000000       0x2b ./src/uartlite_v3_2/src/xuartlite_stats.o
 .text.XUartLite_GetStats
                0x00000000       0xb8 ./src/uartlite_v3_2/src/xuartlite_stats.o
 .text.XUartLite_ClearStats
                0x00000000       0x88 ./src/uartlite_v3_2/src/xuartlite_stats.o
 .comment       0x00000000       0x7a ./src/uartlite_v3_2/src/xuartlite_stats.o
 .ARM.attributes
                0x00000000       0x2c ./src/uartlite_v3_2/src/xuartlite_stats.o
 .text          0x00000000        0x0 ./src/standalone_v7_0/src/outbyte.o
 .data          0x00000000        0x0 ./src/standalone_v7_0/src/outbyte.o
 .bss           0x00000000        0x0 ./src/standalone_v7_0/src/outbyte.o
 .text          0x00000000        0x0 ./src/standalone_v7_0/src/print.o
 .data          0x00000000        0x0 ./src/standalone_v7_0/src/print.o
 .bss           0x00000000        0x0 ./src/standalone_v7_0/src/print.o
 .text          0x00000000        0x0 ./src/standalone_v7_0/src/xil_assert.o
 .data          0x00000000        0x0 ./src/standalone_v7_0/src/xil_assert.o
 .bss           0x00000000        0x0 ./src/standalone_v7_0/src/xil_assert.o
 .data.Xil_AssertWait
                0x00000000        0x4 ./src/standalone_v7_0/src/xil_assert.o
 .bss.Xil_AssertCallbackRoutine
                0x00000000        0x4 ./src/standalone_v7_0/src/xil_assert.o
 .text.Xil_Assert
                0x00000000       0x3c ./src/standalone_v7_0/src/xil_assert.o
 .text.Xil_AssertSetCallback
                0x00000000       0x1c ./src/standalone_v7_0/src/xil_assert.o
 .text.XNullHandler
                0x00000000       0x10 ./src/standalone_v7_0/src/xil_assert.o
 .comment       0x00000000       0x7a ./src/standalone_v7_0/src/xil_assert.o
 .ARM.attributes
                0x00000000       0x2c ./src/standalone_v7_0/src/xil_assert.o
 COMMON         0x00000000        0x4 ./src/standalone_v7_0/src/xil_assert.o
 .text          0x00000000        0x0 ./src/standalone_v7_0/src/xil_printf.o
 .data          0x00000000        0x0 ./src/standalone_v7_0/src/xil_printf.o
 .bss           0x00000000        0x0 ./src/standalone_v7_0/src/xil_printf.o
 .text.padding  0x00000000       0x50 ./src/standalone_v7_0/src/xil_printf.o
 .text.outs     0x00000000       0x80 ./src/standalone_v7_0/src/xil_printf.o
 .rodata        0x00000000       0x11 ./src/standalone_v7_0/src/xil_printf.o
 .text.outnum   0x00000000      0x12c ./src/standalone_v7_0/src/xil_printf.o
 .text.getnum   0x00000000       0xb0 ./src/standalone_v7_0/src/xil_printf.o
 .text.xil_printf
                0x00000000      0x278 ./src/standalone_v7_0/src/xil_printf.o
 .rodata.xil_printf
                0x00000000      0x150 ./src/standalone_v7_0/src/xil_printf.o
 .comment       0x00000000       0x7a ./src/standalone_v7_0/src/xil_printf.o
 .ARM.attributes
                0x00000000       0x2c ./src/standalone_v7_0/src/xil_printf.o
 .text          0x00000000        0x0 ./src/spi_v4_4/src/xspi.o
 .data          0x00000000        0x0 ./src/spi_v4_4/src/xspi.o
 .bss           0x00000000        0x0 ./src/spi_v4_4/src/xspi.o
 .text.Xil_In32
                0x00000000       0x14 ./src/spi_v4_4/src/xspi.o
 .text.Xil_Out32
                0x00000000       0x1c ./src/spi_v4_4/src/xspi.o
 .rodata        0x00000000       0x1b ./src/spi_v4_4/src/xspi.o
 .text.XSpi_CfgInitialize
                0x00000000      0x24c ./src/spi_v4_4/src/xspi.o
 .text.XSpi_Start
                0x00000000       0xe8 ./src/spi_v4_4/src/xspi.o
 .text.XSpi_Stop
                0x00000000       0xb8 ./src/spi_v4_4/src/xspi.o
 .text.XSpi_Reset
                0x00000000       0x8c ./src/spi_v4_4/src/xspi.o
 .text.XSpi_Transfer
                0x00000000      0x4f8 ./src/spi_v4_4/src/xspi.o
 .text.XSpi_SetSlaveSelect
                0x00000000       0xc4 ./src/spi_v4_4/src/xspi.o
 .text.XSpi_GetSlaveSelect
                0x00000000       0x74 ./src/spi_v4_4/src/xspi.o
 .text.XSpi_SetStatusHandler
                0x00000000       0xa0 ./src/spi_v4_4/src/xspi.o
 .text.StubStatusHandler
                0x00000000       0x34 ./src/spi_v4_4/src/xspi.o
 .text.XSpi_InterruptHandler
                0x00000000      0x3d8 ./src/spi_v4_4/src/xspi.o
 .text.XSpi_Abort
                0x00000000       0x82 ./src/spi_v4_4/src/xspi.o
 .comment       0x00000000       0x7a ./src/spi_v4_4/src/xspi.o
 .ARM.attributes
                0x00000000       0x2c ./src/spi_v4_4/src/xspi.o
 .text          0x00000000        0x0 ./src/spi_v4_4/src/xspi_g.o
 .data          0x00000000        0x0 ./src/spi_v4_4/src/xspi_g.o
 .bss           0x00000000        0x0 ./src/spi_v4_4/src/xspi_g.o
 .data.XSpi_ConfigTable
                0x00000000       0x1c ./src/spi_v4_4/src/xspi_g.o
 .comment       0x00000000       0x7a ./src/spi_v4_4/src/xspi_g.o
 .ARM.attributes
                0x00000000       0x31 ./src/spi_v4_4/src/xspi_g.o
 .text          0x00000000        0x0 ./src/spi_v4_4/src/xspi_options.o
 .data          0x00000000        0x0 ./src/spi_v4_4/src/xspi_options.o
 .bss           0x00000000        0x0 ./src/spi_v4_4/src/xspi_options.o
 .text.Xil_In32
                0x00000000       0x14 ./src/spi_v4_4/src/xspi_options.o
 .text.Xil_Out32
                0x00000000       0x1c ./src/spi_v4_4/src/xspi_options.o
 .data.OptionsTable
                0x00000000       0x28 ./src/spi_v4_4/src/xspi_options.o
 .rodata        0x00000000       0x23 ./src/spi_v4_4/src/xspi_options.o
 .text.XSpi_SetOptions
                0x00000000       0xf8 ./src/spi_v4_4/src/xspi_options.o
 .text.XSpi_GetOptions
                0x00000000       0xb0 ./src/spi_v4_4/src/xspi_options.o
 .comment       0x00000000       0x7a ./src/spi_v4_4/src/xspi_options.o
 .ARM.attributes
                0x00000000       0x2c ./src/spi_v4_4/src/xspi_options.o
 .text          0x00000000        0x0 ./src/spi_v4_4/src/xspi_selftest.o
 .data          0x00000000        0x0 ./src/spi_v4_4/src/xspi_selftest.o
 .bss           0x00000000        0x0 ./src/spi_v4_4/src/xspi_selftest.o
 .text.Xil_In32
                0x00000000       0x14 ./src/spi_v4_4/src/xspi_selftest.o
 .text.Xil_Out32
                0x00000000       0x1c ./src/spi_v4_4/src/xspi_selftest.o
 .rodata        0x00000000       0x24 ./src/spi_v4_4/src/xspi_selftest.o
 .text.XSpi_SelfTest
                0x00000000      0x184 ./src/spi_v4_4/src/xspi_selftest.o
 .text.LoopbackTest
                0x00000000      0x23c ./src/spi_v4_4/src/xspi_selftest.o
 .comment       0x00000000       0x7a ./src/spi_v4_4/src/xspi_selftest.o
 .ARM.attributes
                0x00000000       0x2c ./src/spi_v4_4/src/xspi_selftest.o
 .text          0x00000000        0x0 ./src/spi_v4_4/src/xspi_sinit.o
 .data          0x00000000        0x0 ./src/spi_v4_4/src/xspi_sinit.o
 .bss           0x00000000        0x0 ./src/spi_v4_4/src/xspi_sinit.o
 .text.XSpi_LookupConfig
                0x00000000       0x58 ./src/spi_v4_4/src/xspi_sinit.o
 .rodata        0x00000000       0x21 ./src/spi_v4_4/src/xspi_sinit.o
 .text.XSpi_Initialize
                0x00000000       0x68 ./src/spi_v4_4/src/xspi_sinit.o
 .comment       0x00000000       0x7a ./src/spi_v4_4/src/xspi_sinit.o
 .ARM.attributes
                0x00000000       0x2c ./src/spi_v4_4/src/xspi_sinit.o
 .text          0x00000000        0x0 ./src/spi_v4_4/src/xspi_stats.o
 .data          0x00000000        0x0 ./src/spi_v4_4/src/xspi_stats.o
 .bss           0x00000000        0x0 ./src/spi_v4_4/src/xspi_stats.o
 .rodata        0x00000000       0x21 ./src/spi_v4_4/src/xspi_stats.o
 .text.XSpi_GetStats
                0x00000000       0xb0 ./src/spi_v4_4/src/xspi_stats.o
 .text.XSpi_ClearStats
                0x00000000       0x84 ./src/spi_v4_4/src/xspi_stats.o
 .comment       0x00000000       0x7a ./src/spi_v4_4/src/xspi_stats.o
 .ARM.attributes
                0x00000000       0x2c ./src/spi_v4_4/src/xspi_stats.o
 .text          0x00000000        0x0 ./src/gpio_v4_4/src/xgpio.o
 .data          0x00000000        0x0 ./src/gpio_v4_4/src/xgpio.o
 .bss           0x00000000        0x0 ./src/gpio_v4_4/src/xgpio.o
 .text.Xil_In32
                0x00000000       0x14 ./src/gpio_v4_4/src/xgpio.o
 .text.Xil_Out32
                0x00000000       0x1c ./src/gpio_v4_4/src/xgpio.o
 .rodata        0x00000000       0x1d ./src/gpio_v4_4/src/xgpio.o
 .text.XGpio_CfgInitialize
                0x00000000       0x60 ./src/gpio_v4_4/src/xgpio.o
 .text.XGpio_SetDataDirection
                0x00000000       0xa8 ./src/gpio_v4_4/src/xgpio.o
 .text.XGpio_GetDataDirection
                0x00000000       0xac ./src/gpio_v4_4/src/xgpio.o
 .text.XGpio_DiscreteRead
                0x00000000       0xa8 ./src/gpio_v4_4/src/xgpio.o
 .text.XGpio_DiscreteWrite
                0x00000000       0xa8 ./src/gpio_v4_4/src/xgpio.o
 .comment       0x00000000       0x7a ./src/gpio_v4_4/src/xgpio.o
 .ARM.attributes
                0x00000000       0x2c ./src/gpio_v4_4/src/xgpio.o
 .text          0x00000000        0x0 ./src/gpio_v4_4/src/xgpio_extra.o
 .data          0x00000000        0x0 ./src/gpio_v4_4/src/xgpio_extra.o
 .bss           0x00000000        0x0 ./src/gpio_v4_4/src/xgpio_extra.o
 .text.Xil_In32
                0x00000000       0x14 ./src/gpio_v4_4/src/xgpio_extra.o
 .text.Xil_Out32
                0x00000000       0x1c ./src/gpio_v4_4/src/xgpio_extra.o
 .rodata        0x00000000       0x23 ./src/gpio_v4_4/src/xgpio_extra.o
 .text.XGpio_DiscreteSet
                0x00000000       0xc4 ./src/gpio_v4_4/src/xgpio_extra.o
 .text.XGpio_DiscreteClear
                0x00000000       0xc8 ./src/gpio_v4_4/src/xgpio_extra.o
 .comment       0x00000000       0x7a ./src/gpio_v4_4/src/xgpio_extra.o
 .ARM.attributes
                0x00000000       0x2c ./src/gpio_v4_4/src/xgpio_extra.o
 .text          0x00000000        0x0 ./src/gpio_v4_4/src/xgpio_g.o
 .data          0x00000000        0x0 ./src/gpio_v4_4/src/xgpio_g.o
 .bss           0x00000000        0x0 ./src/gpio_v4_4/src/xgpio_g.o
 .data.XGpio_ConfigTable
                0x00000000       0x10 ./src/gpio_v4_4/src/xgpio_g.o
 .comment       0x00000000       0x7a ./src/gpio_v4_4/src/xgpio_g.o
 .ARM.attributes
                0x00000000       0x31 ./src/gpio_v4_4/src/xgpio_g.o
 .text          0x00000000        0x0 ./src/gpio_v4_4/src/xgpio_intr.o
 .data          0x00000000        0x0 ./src/gpio_v4_4/src/xgpio_intr.o
 .bss           0x00000000        0x0 ./src/gpio_v4_4/src/xgpio_intr.o
 .text.Xil_In32
                0x00000000       0x14 ./src/gpio_v4_4/src/xgpio_intr.o
 .text.Xil_Out32
                0x00000000       0x1c ./src/gpio_v4_4/src/xgpio_intr.o
 .rodata        0x00000000       0x22 ./src/gpio_v4_4/src/xgpio_intr.o
 .text.XGpio_InterruptGlobalEnable
                0x00000000       0x94 ./src/gpio_v4_4/src/xgpio_intr.o
 .text.XGpio_InterruptGlobalDisable
                0x00000000       0x90 ./src/gpio_v4_4/src/xgpio_intr.o
 .text.XGpio_InterruptEnable
                0x00000000       0xac ./src/gpio_v4_4/src/xgpio_intr.o
 .text.XGpio_InterruptDisable
                0x00000000       0xac ./src/gpio_v4_4/src/xgpio_intr.o
 .text.XGpio_InterruptClear
                0x00000000       0xac ./src/gpio_v4_4/src/xgpio_intr.o
 .text.XGpio_InterruptGetEnabled
                0x00000000       0x9c ./src/gpio_v4_4/src/xgpio_intr.o
 .text.XGpio_InterruptGetStatus
                0x00000000       0xa8 ./src/gpio_v4_4/src/xgpio_intr.o
 .comment       0x00000000       0x7a ./src/gpio_v4_4/src/xgpio_intr.o
 .ARM.attributes
                0x00000000       0x2c ./src/gpio_v4_4/src/xgpio_intr.o
 .text          0x00000000        0x0 ./src/gpio_v4_4/src/xgpio_selftest.o
 .data          0x00000000        0x0 ./src/gpio_v4_4/src/xgpio_selftest.o
 .bss           0x00000000        0x0 ./src/gpio_v4_4/src/xgpio_selftest.o
 .rodata        0x00000000       0x26 ./src/gpio_v4_4/src/xgpio_selftest.o
 .text.XGpio_SelfTest
                0x00000000       0x70 ./src/gpio_v4_4/src/xgpio_selftest.o
 .comment       0x00000000       0x7a ./src/gpio_v4_4/src/xgpio_selftest.o
 .ARM.attributes
                0x00000000       0x2c ./src/gpio_v4_4/src/xgpio_selftest.o
 .text          0x00000000        0x0 ./src/gpio_v4_4/src/xgpio_sinit.o
 .data          0x00000000        0x0 ./src/gpio_v4_4/src/xgpio_sinit.o
 .bss           0x00000000        0x0 ./src/gpio_v4_4/src/xgpio_sinit.o
 .text.XGpio_LookupConfig
                0x00000000       0x4c ./src/gpio_v4_4/src/xgpio_sinit.o
 .rodata        0x00000000       0x23 ./src/gpio_v4_4/src/xgpio_sinit.o
 .text.XGpio_Initialize
                0x00000000       0x70 ./src/gpio_v4_4/src/xgpio_sinit.o
 .comment       0x00000000       0x7a ./src/gpio_v4_4/src/xgpio_sinit.o
 .ARM.attributes
                0x00000000       0x2c ./src/gpio_v4_4/src/xgpio_sinit.o
 .text          0x00000000        0x0 ./src/apps/comm.o
 .data          0x00000000        0x0 ./src/apps/comm.o
 .bss           0x00000000        0x0 ./src/apps/comm.o
 .text.commApp2
                0x00000000       0x50 ./src/apps/comm.o
 .text          0x00000000        0x0 ./src/apps/gpio.o
 .data          0x00000000        0x0 ./src/apps/gpio.o
 .bss           0x00000000        0x0 ./src/apps/gpio.o
 .data.gpio_0_tri
                0x00000000        0x4 ./src/apps/gpio.o
 .text.gpio_0_mask
                0x00000000       0x1c ./src/apps/gpio.o
 .text.gpio_0_devIntDisable
                0x00000000       0x18 ./src/apps/gpio.o
 .text.gpio_0_chIntDisable
                0x00000000       0x28 ./src/apps/gpio.o
 .text.gpio_0_intStatus
                0x00000000       0x14 ./src/apps/gpio.o
 .text.gpio_0_clrInt
                0x00000000       0x1c ./src/apps/gpio.o
 .text          0x00000000        0x0 ./src/apps/spi.o
 .data          0x00000000        0x0 ./src/apps/spi.o
 .bss           0x00000000        0x0 ./src/apps/spi.o
 .data.xspi_srr
                0x00000000        0x4 ./src/apps/spi.o
 .data.xspi_cr  0x00000000        0x4 ./src/apps/spi.o
 .data.xspi_drr
                0x00000000        0x4 ./src/apps/spi.o
 .data.xspi_ssr
                0x00000000        0x4 ./src/apps/spi.o
 .data.xspi_tfo
                0x00000000        0x4 ./src/apps/spi.o
 .data.xspi_rfo
                0x00000000        0x4 ./src/apps/spi.o
 .data.xspi_dgier
                0x00000000        0x4 ./src/apps/spi.o
 .data.xspi_isr
                0x00000000        0x4 ./src/apps/spi.o
 .data.xspi_ier
                0x00000000        0x4 ./src/apps/spi.o
 .text.SpiApp   0x00000000      0x1d4 ./src/apps/spi.o
 .text.spiResetFifos
                0x00000000       0x3c ./src/apps/spi.o
 .text          0x00000000        0x0 ./src/apps/uart.o
 .data          0x00000000        0x0 ./src/apps/uart.o
 .bss           0x00000000        0x0 ./src/apps/uart.o
 .text.NVIC_EnableIRQ
                0x00000000       0x2c ./src/apps/uart.o
 .text.NVIC_ClearAllPendingIRQ
                0x00000000       0x1c ./src/apps/uart.o
 .data.uartl_rx
                0x00000000        0x4 ./src/apps/uart.o
 .text.uartl_reset_fifos
                0x00000000       0x4c ./src/apps/uart.o
 .text.uartl_intDisable
                0x00000000       0x18 ./src/apps/uart.o
 .text.uartl_print_s1u
                0x00000000       0xdc ./src/apps/uart.o
 .bss.buf1      0x00000000       0x60 ./src/apps/uart.o
 .bss.buf2      0x00000000       0x60 ./src/apps/uart.o
 .bss.buf3      0x00000000       0x60 ./src/apps/uart.o
 .rodata        0x00000000       0x3d ./src/apps/uart.o
 .text.uartApp  0x00000000       0xe8 ./src/apps/uart.o
 .text          0x00000000        0x0 ./src/irqhandler.o
 .data          0x00000000        0x0 ./src/irqhandler.o
 .bss           0x00000000        0x0 ./src/irqhandler.o
 .text.SPI00_IRQHandler
                0x00000000        0xe ./src/irqhandler.o
 .text          0x00000000        0x0 ./src/main.o
 .data          0x00000000        0x0 ./src/main.o
 .bss           0x00000000        0x0 ./src/main.o
 .data          0x00000000        0x0 ./src/startup_CM1.o
 .bss           0x00000000        0x0 ./src/startup_CM1.o
 .text          0x00000000        0x0 ./src/system.o
 .data          0x00000000        0x0 ./src/system.o
 .bss           0x00000000        0x0 ./src/system.o
 .text.SystemCoreClockUpdate
                0x00000000       0x18 ./src/system.o
 .text          0x00000000      0x114 t:/gnu/9 2019-q4-major/bin/../lib/gcc/arm-none-eabi/9.2.1/thumb/v6-m/nofp\libgcc.a(_udivsi3.o)
 .data          0x00000000        0x0 t:/gnu/9 2019-q4-major/bin/../lib/gcc/arm-none-eabi/9.2.1/thumb/v6-m/nofp\libgcc.a(_udivsi3.o)
 .bss           0x00000000        0x0 t:/gnu/9 2019-q4-major/bin/../lib/gcc/arm-none-eabi/9.2.1/thumb/v6-m/nofp\libgcc.a(_udivsi3.o)
 .debug_frame   0x00000000       0x20 t:/gnu/9 2019-q4-major/bin/../lib/gcc/arm-none-eabi/9.2.1/thumb/v6-m/nofp\libgcc.a(_udivsi3.o)
 .ARM.attributes
                0x00000000       0x1e t:/gnu/9 2019-q4-major/bin/../lib/gcc/arm-none-eabi/9.2.1/thumb/v6-m/nofp\libgcc.a(_udivsi3.o)
 .text          0x00000000        0x4 t:/gnu/9 2019-q4-major/bin/../lib/gcc/arm-none-eabi/9.2.1/thumb/v6-m/nofp\libgcc.a(_dvmd_tls.o)
 .data          0x00000000        0x0 t:/gnu/9 2019-q4-major/bin/../lib/gcc/arm-none-eabi/9.2.1/thumb/v6-m/nofp\libgcc.a(_dvmd_tls.o)
 .bss           0x00000000        0x0 t:/gnu/9 2019-q4-major/bin/../lib/gcc/arm-none-eabi/9.2.1/thumb/v6-m/nofp\libgcc.a(_dvmd_tls.o)
 .ARM.attributes
                0x00000000       0x1e t:/gnu/9 2019-q4-major/bin/../lib/gcc/arm-none-eabi/9.2.1/thumb/v6-m/nofp\libgcc.a(_dvmd_tls.o)
 .text          0x00000000        0x0 t:/gnu/9 2019-q4-major/bin/../lib/gcc/arm-none-eabi/9.2.1/../../../../arm-none-eabi/lib/thumb/v6-m/nofp\libc.a(lib_a-ctype_.o)
 .data          0x00000000        0x0 t:/gnu/9 2019-q4-major/bin/../lib/gcc/arm-none-eabi/9.2.1/../../../../arm-none-eabi/lib/thumb/v6-m/nofp\libc.a(lib_a-ctype_.o)
 .bss           0x00000000        0x0 t:/gnu/9 2019-q4-major/bin/../lib/gcc/arm-none-eabi/9.2.1/../../../../arm-none-eabi/lib/thumb/v6-m/nofp\libc.a(lib_a-ctype_.o)
 .rodata._ctype_
                0x00000000      0x101 t:/gnu/9 2019-q4-major/bin/../lib/gcc/arm-none-eabi/9.2.1/../../../../arm-none-eabi/lib/thumb/v6-m/nofp\libc.a(lib_a-ctype_.o)
 .ARM.attributes
                0x00000000       0x2c t:/gnu/9 2019-q4-major/bin/../lib/gcc/arm-none-eabi/9.2.1/../../../../arm-none-eabi/lib/thumb/v6-m/nofp\libc.a(lib_a-ctype_.o)
 .text          0x00000000        0x0 t:/gnu/9 2019-q4-major/bin/../lib/gcc/arm-none-eabi/9.2.1/../../../../arm-none-eabi/lib/thumb/v6-m/nofp\libc.a(lib_a-strlen-stub.o)
 .data          0x00000000        0x0 t:/gnu/9 2019-q4-major/bin/../lib/gcc/arm-none-eabi/9.2.1/../../../../arm-none-eabi/lib/thumb/v6-m/nofp\libc.a(lib_a-strlen-stub.o)
 .bss           0x00000000        0x0 t:/gnu/9 2019-q4-major/bin/../lib/gcc/arm-none-eabi/9.2.1/../../../../arm-none-eabi/lib/thumb/v6-m/nofp\libc.a(lib_a-strlen-stub.o)
 .text.strlen   0x00000000       0x5c t:/gnu/9 2019-q4-major/bin/../lib/gcc/arm-none-eabi/9.2.1/../../../../arm-none-eabi/lib/thumb/v6-m/nofp\libc.a(lib_a-strlen-stub.o)
 .debug_frame   0x00000000       0x28 t:/gnu/9 2019-q4-major/bin/../lib/gcc/arm-none-eabi/9.2.1/../../../../arm-none-eabi/lib/thumb/v6-m/nofp\libc.a(lib_a-strlen-stub.o)
 .ARM.attributes
                0x00000000       0x2c t:/gnu/9 2019-q4-major/bin/../lib/gcc/arm-none-eabi/9.2.1/../../../../arm-none-eabi/lib/thumb/v6-m/nofp\libc.a(lib_a-strlen-stub.o)

Memory Configuration

Name             Origin             Length             Attributes
IRAM             0x20000000         0x00005000
IROM             0x00000000         0x00005000
*default*        0x00000000         0xffffffff

Linker script and memory map

START GROUP
LOAD t:/gnu/9 2019-q4-major/bin/../lib/gcc/arm-none-eabi/9.2.1/thumb/v6-m/nofp\libgcc.a
LOAD t:/gnu/9 2019-q4-major/bin/../lib/gcc/arm-none-eabi/9.2.1/../../../../arm-none-eabi/lib/thumb/v6-m/nofp\libc.a
LOAD t:/gnu/9 2019-q4-major/bin/../lib/gcc/arm-none-eabi/9.2.1/../../../../arm-none-eabi/lib/thumb/v6-m/nofp\libc.a
LOAD t:/gnu/9 2019-q4-major/bin/../lib/gcc/arm-none-eabi/9.2.1/../../../../arm-none-eabi/lib/thumb/v6-m/nofp\libm.a
LOAD t:/gnu/9 2019-q4-major/bin/../lib/gcc/arm-none-eabi/9.2.1/../../../../arm-none-eabi/lib/thumb/v6-m/nofp\librdimon.a
END GROUP
LOAD ./src/uartlite_v3_2/src/xuartlite.o
LOAD ./src/uartlite_v3_2/src/xuartlite_g.o
LOAD ./src/uartlite_v3_2/src/xuartlite_intr.o
LOAD ./src/uartlite_v3_2/src/xuartlite_l.o
LOAD ./src/uartlite_v3_2/src/xuartlite_selftest.o
LOAD ./src/uartlite_v3_2/src/xuartlite_sinit.o
LOAD ./src/uartlite_v3_2/src/xuartlite_stats.o
LOAD ./src/standalone_v7_0/src/outbyte.o
LOAD ./src/standalone_v7_0/src/print.o
LOAD ./src/standalone_v7_0/src/xil_assert.o
LOAD ./src/standalone_v7_0/src/xil_printf.o
LOAD ./src/spi_v4_4/src/xspi.o
LOAD ./src/spi_v4_4/src/xspi_g.o
LOAD ./src/spi_v4_4/src/xspi_options.o
LOAD ./src/spi_v4_4/src/xspi_selftest.o
LOAD ./src/spi_v4_4/src/xspi_sinit.o
LOAD ./src/spi_v4_4/src/xspi_stats.o
LOAD ./src/gpio_v4_4/src/xgpio.o
LOAD ./src/gpio_v4_4/src/xgpio_extra.o
LOAD ./src/gpio_v4_4/src/xgpio_g.o
LOAD ./src/gpio_v4_4/src/xgpio_intr.o
LOAD ./src/gpio_v4_4/src/xgpio_selftest.o
LOAD ./src/gpio_v4_4/src/xgpio_sinit.o
LOAD ./src/apps/comm.o
LOAD ./src/apps/gpio.o
LOAD ./src/apps/spi.o
LOAD ./src/apps/uart.o
LOAD ./src/irqhandler.o
LOAD ./src/main.o
LOAD ./src/startup_CM1.o
LOAD ./src/system.o
START GROUP
LOAD t:/gnu/9 2019-q4-major/bin/../lib/gcc/arm-none-eabi/9.2.1/thumb/v6-m/nofp\libgcc.a
LOAD t:/gnu/9 2019-q4-major/bin/../lib/gcc/arm-none-eabi/9.2.1/../../../../arm-none-eabi/lib/thumb/v6-m/nofp\libc.a
END GROUP
START GROUP
LOAD t:/gnu/9 2019-q4-major/bin/../lib/gcc/arm-none-eabi/9.2.1/thumb/v6-m/nofp\libgcc.a
LOAD t:/gnu/9 2019-q4-major/bin/../lib/gcc/arm-none-eabi/9.2.1/../../../../arm-none-eabi/lib/thumb/v6-m/nofp\libc.a
LOAD t:/gnu/9 2019-q4-major/bin/../lib/gcc/arm-none-eabi/9.2.1/../../../../arm-none-eabi/lib/thumb/v6-m/nofp\librdimon.a
END GROUP

.text           0x00000000     0x121d
 *(.text)
 .text          0x00000000      0x114 ./src/startup_CM1.o
                0x00000000                __Vectors
                0x000000c0                Reset_Handler
                0x000000f2                PendSV_Handler
                0x000000f2                SVC_Handler
                0x000000f2                HardFault_IRQHandler
                0x000000f2                NMI_IRQHandler
                0x000000f2                SysTick_Handler
 *(.text .text.*)
 .text.Xil_In32
                0x00000114       0x14 ./src/uartlite_v3_2/src/xuartlite_l.o
 .text.Xil_Out32
                0x00000128       0x1c ./src/uartlite_v3_2/src/xuartlite_l.o
 .text.XUartLite_SendByte
                0x00000144       0x3c ./src/uartlite_v3_2/src/xuartlite_l.o
                0x00000144                XUartLite_SendByte
 .text.outbyte  0x00000180       0x28 ./src/standalone_v7_0/src/outbyte.o
                0x00000180                outbyte
 .text.print    0x000001a8       0x30 ./src/standalone_v7_0/src/print.o
                0x000001a8                print
 .text.NVIC_EnableIRQ
                0x000001d8       0x2c ./src/apps/comm.o
 .text.NVIC_ClearAllPendingIRQ
                0x00000204       0x1c ./src/apps/comm.o
 .text.delay    0x00000220       0x28 ./src/apps/comm.o
                0x00000220                delay
 .text.commApp  0x00000248      0x3c0 ./src/apps/comm.o
                0x00000248                commApp
 .text.NVIC_ClearPendingIRQ
                0x00000608       0x34 ./src/apps/gpio.o
 .text.gpio_0_write
                0x0000063c       0x1c ./src/apps/gpio.o
                0x0000063c                gpio_0_write
 .text.gpio_0_read
                0x00000658       0x14 ./src/apps/gpio.o
                0x00000658                gpio_0_read
 .text.gpio_0_devIntEnable
                0x0000066c       0x18 ./src/apps/gpio.o
                0x0000066c                gpio_0_devIntEnable
 .text.gpio_0_chIntEnable
                0x00000684       0x24 ./src/apps/gpio.o
                0x00000684                gpio_0_chIntEnable
 .text.gpioInit
                0x000006a8       0x18 ./src/apps/gpio.o
                0x000006a8                gpioInit
 .text.gpioClrEvQueue
                0x000006c0       0x28 ./src/apps/gpio.o
                0x000006c0                gpioClrEvQueue
 .text.gpioRead
                0x000006e8       0x3c ./src/apps/gpio.o
                0x000006e8                gpioRead
 .text.gpioWrite
                0x00000724       0x84 ./src/apps/gpio.o
                0x00000724                gpioWrite
 .text.evPush   0x000007a8       0x54 ./src/apps/gpio.o
 .text.evPop    0x000007fc       0x54 ./src/apps/gpio.o
                0x000007fc                evPop
 .text.gpio0IrqHandler
                0x00000850       0x40 ./src/apps/gpio.o
                0x00000850                gpio0IrqHandler
 .text.Xil_In32
                0x00000890       0x14 ./src/apps/spi.o
 .text.Xil_Out32
                0x000008a4       0x1c ./src/apps/spi.o
 .text.spiInit  0x000008c0      0x108 ./src/apps/spi.o
                0x000008c0                spiInit
 .text.spiRead  0x000009c8       0x40 ./src/apps/spi.o
                0x000009c8                spiRead
 .text.spiWrite
                0x00000a08       0x48 ./src/apps/spi.o
                0x00000a08                spiWrite
 .text.NVIC_ClearPendingIRQ
                0x00000a50       0x34 ./src/apps/uart.o
 .text.getNextIdx
                0x00000a84       0x26 ./src/apps/uart.o
 *fill*         0x00000aaa        0x2 
 .text.getTxByte
                0x00000aac       0xcc ./src/apps/uart.o
 .text.setTxJob
                0x00000b78       0x90 ./src/apps/uart.o
                0x00000b78                setTxJob
 .text.uartl_init
                0x00000c08       0x68 ./src/apps/uart.o
                0x00000c08                uartl_init
 .text.uartl_send
                0x00000c70       0x74 ./src/apps/uart.o
 .text.uartl_receive
                0x00000ce4        0xa ./src/apps/uart.o
                0x00000ce4                uartl_receive
 *fill*         0x00000cee        0x2 
 .text.uartl_intEnable
                0x00000cf0       0x18 ./src/apps/uart.o
                0x00000cf0                uartl_intEnable
 .text.uart0IrqHandler
                0x00000d08       0x6c ./src/apps/uart.o
                0x00000d08                uart0IrqHandler
 .text.uartl_print_s
                0x00000d74       0x18 ./src/apps/uart.o
                0x00000d74                uartl_print_s
 .text.uartl_print_u8buf
                0x00000d8c       0xfc ./src/apps/uart.o
                0x00000d8c                uartl_print_u8buf
 .text.GPIO0_IRQHandler
                0x00000e88        0xe ./src/irqhandler.o
                0x00000e88                GPIO0_IRQHandler
 .text.TIMER0_IRQHandler
                0x00000e96        0xa ./src/irqhandler.o
                0x00000e96                TIMER0_IRQHandler
 .text.UART0_IRQHandler
                0x00000ea0        0xe ./src/irqhandler.o
                0x00000ea0                UART0_IRQHandler
 *fill*         0x00000eae        0x2 
 .text.main     0x00000eb0       0x18 ./src/main.o
                0x00000eb0                main
 .text.SystemInit
                0x00000ec8       0x18 ./src/system.o
                0x00000ec8                SystemInit
 *(.rodata .rodata.* .constdata .constdata.*)
 .rodata        0x00000ee0      0x1ea ./src/apps/comm.o
 *fill*         0x000010ca        0x2 
 .rodata        0x000010cc      0x13b ./src/apps/spi.o
 *fill*         0x00001207        0x1 
 .rodata        0x00001208       0x15 ./src/main.o
 *(.glue_7)
 .glue_7        0x0000121d        0x0 linker stubs
 *(.glue_7t)
 .glue_7t       0x0000121d        0x0 linker stubs

.vfp11_veneer   0x00001220        0x0
 .vfp11_veneer  0x00001220        0x0 linker stubs

.v4_bx          0x00001220        0x0
 .v4_bx         0x00001220        0x0 linker stubs

.iplt           0x00001220        0x0
 .iplt          0x00001220        0x0 ./src/uartlite_v3_2/src/xuartlite_l.o

.rel.dyn        0x00001220        0x0
 .rel.iplt      0x00001220        0x0 ./src/uartlite_v3_2/src/xuartlite_l.o

.data           0x00001220       0x34
                0x00001220                _idata = .
 *(.data)
 *(.data .data.*)
 .data.output   0x00001220        0x1 ./src/apps/gpio.o
 *fill*         0x00001221        0x3 
 .data.gpio_0_data
                0x00001224        0x4 ./src/apps/gpio.o
                0x00001224                gpio_0_data
 .data.gpio_0_gier
                0x00001228        0x4 ./src/apps/gpio.o
                0x00001228                gpio_0_gier
 .data.gpio_0_ier
                0x0000122c        0x4 ./src/apps/gpio.o
                0x0000122c                gpio_0_ier
 .data.gpio_0_isr
                0x00001230        0x4 ./src/apps/gpio.o
                0x00001230                gpio_0_isr
 .data.xspi_sr  0x00001234        0x4 ./src/apps/spi.o
                0x00001234                xspi_sr
 .data.xspi_dtr
                0x00001238        0x4 ./src/apps/spi.o
                0x00001238                xspi_dtr
 .data.BaseAddress
                0x0000123c        0x4 ./src/apps/spi.o
                0x0000123c                BaseAddress
 .data.uartl_tx
                0x00001240        0x4 ./src/apps/uart.o
                0x00001240                uartl_tx
 .data.uartl_sr
                0x00001244        0x4 ./src/apps/uart.o
                0x00001244                uartl_sr
 .data.uartl_cr
                0x00001248        0x4 ./src/apps/uart.o
                0x00001248                uartl_cr
 .data.prnBufPtr
                0x0000124c        0x4 ./src/apps/uart.o
 .data.SystemCoreClock
                0x00001250        0x4 ./src/system.o
                0x00001250                SystemCoreClock

.igot.plt       0x00001254        0x0
 .igot.plt      0x00001254        0x0 ./src/uartlite_v3_2/src/xuartlite_l.o

.bss            0x20000000       0x59
                0x20000000                _sdata = .
                0x20000034                . = (. + SIZEOF (.data))
 *fill*         0x20000000       0x34 
                0x20000034                _edata = .
                0x20000034                _sbss = .
 *(.bss)
                0x20000034                _ebss = .
 COMMON         0x20000034       0x25 ./src/apps/spi.o
                0x20000034                WriteBuffer
                0x20000048                ReadBuffer

.bss.evList     0x2000005c        0xa
 .bss.evList    0x2000005c        0xa ./src/apps/gpio.o

.bss.evIn       0x20000068        0x4
 .bss.evIn      0x20000068        0x4 ./src/apps/gpio.o

.bss.evOut      0x2000006c        0x4
 .bss.evOut     0x2000006c        0x4 ./src/apps/gpio.o

.bss.evCnt      0x20000070        0x4
 .bss.evCnt     0x20000070        0x4 ./src/apps/gpio.o

.bss.txJobs     0x20000074      0x190
 .bss.txJobs    0x20000074      0x190 ./src/apps/uart.o

.bss.txJobIn    0x20000204        0x4
 .bss.txJobIn   0x20000204        0x4 ./src/apps/uart.o

.bss.txJobOut   0x20000208        0x4
 .bss.txJobOut  0x20000208        0x4 ./src/apps/uart.o

.bss.txJobNum   0x2000020c        0x4
 .bss.txJobNum  0x2000020c        0x4 ./src/apps/uart.o

.bss.irqCnt     0x20000210        0x4
 .bss.irqCnt    0x20000210        0x4 ./src/apps/uart.o

.bss.printBuf   0x20000214      0x1f4
 .bss.printBuf  0x20000214      0x1f4 ./src/apps/uart.o

.STACK          0x20000408      0x500
 *(.STACK)
 .STACK         0x20000408      0x500 ./src/startup_CM1.o
                0x20000908                __initial_sp
OUTPUT(CM1_1.elf elf32-littlearm)

.comment        0x00000000       0x79
 .comment       0x00000000       0x79 ./src/uartlite_v3_2/src/xuartlite_l.o
                                 0x7a (size before relaxing)
 .comment       0x00000079       0x7a ./src/standalone_v7_0/src/outbyte.o
 .comment       0x00000079       0x7a ./src/standalone_v7_0/src/print.o
 .comment       0x00000079       0x7a ./src/apps/comm.o
 .comment       0x00000079       0x7a ./src/apps/gpio.o
 .comment       0x00000079       0x7a ./src/apps/spi.o
 .comment       0x00000079       0x7a ./src/apps/uart.o
 .comment       0x00000079       0x7a ./src/irqhandler.o
 .comment       0x00000079       0x7a ./src/main.o
 .comment       0x00000079       0x7a ./src/system.o

.ARM.attributes
                0x00000000       0x2a
 .ARM.attributes
                0x00000000       0x2c ./src/uartlite_v3_2/src/xuartlite_l.o
 .ARM.attributes
                0x0000002c       0x2c ./src/standalone_v7_0/src/outbyte.o
 .ARM.attributes
                0x00000058       0x2c ./src/standalone_v7_0/src/print.o
 .ARM.attributes
                0x00000084       0x2c ./src/apps/comm.o
 .ARM.attributes
                0x000000b0       0x2c ./src/apps/gpio.o
 .ARM.attributes
                0x000000dc       0x2c ./src/apps/spi.o
 .ARM.attributes
                0x00000108       0x2c ./src/apps/uart.o
 .ARM.attributes
                0x00000134       0x2c ./src/irqhandler.o
 .ARM.attributes
                0x00000160       0x2c ./src/main.o
 .ARM.attributes
                0x0000018c       0x1c ./src/startup_CM1.o
 .ARM.attributes
                0x000001a8       0x2c ./src/system.o

.HEAP           0x00000000        0x0
 .HEAP          0x00000000        0x0 ./src/startup_CM1.o
