Archive member included to satisfy reference by file (symbol)

t:/gnu/9 2019-q4-major/bin/../lib/gcc/arm-none-eabi/9.2.1/thumb/v6-m/nofp\libgcc.a(_udivsi3.o)
                              ./src/standalone_v7_0/src/xil_printf.o (__aeabi_uidiv)
t:/gnu/9 2019-q4-major/bin/../lib/gcc/arm-none-eabi/9.2.1/thumb/v6-m/nofp\libgcc.a(_dvmd_tls.o)
                              t:/gnu/9 2019-q4-major/bin/../lib/gcc/arm-none-eabi/9.2.1/thumb/v6-m/nofp\libgcc.a(_udivsi3.o) (__aeabi_idiv0)
t:/gnu/9 2019-q4-major/bin/../lib/gcc/arm-none-eabi/9.2.1/../../../../arm-none-eabi/lib/thumb/v6-m/nofp\libc.a(lib_a-ctype_.o)
                              ./src/standalone_v7_0/src/xil_printf.o (_ctype_)
t:/gnu/9 2019-q4-major/bin/../lib/gcc/arm-none-eabi/9.2.1/../../../../arm-none-eabi/lib/thumb/v6-m/nofp\libc.a(lib_a-strlen-stub.o)
                              ./src/standalone_v7_0/src/xil_printf.o (strlen)

Allocating common symbols
Common symbol       size              file

Xil_AssertStatus    0x4               ./src/standalone_v7_0/src/xil_assert.o

Discarded input sections

 .text          0x00000000        0x0 ./src/uartlite_v3_2/src/xuartlite.o
 .data          0x00000000        0x0 ./src/uartlite_v3_2/src/xuartlite.o
 .bss           0x00000000        0x0 ./src/uartlite_v3_2/src/xuartlite.o
 .text.Xil_In32
                0x00000000       0x14 ./src/uartlite_v3_2/src/xuartlite.o
 .text.Xil_Out32
                0x00000000       0x1c ./src/uartlite_v3_2/src/xuartlite.o
 .rodata        0x00000000       0x25 ./src/uartlite_v3_2/src/xuartlite.o
 .text.XUartLite_CfgInitialize
                0x00000000       0x98 ./src/uartlite_v3_2/src/xuartlite.o
 .text.XUartLite_Send
                0x00000000      0x100 ./src/uartlite_v3_2/src/xuartlite.o
 .text.XUartLite_Recv
                0x00000000      0x114 ./src/uartlite_v3_2/src/xuartlite.o
 .text.XUartLite_ResetFifos
                0x00000000       0x98 ./src/uartlite_v3_2/src/xuartlite.o
 .text.XUartLite_IsSending
                0x00000000       0x5c ./src/uartlite_v3_2/src/xuartlite.o
 .text.StubHandler
                0x00000000       0x30 ./src/uartlite_v3_2/src/xuartlite.o
 .text.XUartLite_SendBuffer
                0x00000000       0xe2 ./src/uartlite_v3_2/src/xuartlite.o
 .text.XUartLite_ReceiveBuffer
                0x00000000      0x106 ./src/uartlite_v3_2/src/xuartlite.o
 .comment       0x00000000       0x7a ./src/uartlite_v3_2/src/xuartlite.o
 .ARM.attributes
                0x00000000       0x2c ./src/uartlite_v3_2/src/xuartlite.o
 .text          0x00000000        0x0 ./src/uartlite_v3_2/src/xuartlite_g.o
 .data          0x00000000        0x0 ./src/uartlite_v3_2/src/xuartlite_g.o
 .bss           0x00000000        0x0 ./src/uartlite_v3_2/src/xuartlite_g.o
 .data.XUartLite_ConfigTable
                0x00000000       0x10 ./src/uartlite_v3_2/src/xuartlite_g.o
 .comment       0x00000000       0x7a ./src/uartlite_v3_2/src/xuartlite_g.o
 .ARM.attributes
                0x00000000       0x31 ./src/uartlite_v3_2/src/xuartlite_g.o
 .text          0x00000000        0x0 ./src/uartlite_v3_2/src/xuartlite_intr.o
 .data          0x00000000        0x0 ./src/uartlite_v3_2/src/xuartlite_intr.o
 .bss           0x00000000        0x0 ./src/uartlite_v3_2/src/xuartlite_intr.o
 .text.Xil_In32
                0x00000000       0x14 ./src/uartlite_v3_2/src/xuartlite_intr.o
 .text.Xil_Out32
                0x00000000       0x1c ./src/uartlite_v3_2/src/xuartlite_intr.o
 .rodata        0x00000000       0x2a ./src/uartlite_v3_2/src/xuartlite_intr.o
 .text.XUartLite_SetRecvHandler
                0x00000000       0x90 ./src/uartlite_v3_2/src/xuartlite_intr.o
 .text.XUartLite_SetSendHandler
                0x00000000       0x90 ./src/uartlite_v3_2/src/xuartlite_intr.o
 .text.XUartLite_InterruptHandler
                0x00000000       0x70 ./src/uartlite_v3_2/src/xuartlite_intr.o
 .text.ReceiveDataHandler
                0x00000000       0x48 ./src/uartlite_v3_2/src/xuartlite_intr.o
 .text.SendDataHandler
                0x00000000       0x46 ./src/uartlite_v3_2/src/xuartlite_intr.o
 .text.XUartLite_DisableInterrupt
                0x00000000       0x78 ./src/uartlite_v3_2/src/xuartlite_intr.o
 .text.XUartLite_EnableInterrupt
                0x00000000       0x78 ./src/uartlite_v3_2/src/xuartlite_intr.o
 .comment       0x00000000       0x7a ./src/uartlite_v3_2/src/xuartlite_intr.o
 .ARM.attributes
                0x00000000       0x2c ./src/uartlite_v3_2/src/xuartlite_intr.o
 .text          0x00000000        0x0 ./src/uartlite_v3_2/src/xuartlite_l.o
 .data          0x00000000        0x0 ./src/uartlite_v3_2/src/xuartlite_l.o
 .bss           0x00000000        0x0 ./src/uartlite_v3_2/src/xuartlite_l.o
 .text.XUartLite_RecvByte
                0x00000000       0x32 ./src/uartlite_v3_2/src/xuartlite_l.o
 .text          0x00000000        0x0 ./src/uartlite_v3_2/src/xuartlite_selftest.o
 .data          0x00000000        0x0 ./src/uartlite_v3_2/src/xuartlite_selftest.o
 .bss           0x00000000        0x0 ./src/uartlite_v3_2/src/xuartlite_selftest.o
 .text.Xil_In32
                0x00000000       0x14 ./src/uartlite_v3_2/src/xuartlite_selftest.o
 .rodata        0x00000000       0x2e ./src/uartlite_v3_2/src/xuartlite_selftest.o
 .text.XUartLite_SelfTest
                0x00000000       0x88 ./src/uartlite_v3_2/src/xuartlite_selftest.o
 .comment       0x00000000       0x7a ./src/uartlite_v3_2/src/xuartlite_selftest.o
 .ARM.attributes
                0x00000000       0x2c ./src/uartlite_v3_2/src/xuartlite_selftest.o
 .text          0x00000000        0x0 ./src/uartlite_v3_2/src/xuartlite_sinit.o
 .data          0x00000000        0x0 ./src/uartlite_v3_2/src/xuartlite_sinit.o
 .bss           0x00000000        0x0 ./src/uartlite_v3_2/src/xuartlite_sinit.o
 .text.XUartLite_LookupConfig
                0x00000000       0x4c ./src/uartlite_v3_2/src/xuartlite_sinit.o
 .rodata        0x00000000       0x2b ./src/uartlite_v3_2/src/xuartlite_sinit.o
 .text.XUartLite_Initialize
                0x00000000       0x68 ./src/uartlite_v3_2/src/xuartlite_sinit.o
 .comment       0x00000000       0x7a ./src/uartlite_v3_2/src/xuartlite_sinit.o
 .ARM.attributes
                0x00000000       0x2c ./src/uartlite_v3_2/src/xuartlite_sinit.o
 .text          0x00000000        0x0 ./src/uartlite_v3_2/src/xuartlite_stats.o
 .data          0x00000000        0x0 ./src/uartlite_v3_2/src/xuartlite_stats.o
 .bss           0x00000000        0x0 ./src/uartlite_v3_2/src/xuartlite_stats.o
 .rodata        0x00000000       0x2b ./src/uartlite_v3_2/src/xuartlite_stats.o
 .text.XUartLite_GetStats
                0x00000000       0xb8 ./src/uartlite_v3_2/src/xuartlite_stats.o
 .text.XUartLite_ClearStats
                0x00000000       0x88 ./src/uartlite_v3_2/src/xuartlite_stats.o
 .comment       0x00000000       0x7a ./src/uartlite_v3_2/src/xuartlite_stats.o
 .ARM.attributes
                0x00000000       0x2c ./src/uartlite_v3_2/src/xuartlite_stats.o
 .text          0x00000000        0x0 ./src/standalone_v7_0/src/outbyte.o
 .data          0x00000000        0x0 ./src/standalone_v7_0/src/outbyte.o
 .bss           0x00000000        0x0 ./src/standalone_v7_0/src/outbyte.o
 .text          0x00000000        0x0 ./src/standalone_v7_0/src/print.o
 .data          0x00000000        0x0 ./src/standalone_v7_0/src/print.o
 .bss           0x00000000        0x0 ./src/standalone_v7_0/src/print.o
 .text          0x00000000        0x0 ./src/standalone_v7_0/src/xil_assert.o
 .data          0x00000000        0x0 ./src/standalone_v7_0/src/xil_assert.o
 .bss           0x00000000        0x0 ./src/standalone_v7_0/src/xil_assert.o
 .text.Xil_AssertSetCallback
                0x00000000       0x1c ./src/standalone_v7_0/src/xil_assert.o
 .text.XNullHandler
                0x00000000       0x10 ./src/standalone_v7_0/src/xil_assert.o
 .text          0x00000000        0x0 ./src/standalone_v7_0/src/xil_printf.o
 .data          0x00000000        0x0 ./src/standalone_v7_0/src/xil_printf.o
 .bss           0x00000000        0x0 ./src/standalone_v7_0/src/xil_printf.o
 .text          0x00000000        0x0 ./src/gpio_v4_4/src/xgpio.o
 .data          0x00000000        0x0 ./src/gpio_v4_4/src/xgpio.o
 .bss           0x00000000        0x0 ./src/gpio_v4_4/src/xgpio.o
 .text.XGpio_SetDataDirection
                0x00000000       0xa8 ./src/gpio_v4_4/src/xgpio.o
 .text.XGpio_GetDataDirection
                0x00000000       0xac ./src/gpio_v4_4/src/xgpio.o
 .text          0x00000000        0x0 ./src/gpio_v4_4/src/xgpio_extra.o
 .data          0x00000000        0x0 ./src/gpio_v4_4/src/xgpio_extra.o
 .bss           0x00000000        0x0 ./src/gpio_v4_4/src/xgpio_extra.o
 .text.Xil_In32
                0x00000000       0x14 ./src/gpio_v4_4/src/xgpio_extra.o
 .text.Xil_Out32
                0x00000000       0x1c ./src/gpio_v4_4/src/xgpio_extra.o
 .rodata        0x00000000       0x23 ./src/gpio_v4_4/src/xgpio_extra.o
 .text.XGpio_DiscreteSet
                0x00000000       0xc4 ./src/gpio_v4_4/src/xgpio_extra.o
 .text.XGpio_DiscreteClear
                0x00000000       0xc8 ./src/gpio_v4_4/src/xgpio_extra.o
 .comment       0x00000000       0x7a ./src/gpio_v4_4/src/xgpio_extra.o
 .ARM.attributes
                0x00000000       0x2c ./src/gpio_v4_4/src/xgpio_extra.o
 .text          0x00000000        0x0 ./src/gpio_v4_4/src/xgpio_g.o
 .data          0x00000000        0x0 ./src/gpio_v4_4/src/xgpio_g.o
 .bss           0x00000000        0x0 ./src/gpio_v4_4/src/xgpio_g.o
 .text          0x00000000        0x0 ./src/gpio_v4_4/src/xgpio_intr.o
 .data          0x00000000        0x0 ./src/gpio_v4_4/src/xgpio_intr.o
 .bss           0x00000000        0x0 ./src/gpio_v4_4/src/xgpio_intr.o
 .text.Xil_In32
                0x00000000       0x14 ./src/gpio_v4_4/src/xgpio_intr.o
 .text.Xil_Out32
                0x00000000       0x1c ./src/gpio_v4_4/src/xgpio_intr.o
 .rodata        0x00000000       0x22 ./src/gpio_v4_4/src/xgpio_intr.o
 .text.XGpio_InterruptGlobalEnable
                0x00000000       0x94 ./src/gpio_v4_4/src/xgpio_intr.o
 .text.XGpio_InterruptGlobalDisable
                0x00000000       0x90 ./src/gpio_v4_4/src/xgpio_intr.o
 .text.XGpio_InterruptEnable
                0x00000000       0xac ./src/gpio_v4_4/src/xgpio_intr.o
 .text.XGpio_InterruptDisable
                0x00000000       0xac ./src/gpio_v4_4/src/xgpio_intr.o
 .text.XGpio_InterruptClear
                0x00000000       0xac ./src/gpio_v4_4/src/xgpio_intr.o
 .text.XGpio_InterruptGetEnabled
                0x00000000       0x9c ./src/gpio_v4_4/src/xgpio_intr.o
 .text.XGpio_InterruptGetStatus
                0x00000000       0xa8 ./src/gpio_v4_4/src/xgpio_intr.o
 .comment       0x00000000       0x7a ./src/gpio_v4_4/src/xgpio_intr.o
 .ARM.attributes
                0x00000000       0x2c ./src/gpio_v4_4/src/xgpio_intr.o
 .text          0x00000000        0x0 ./src/gpio_v4_4/src/xgpio_selftest.o
 .data          0x00000000        0x0 ./src/gpio_v4_4/src/xgpio_selftest.o
 .bss           0x00000000        0x0 ./src/gpio_v4_4/src/xgpio_selftest.o
 .rodata        0x00000000       0x26 ./src/gpio_v4_4/src/xgpio_selftest.o
 .text.XGpio_SelfTest
                0x00000000       0x70 ./src/gpio_v4_4/src/xgpio_selftest.o
 .comment       0x00000000       0x7a ./src/gpio_v4_4/src/xgpio_selftest.o
 .ARM.attributes
                0x00000000       0x2c ./src/gpio_v4_4/src/xgpio_selftest.o
 .text          0x00000000        0x0 ./src/gpio_v4_4/src/xgpio_sinit.o
 .data          0x00000000        0x0 ./src/gpio_v4_4/src/xgpio_sinit.o
 .bss           0x00000000        0x0 ./src/gpio_v4_4/src/xgpio_sinit.o
 .text          0x00000000        0x0 ./src/main.o
 .data          0x00000000        0x0 ./src/main.o
 .bss           0x00000000        0x0 ./src/main.o
 .data          0x00000000        0x0 ./src/starup_ARMCM1.o
 .bss           0x00000000        0x0 ./src/starup_ARMCM1.o
 .text          0x00000000        0x0 ./src/system.o
 .data          0x00000000        0x0 ./src/system.o
 .bss           0x00000000        0x0 ./src/system.o
 .text.SystemCoreClockUpdate
                0x00000000       0x18 ./src/system.o
 .data          0x00000000        0x0 t:/gnu/9 2019-q4-major/bin/../lib/gcc/arm-none-eabi/9.2.1/thumb/v6-m/nofp\libgcc.a(_udivsi3.o)
 .bss           0x00000000        0x0 t:/gnu/9 2019-q4-major/bin/../lib/gcc/arm-none-eabi/9.2.1/thumb/v6-m/nofp\libgcc.a(_udivsi3.o)
 .data          0x00000000        0x0 t:/gnu/9 2019-q4-major/bin/../lib/gcc/arm-none-eabi/9.2.1/thumb/v6-m/nofp\libgcc.a(_dvmd_tls.o)
 .bss           0x00000000        0x0 t:/gnu/9 2019-q4-major/bin/../lib/gcc/arm-none-eabi/9.2.1/thumb/v6-m/nofp\libgcc.a(_dvmd_tls.o)
 .text          0x00000000        0x0 t:/gnu/9 2019-q4-major/bin/../lib/gcc/arm-none-eabi/9.2.1/../../../../arm-none-eabi/lib/thumb/v6-m/nofp\libc.a(lib_a-ctype_.o)
 .data          0x00000000        0x0 t:/gnu/9 2019-q4-major/bin/../lib/gcc/arm-none-eabi/9.2.1/../../../../arm-none-eabi/lib/thumb/v6-m/nofp\libc.a(lib_a-ctype_.o)
 .bss           0x00000000        0x0 t:/gnu/9 2019-q4-major/bin/../lib/gcc/arm-none-eabi/9.2.1/../../../../arm-none-eabi/lib/thumb/v6-m/nofp\libc.a(lib_a-ctype_.o)
 .text          0x00000000        0x0 t:/gnu/9 2019-q4-major/bin/../lib/gcc/arm-none-eabi/9.2.1/../../../../arm-none-eabi/lib/thumb/v6-m/nofp\libc.a(lib_a-strlen-stub.o)
 .data          0x00000000        0x0 t:/gnu/9 2019-q4-major/bin/../lib/gcc/arm-none-eabi/9.2.1/../../../../arm-none-eabi/lib/thumb/v6-m/nofp\libc.a(lib_a-strlen-stub.o)
 .bss           0x00000000        0x0 t:/gnu/9 2019-q4-major/bin/../lib/gcc/arm-none-eabi/9.2.1/../../../../arm-none-eabi/lib/thumb/v6-m/nofp\libc.a(lib_a-strlen-stub.o)

Memory Configuration

Name             Origin             Length             Attributes
IRAM             0x20000000         0x00005000
IROM             0x00000000         0x00005000
*default*        0x00000000         0xffffffff

Linker script and memory map

START GROUP
LOAD t:/gnu/9 2019-q4-major/bin/../lib/gcc/arm-none-eabi/9.2.1/thumb/v6-m/nofp\libgcc.a
LOAD t:/gnu/9 2019-q4-major/bin/../lib/gcc/arm-none-eabi/9.2.1/../../../../arm-none-eabi/lib/thumb/v6-m/nofp\libc.a
LOAD t:/gnu/9 2019-q4-major/bin/../lib/gcc/arm-none-eabi/9.2.1/../../../../arm-none-eabi/lib/thumb/v6-m/nofp\libc.a
LOAD t:/gnu/9 2019-q4-major/bin/../lib/gcc/arm-none-eabi/9.2.1/../../../../arm-none-eabi/lib/thumb/v6-m/nofp\libm.a
LOAD t:/gnu/9 2019-q4-major/bin/../lib/gcc/arm-none-eabi/9.2.1/../../../../arm-none-eabi/lib/thumb/v6-m/nofp\librdimon.a
END GROUP
LOAD ./src/uartlite_v3_2/src/xuartlite.o
LOAD ./src/uartlite_v3_2/src/xuartlite_g.o
LOAD ./src/uartlite_v3_2/src/xuartlite_intr.o
LOAD ./src/uartlite_v3_2/src/xuartlite_l.o
LOAD ./src/uartlite_v3_2/src/xuartlite_selftest.o
LOAD ./src/uartlite_v3_2/src/xuartlite_sinit.o
LOAD ./src/uartlite_v3_2/src/xuartlite_stats.o
LOAD ./src/standalone_v7_0/src/outbyte.o
LOAD ./src/standalone_v7_0/src/print.o
LOAD ./src/standalone_v7_0/src/xil_assert.o
LOAD ./src/standalone_v7_0/src/xil_printf.o
LOAD ./src/gpio_v4_4/src/xgpio.o
LOAD ./src/gpio_v4_4/src/xgpio_extra.o
LOAD ./src/gpio_v4_4/src/xgpio_g.o
LOAD ./src/gpio_v4_4/src/xgpio_intr.o
LOAD ./src/gpio_v4_4/src/xgpio_selftest.o
LOAD ./src/gpio_v4_4/src/xgpio_sinit.o
LOAD ./src/main.o
LOAD ./src/starup_ARMCM1.o
LOAD ./src/system.o
START GROUP
LOAD t:/gnu/9 2019-q4-major/bin/../lib/gcc/arm-none-eabi/9.2.1/thumb/v6-m/nofp\libgcc.a
LOAD t:/gnu/9 2019-q4-major/bin/../lib/gcc/arm-none-eabi/9.2.1/../../../../arm-none-eabi/lib/thumb/v6-m/nofp\libc.a
END GROUP
START GROUP
LOAD t:/gnu/9 2019-q4-major/bin/../lib/gcc/arm-none-eabi/9.2.1/thumb/v6-m/nofp\libgcc.a
LOAD t:/gnu/9 2019-q4-major/bin/../lib/gcc/arm-none-eabi/9.2.1/../../../../arm-none-eabi/lib/thumb/v6-m/nofp\libc.a
LOAD t:/gnu/9 2019-q4-major/bin/../lib/gcc/arm-none-eabi/9.2.1/../../../../arm-none-eabi/lib/thumb/v6-m/nofp\librdimon.a
END GROUP

.text           0x00000000     0x1049
 *(.text)
 .text          0x00000000      0x134 ./src/starup_ARMCM1.o
                0x00000000                __Vectors
                0x000000c0                Reset_Handler
                0x000000f2                NMI_IRQHandler
                0x000000f4                HardFault_IRQHandler
                0x000000f6                SVC_Handler
                0x000000f8                PendSV_Handler
                0x000000fa                SysTick_Handler
                0x000000fc                CT_IRQHandler
                0x000000fe                TIMER0_IRQHandler
                0x00000100                NVM0_IRQHandler
                0x00000102                ALGORITHM_IRQHandler
                0x00000104                SECURITY_IRQHandler
                0x00000106                APP_IRQHandler
                0x00000108                TIMER1_IRQHandler
                0x0000010a                TIMER2_IRQHandler
                0x0000010c                SPI_IRQHandler
                0x0000010e                GPIO_IRQHandler
                0x00000110                RF_IRQHandler
 .text          0x00000134      0x114 t:/gnu/9 2019-q4-major/bin/../lib/gcc/arm-none-eabi/9.2.1/thumb/v6-m/nofp\libgcc.a(_udivsi3.o)
                0x00000134                __aeabi_uidiv
                0x00000134                __udivsi3
                0x00000240                __aeabi_uidivmod
 .text          0x00000248        0x4 t:/gnu/9 2019-q4-major/bin/../lib/gcc/arm-none-eabi/9.2.1/thumb/v6-m/nofp\libgcc.a(_dvmd_tls.o)
                0x00000248                __aeabi_idiv0
                0x00000248                __aeabi_ldiv0
 *(.text .text.*)
 .text.Xil_In32
                0x0000024c       0x14 ./src/uartlite_v3_2/src/xuartlite_l.o
 .text.Xil_Out32
                0x00000260       0x1c ./src/uartlite_v3_2/src/xuartlite_l.o
 .text.XUartLite_SendByte
                0x0000027c       0x3c ./src/uartlite_v3_2/src/xuartlite_l.o
                0x0000027c                XUartLite_SendByte
 .text.outbyte  0x000002b8       0x28 ./src/standalone_v7_0/src/outbyte.o
                0x000002b8                outbyte
 .text.print    0x000002e0       0x30 ./src/standalone_v7_0/src/print.o
                0x000002e0                print
 .text.Xil_Assert
                0x00000310       0x3c ./src/standalone_v7_0/src/xil_assert.o
                0x00000310                Xil_Assert
 .text.padding  0x0000034c       0x50 ./src/standalone_v7_0/src/xil_printf.o
 .text.outs     0x0000039c       0x80 ./src/standalone_v7_0/src/xil_printf.o
 .text.outnum   0x0000041c      0x12c ./src/standalone_v7_0/src/xil_printf.o
 .text.getnum   0x00000548       0xb0 ./src/standalone_v7_0/src/xil_printf.o
 .text.xil_printf
                0x000005f8      0x278 ./src/standalone_v7_0/src/xil_printf.o
                0x000005f8                xil_printf
 .text.Xil_In32
                0x00000870       0x14 ./src/gpio_v4_4/src/xgpio.o
 .text.Xil_Out32
                0x00000884       0x1c ./src/gpio_v4_4/src/xgpio.o
 .text.XGpio_CfgInitialize
                0x000008a0       0x60 ./src/gpio_v4_4/src/xgpio.o
                0x000008a0                XGpio_CfgInitialize
 .text.XGpio_DiscreteRead
                0x00000900       0xa8 ./src/gpio_v4_4/src/xgpio.o
                0x00000900                XGpio_DiscreteRead
 .text.XGpio_DiscreteWrite
                0x000009a8       0xa8 ./src/gpio_v4_4/src/xgpio.o
                0x000009a8                XGpio_DiscreteWrite
 .text.XGpio_LookupConfig
                0x00000a50       0x4c ./src/gpio_v4_4/src/xgpio_sinit.o
                0x00000a50                XGpio_LookupConfig
 .text.XGpio_Initialize
                0x00000a9c       0x70 ./src/gpio_v4_4/src/xgpio_sinit.o
                0x00000a9c                XGpio_Initialize
 .text.main     0x00000b0c      0x144 ./src/main.o
                0x00000b0c                main
 .text.SystemInit
                0x00000c50       0x18 ./src/system.o
                0x00000c50                SystemInit
 .text.strlen   0x00000c68       0x5c t:/gnu/9 2019-q4-major/bin/../lib/gcc/arm-none-eabi/9.2.1/../../../../arm-none-eabi/lib/thumb/v6-m/nofp\libc.a(lib_a-strlen-stub.o)
                0x00000c68                strlen
 *(.rodata .rodata.* .constdata .constdata.*)
 .rodata        0x00000cc4       0x11 ./src/standalone_v7_0/src/xil_printf.o
 *fill*         0x00000cd5        0x3 
 .rodata.xil_printf
                0x00000cd8      0x150 ./src/standalone_v7_0/src/xil_printf.o
 .rodata        0x00000e28       0x1d ./src/gpio_v4_4/src/xgpio.o
 *fill*         0x00000e45        0x3 
 .rodata        0x00000e48       0x23 ./src/gpio_v4_4/src/xgpio_sinit.o
 *fill*         0x00000e6b        0x1 
 .rodata        0x00000e6c       0xdc ./src/main.o
 .rodata._ctype_
                0x00000f48      0x101 t:/gnu/9 2019-q4-major/bin/../lib/gcc/arm-none-eabi/9.2.1/../../../../arm-none-eabi/lib/thumb/v6-m/nofp\libc.a(lib_a-ctype_.o)
                0x00000f48                _ctype_
 *(.glue_7)
 .glue_7        0x00001049        0x0 linker stubs
 *(.glue_7t)
 .glue_7t       0x00001049        0x0 linker stubs

.vfp11_veneer   0x0000104c        0x0
 .vfp11_veneer  0x0000104c        0x0 linker stubs

.v4_bx          0x0000104c        0x0
 .v4_bx         0x0000104c        0x0 linker stubs

.iplt           0x0000104c        0x0
 .iplt          0x0000104c        0x0 ./src/uartlite_v3_2/src/xuartlite_l.o

.rel.dyn        0x0000104c        0x0
 .rel.iplt      0x0000104c        0x0 ./src/uartlite_v3_2/src/xuartlite_l.o

.data           0x0000104c       0x28
                0x0000104c                _idata = .
 *(.data)
 *(.data .data.*)
 .data.Xil_AssertWait
                0x0000104c        0x4 ./src/standalone_v7_0/src/xil_assert.o
                0x0000104c                Xil_AssertWait
 .data.XGpio_ConfigTable
                0x00001050       0x20 ./src/gpio_v4_4/src/xgpio_g.o
                0x00001050                XGpio_ConfigTable
 .data.SystemCoreClock
                0x00001070        0x4 ./src/system.o
                0x00001070                SystemCoreClock

.igot.plt       0x00001074        0x0
 .igot.plt      0x00001074        0x0 ./src/uartlite_v3_2/src/xuartlite_l.o

.bss            0x20000000       0x2c
                0x20000000                _sdata = .
                0x20000028                . = (. + SIZEOF (.data))
 *fill*         0x20000000       0x28 
                0x20000028                _edata = .
                0x20000028                _sbss = .
 *(.bss)
                0x20000028                _ebss = .
 COMMON         0x20000028        0x4 ./src/standalone_v7_0/src/xil_assert.o
                0x20000028                Xil_AssertStatus

.bss.Xil_AssertCallbackRoutine
                0x2000002c        0x4
 .bss.Xil_AssertCallbackRoutine
                0x2000002c        0x4 ./src/standalone_v7_0/src/xil_assert.o

.STACK          0x20000030      0x500
 *(.STACK)
 .STACK         0x20000030      0x500 ./src/starup_ARMCM1.o
                0x20000530                __initial_sp
OUTPUT(REF2.elf elf32-littlearm)

.comment        0x00000000       0x79
 .comment       0x00000000       0x79 ./src/uartlite_v3_2/src/xuartlite_l.o
                                 0x7a (size before relaxing)
 .comment       0x00000079       0x7a ./src/standalone_v7_0/src/outbyte.o
 .comment       0x00000079       0x7a ./src/standalone_v7_0/src/print.o
 .comment       0x00000079       0x7a ./src/standalone_v7_0/src/xil_assert.o
 .comment       0x00000079       0x7a ./src/standalone_v7_0/src/xil_printf.o
 .comment       0x00000079       0x7a ./src/gpio_v4_4/src/xgpio.o
 .comment       0x00000079       0x7a ./src/gpio_v4_4/src/xgpio_g.o
 .comment       0x00000079       0x7a ./src/gpio_v4_4/src/xgpio_sinit.o
 .comment       0x00000079       0x7a ./src/main.o
 .comment       0x00000079       0x7a ./src/system.o

.ARM.attributes
                0x00000000       0x2a
 .ARM.attributes
                0x00000000       0x2c ./src/uartlite_v3_2/src/xuartlite_l.o
 .ARM.attributes
                0x0000002c       0x2c ./src/standalone_v7_0/src/outbyte.o
 .ARM.attributes
                0x00000058       0x2c ./src/standalone_v7_0/src/print.o
 .ARM.attributes
                0x00000084       0x2c ./src/standalone_v7_0/src/xil_assert.o
 .ARM.attributes
                0x000000b0       0x2c ./src/standalone_v7_0/src/xil_printf.o
 .ARM.attributes
                0x000000dc       0x2c ./src/gpio_v4_4/src/xgpio.o
 .ARM.attributes
                0x00000108       0x31 ./src/gpio_v4_4/src/xgpio_g.o
 .ARM.attributes
                0x00000139       0x2c ./src/gpio_v4_4/src/xgpio_sinit.o
 .ARM.attributes
                0x00000165       0x2c ./src/main.o
 .ARM.attributes
                0x00000191       0x1c ./src/starup_ARMCM1.o
 .ARM.attributes
                0x000001ad       0x2c ./src/system.o
 .ARM.attributes
                0x000001d9       0x1e t:/gnu/9 2019-q4-major/bin/../lib/gcc/arm-none-eabi/9.2.1/thumb/v6-m/nofp\libgcc.a(_udivsi3.o)
 .ARM.attributes
                0x000001f7       0x1e t:/gnu/9 2019-q4-major/bin/../lib/gcc/arm-none-eabi/9.2.1/thumb/v6-m/nofp\libgcc.a(_dvmd_tls.o)
 .ARM.attributes
                0x00000215       0x2c t:/gnu/9 2019-q4-major/bin/../lib/gcc/arm-none-eabi/9.2.1/../../../../arm-none-eabi/lib/thumb/v6-m/nofp\libc.a(lib_a-ctype_.o)
 .ARM.attributes
                0x00000241       0x2c t:/gnu/9 2019-q4-major/bin/../lib/gcc/arm-none-eabi/9.2.1/../../../../arm-none-eabi/lib/thumb/v6-m/nofp\libc.a(lib_a-strlen-stub.o)

.HEAP           0x00000000        0x0
 .HEAP          0x00000000        0x0 ./src/starup_ARMCM1.o

.debug_frame    0x00000000       0x48
 .debug_frame   0x00000000       0x20 t:/gnu/9 2019-q4-major/bin/../lib/gcc/arm-none-eabi/9.2.1/thumb/v6-m/nofp\libgcc.a(_udivsi3.o)
 .debug_frame   0x00000020       0x28 t:/gnu/9 2019-q4-major/bin/../lib/gcc/arm-none-eabi/9.2.1/../../../../arm-none-eabi/lib/thumb/v6-m/nofp\libc.a(lib_a-strlen-stub.o)
