<html>
<body>
<pre>
<h1>µVision Build Log</h1>
<h2>Tool Versions:</h2>
IDE-Version: µVision V5.26.2.0
Copyright (C) 2018 ARM Ltd and ARM Germany GmbH. All rights reserved.
License Information: George Maiorean, IDEX, LIC=----
 
Tool Versions:
Toolchain:       MDK-Lite  Version: 5.26.2.0
Toolchain Path:  C:\Keil_v5\ARM\ARMCC\Bin
C Compiler:      Armcc.exe V5.06 update 6 (build 750)
Assembler:       Armasm.exe V5.06 update 6 (build 750)
Linker/Locator:  ArmLink.exe V5.06 update 6 (build 750)
Library Manager: ArmAr.exe V5.06 update 6 (build 750)
Hex Converter:   FromElf.exe V5.06 update 6 (build 750)
CPU DLL:         SARMCM3.DLL V5.26.2.0
Dialog DLL:      DARMCM1.DLL V1.19.1.0
Target DLL:      UL2CM3.DLL V1.161.6.0
Dialog DLL:      TARMCM1.DLL V1.14.0.0
 
<h2>Project:</h2>
C:\Users\george\Documents\Workspace\Xilinx\project_1\hello.uvprojx
Project File Date:  05/22/2020

<h2>Output:</h2>
*** Using Compiler 'V5.06 update 6 (build 750)', folder: 'C:\Keil_v5\ARM\ARMCC\Bin'
Build target 'hello'
compiling xuartlite_g.c...
.\project_1.sdk\standalone_bsp_0\CORTEXM1_AXI_1\include\xil_assert.h(195): warning:  #1-D: last line of file ends without a newline
  */
project_1.sdk\standalone_bsp_0\CORTEXM1_AXI_1\libsrc\uartlite_v3_2\src\xuartlite_g.c: 1 warning, 0 errors
compiling main.c...
compiling xuartlite_sinit.c...
.\project_1.sdk\standalone_bsp_0\CORTEXM1_AXI_1\include\xil_assert.h(195): warning:  #1-D: last line of file ends without a newline
  */
project_1.sdk\standalone_bsp_0\CORTEXM1_AXI_1\libsrc\uartlite_v3_2\src\xuartlite_sinit.c: 1 warning, 0 errors
compiling xuartlite_l.c...
.\project_1.sdk\standalone_bsp_0\CORTEXM1_AXI_1\include\xil_assert.h(195): warning:  #1-D: last line of file ends without a newline
  */
project_1.sdk\standalone_bsp_0\CORTEXM1_AXI_1\libsrc\uartlite_v3_2\src\xuartlite_l.c: 1 warning, 0 errors
compiling xuartlite_selftest.c...
.\project_1.sdk\standalone_bsp_0\CORTEXM1_AXI_1\include\xil_assert.h(195): warning:  #1-D: last line of file ends without a newline
  */
project_1.sdk\standalone_bsp_0\CORTEXM1_AXI_1\libsrc\uartlite_v3_2\src\xuartlite_selftest.c: 1 warning, 0 errors
compiling xuartlite_intr.c...
.\project_1.sdk\standalone_bsp_0\CORTEXM1_AXI_1\include\xil_assert.h(195): warning:  #1-D: last line of file ends without a newline
  */
project_1.sdk\standalone_bsp_0\CORTEXM1_AXI_1\libsrc\uartlite_v3_2\src\xuartlite_intr.c: 1 warning, 0 errors
compiling xuartlite.c...
.\project_1.sdk\standalone_bsp_0\CORTEXM1_AXI_1\include\xil_assert.h(195): warning:  #1-D: last line of file ends without a newline
  */
project_1.sdk\standalone_bsp_0\CORTEXM1_AXI_1\libsrc\uartlite_v3_2\src\xuartlite.c: 1 warning, 0 errors
compiling outbyte.c...
.\project_1.sdk\standalone_bsp_0\CORTEXM1_AXI_1\include\xil_assert.h(195): warning:  #1-D: last line of file ends without a newline
  */
project_1.sdk\standalone_bsp_0\CORTEXM1_AXI_1\libsrc\standalone_v6_7\src\outbyte.c: 1 warning, 0 errors
compiling xuartlite_stats.c...
.\project_1.sdk\standalone_bsp_0\CORTEXM1_AXI_1\include\xil_assert.h(195): warning:  #1-D: last line of file ends without a newline
  */
project_1.sdk\standalone_bsp_0\CORTEXM1_AXI_1\libsrc\uartlite_v3_2\src\xuartlite_stats.c: 1 warning, 0 errors
compiling print.c...
compiling xil_assert.c...
project_1.sdk\standalone_bsp_0\CORTEXM1_AXI_1\libsrc\standalone_v6_7\src\xil_assert.h(195): warning:  #1-D: last line of file ends without a newline
  */
project_1.sdk\standalone_bsp_0\CORTEXM1_AXI_1\libsrc\standalone_v6_7\src\xil_assert.c: 1 warning, 0 errors
compiling xgpio.c...
.\project_1.sdk\standalone_bsp_0\CORTEXM1_AXI_1\include\xil_assert.h(195): warning:  #1-D: last line of file ends without a newline
  */
project_1.sdk\standalone_bsp_0\CORTEXM1_AXI_1\libsrc\gpio_v4_4\src\xgpio.c: 1 warning, 0 errors
compiling xil_printf.c...
project_1.sdk\standalone_bsp_0\CORTEXM1_AXI_1\libsrc\standalone_v6_7\src\xil_assert.h(195): warning:  #1-D: last line of file ends without a newline
  */
project_1.sdk\standalone_bsp_0\CORTEXM1_AXI_1\libsrc\standalone_v6_7\src\xil_printf.c: 1 warning, 0 errors
compiling xgpio_extra.c...
.\project_1.sdk\standalone_bsp_0\CORTEXM1_AXI_1\include\xil_assert.h(195): warning:  #1-D: last line of file ends without a newline
  */
project_1.sdk\standalone_bsp_0\CORTEXM1_AXI_1\libsrc\gpio_v4_4\src\xgpio_extra.c: 1 warning, 0 errors
compiling xgpio_g.c...
.\project_1.sdk\standalone_bsp_0\CORTEXM1_AXI_1\include\xil_assert.h(195): warning:  #1-D: last line of file ends without a newline
  */
project_1.sdk\standalone_bsp_0\CORTEXM1_AXI_1\libsrc\gpio_v4_4\src\xgpio_g.c: 1 warning, 0 errors
compiling xgpio_sinit.c...
.\project_1.sdk\standalone_bsp_0\CORTEXM1_AXI_1\include\xil_assert.h(195): warning:  #1-D: last line of file ends without a newline
  */
project_1.sdk\standalone_bsp_0\CORTEXM1_AXI_1\libsrc\gpio_v4_4\src\xgpio_sinit.c: 1 warning, 0 errors
compiling xgpio_selftest.c...
.\project_1.sdk\standalone_bsp_0\CORTEXM1_AXI_1\include\xil_assert.h(195): warning:  #1-D: last line of file ends without a newline
  */
project_1.sdk\standalone_bsp_0\CORTEXM1_AXI_1\libsrc\gpio_v4_4\src\xgpio_selftest.c: 1 warning, 0 errors
compiling xgpio_intr.c...
.\project_1.sdk\standalone_bsp_0\CORTEXM1_AXI_1\include\xil_assert.h(195): warning:  #1-D: last line of file ends without a newline
  */
project_1.sdk\standalone_bsp_0\CORTEXM1_AXI_1\libsrc\gpio_v4_4\src\xgpio_intr.c: 1 warning, 0 errors
compiling xtmrctr_g.c...
.\project_1.sdk\standalone_bsp_0\CORTEXM1_AXI_1\include\xil_assert.h(195): warning:  #1-D: last line of file ends without a newline
  */
project_1.sdk\standalone_bsp_0\CORTEXM1_AXI_1\libsrc\tmrctr_v4_5\src\xtmrctr_g.c: 1 warning, 0 errors
compiling xtmrctr.c...
.\project_1.sdk\standalone_bsp_0\CORTEXM1_AXI_1\include\xil_assert.h(195): warning:  #1-D: last line of file ends without a newline
  */
project_1.sdk\standalone_bsp_0\CORTEXM1_AXI_1\libsrc\tmrctr_v4_5\src\xtmrctr.c: 1 warning, 0 errors
compiling xtmrctr_intr.c...
.\project_1.sdk\standalone_bsp_0\CORTEXM1_AXI_1\include\xil_assert.h(195): warning:  #1-D: last line of file ends without a newline
  */
project_1.sdk\standalone_bsp_0\CORTEXM1_AXI_1\libsrc\tmrctr_v4_5\src\xtmrctr_intr.c: 1 warning, 0 errors
compiling xtmrctr_l.c...
compiling xtmrctr_selftest.c...
.\project_1.sdk\standalone_bsp_0\CORTEXM1_AXI_1\include\xil_assert.h(195): warning:  #1-D: last line of file ends without a newline
  */
project_1.sdk\standalone_bsp_0\CORTEXM1_AXI_1\libsrc\tmrctr_v4_5\src\xtmrctr_selftest.c: 1 warning, 0 errors
compiling xtmrctr_options.c...
.\project_1.sdk\standalone_bsp_0\CORTEXM1_AXI_1\include\xil_assert.h(195): warning:  #1-D: last line of file ends without a newline
  */
project_1.sdk\standalone_bsp_0\CORTEXM1_AXI_1\libsrc\tmrctr_v4_5\src\xtmrctr_options.c: 1 warning, 0 errors
compiling xtmrctr_sinit.c...
.\project_1.sdk\standalone_bsp_0\CORTEXM1_AXI_1\include\xil_assert.h(195): warning:  #1-D: last line of file ends without a newline
  */
project_1.sdk\standalone_bsp_0\CORTEXM1_AXI_1\libsrc\tmrctr_v4_5\src\xtmrctr_sinit.c: 1 warning, 0 errors
compiling xtmrctr_stats.c...
.\project_1.sdk\standalone_bsp_0\CORTEXM1_AXI_1\include\xil_assert.h(195): warning:  #1-D: last line of file ends without a newline
  */
project_1.sdk\standalone_bsp_0\CORTEXM1_AXI_1\libsrc\tmrctr_v4_5\src\xtmrctr_stats.c: 1 warning, 0 errors
assembling startup_ARMCM1.s...
compiling system_ARMCM1.c...
linking...
Program Size: Code=348 RO-data=224 RW-data=4 ZI-data=1028  
FromELF: creating hex file...
".\Objects\hello.axf" - 0 Error(s), 23 Warning(s).

<h2>Software Packages used:</h2>

Package Vendor: ARM
                http://www.keil.com/pack/ARM.CMSIS.5.4.0.pack
                ARM.CMSIS.5.4.0
                CMSIS (Cortex Microcontroller Software Interface Standard)
   * Component: CORE Version: 5.1.2
   * Component: Startup Version: 1.0.1

<h2>Collection of Component include folders:</h2>
  .\RTE\_hello
  C:\Keil_v5\ARM\PACK\ARM\CMSIS\5.4.0\CMSIS\Core\Include
  C:\Keil_v5\ARM\PACK\ARM\CMSIS\5.4.0\Device\ARM\ARMCM1\Include

<h2>Collection of Component Files used:</h2>

   * Component: ARM::CMSIS:CORE:5.1.2

   * Component: ARM::Device:Startup:1.0.1
      Source file:   Device\ARM\ARMCM1\Source\ARM\startup_ARMCM1.s
      Source file:   Device\ARM\ARMCM1\Source\system_ARMCM1.c
      Include file:  Device\ARM\ARMCM1\Include\ARMCM1.h
Build Time Elapsed:  00:00:02
</pre>
</body>
</html>
