Archive member included to satisfy reference by file (symbol)

c:/users/george/documents/idex/tools/9 2019-q4-major/bin/../lib/gcc/arm-none-eabi/9.2.1/thumb/v6-m/nofp\libgcc.a(_udivsi3.o)
                              ./src/tmrctr_v4_5/src/xtmrctr.o (__aeabi_uidiv)
c:/users/george/documents/idex/tools/9 2019-q4-major/bin/../lib/gcc/arm-none-eabi/9.2.1/thumb/v6-m/nofp\libgcc.a(_dvmd_tls.o)
                              c:/users/george/documents/idex/tools/9 2019-q4-major/bin/../lib/gcc/arm-none-eabi/9.2.1/thumb/v6-m/nofp\libgcc.a(_udivsi3.o) (__aeabi_idiv0)
c:/users/george/documents/idex/tools/9 2019-q4-major/bin/../lib/gcc/arm-none-eabi/9.2.1/thumb/v6-m/nofp\libgcc.a(_fixunssfsi.o)
                              ./src/tmrctr_v4_5/src/xtmrctr.o (__aeabi_f2uiz)
c:/users/george/documents/idex/tools/9 2019-q4-major/bin/../lib/gcc/arm-none-eabi/9.2.1/thumb/v6-m/nofp\libgcc.a(_floatundisf.o)
                              ./src/tmrctr_v4_5/src/xtmrctr.o (__aeabi_ul2f)
c:/users/george/documents/idex/tools/9 2019-q4-major/bin/../lib/gcc/arm-none-eabi/9.2.1/thumb/v6-m/nofp\libgcc.a(divsf3.o)
                              ./src/tmrctr_v4_5/src/xtmrctr.o (__aeabi_fdiv)
c:/users/george/documents/idex/tools/9 2019-q4-major/bin/../lib/gcc/arm-none-eabi/9.2.1/thumb/v6-m/nofp\libgcc.a(mulsf3.o)
                              ./src/tmrctr_v4_5/src/xtmrctr.o (__aeabi_fmul)
c:/users/george/documents/idex/tools/9 2019-q4-major/bin/../lib/gcc/arm-none-eabi/9.2.1/thumb/v6-m/nofp\libgcc.a(subsf3.o)
                              c:/users/george/documents/idex/tools/9 2019-q4-major/bin/../lib/gcc/arm-none-eabi/9.2.1/thumb/v6-m/nofp\libgcc.a(_fixunssfsi.o) (__aeabi_fsub)
c:/users/george/documents/idex/tools/9 2019-q4-major/bin/../lib/gcc/arm-none-eabi/9.2.1/thumb/v6-m/nofp\libgcc.a(fixsfsi.o)
                              c:/users/george/documents/idex/tools/9 2019-q4-major/bin/../lib/gcc/arm-none-eabi/9.2.1/thumb/v6-m/nofp\libgcc.a(_fixunssfsi.o) (__aeabi_f2iz)
c:/users/george/documents/idex/tools/9 2019-q4-major/bin/../lib/gcc/arm-none-eabi/9.2.1/thumb/v6-m/nofp\libgcc.a(adddf3.o)
                              c:/users/george/documents/idex/tools/9 2019-q4-major/bin/../lib/gcc/arm-none-eabi/9.2.1/thumb/v6-m/nofp\libgcc.a(_floatundisf.o) (__aeabi_dadd)
c:/users/george/documents/idex/tools/9 2019-q4-major/bin/../lib/gcc/arm-none-eabi/9.2.1/thumb/v6-m/nofp\libgcc.a(muldf3.o)
                              c:/users/george/documents/idex/tools/9 2019-q4-major/bin/../lib/gcc/arm-none-eabi/9.2.1/thumb/v6-m/nofp\libgcc.a(_floatundisf.o) (__aeabi_dmul)
c:/users/george/documents/idex/tools/9 2019-q4-major/bin/../lib/gcc/arm-none-eabi/9.2.1/thumb/v6-m/nofp\libgcc.a(floatunsidf.o)
                              c:/users/george/documents/idex/tools/9 2019-q4-major/bin/../lib/gcc/arm-none-eabi/9.2.1/thumb/v6-m/nofp\libgcc.a(_floatundisf.o) (__aeabi_ui2d)
c:/users/george/documents/idex/tools/9 2019-q4-major/bin/../lib/gcc/arm-none-eabi/9.2.1/thumb/v6-m/nofp\libgcc.a(truncdfsf2.o)
                              c:/users/george/documents/idex/tools/9 2019-q4-major/bin/../lib/gcc/arm-none-eabi/9.2.1/thumb/v6-m/nofp\libgcc.a(_floatundisf.o) (__aeabi_d2f)
c:/users/george/documents/idex/tools/9 2019-q4-major/bin/../lib/gcc/arm-none-eabi/9.2.1/thumb/v6-m/nofp\libgcc.a(_arm_cmpsf2.o)
                              c:/users/george/documents/idex/tools/9 2019-q4-major/bin/../lib/gcc/arm-none-eabi/9.2.1/thumb/v6-m/nofp\libgcc.a(_fixunssfsi.o) (__aeabi_fcmpge)
c:/users/george/documents/idex/tools/9 2019-q4-major/bin/../lib/gcc/arm-none-eabi/9.2.1/thumb/v6-m/nofp\libgcc.a(_clzsi2.o)
                              c:/users/george/documents/idex/tools/9 2019-q4-major/bin/../lib/gcc/arm-none-eabi/9.2.1/thumb/v6-m/nofp\libgcc.a(divsf3.o) (__clzsi2)
c:/users/george/documents/idex/tools/9 2019-q4-major/bin/../lib/gcc/arm-none-eabi/9.2.1/thumb/v6-m/nofp\libgcc.a(eqsf2.o)
                              c:/users/george/documents/idex/tools/9 2019-q4-major/bin/../lib/gcc/arm-none-eabi/9.2.1/thumb/v6-m/nofp\libgcc.a(_arm_cmpsf2.o) (__eqsf2)
c:/users/george/documents/idex/tools/9 2019-q4-major/bin/../lib/gcc/arm-none-eabi/9.2.1/thumb/v6-m/nofp\libgcc.a(gesf2.o)
                              c:/users/george/documents/idex/tools/9 2019-q4-major/bin/../lib/gcc/arm-none-eabi/9.2.1/thumb/v6-m/nofp\libgcc.a(_arm_cmpsf2.o) (__gesf2)
c:/users/george/documents/idex/tools/9 2019-q4-major/bin/../lib/gcc/arm-none-eabi/9.2.1/thumb/v6-m/nofp\libgcc.a(lesf2.o)
                              c:/users/george/documents/idex/tools/9 2019-q4-major/bin/../lib/gcc/arm-none-eabi/9.2.1/thumb/v6-m/nofp\libgcc.a(_arm_cmpsf2.o) (__lesf2)
c:/users/george/documents/idex/tools/9 2019-q4-major/bin/../lib/gcc/arm-none-eabi/9.2.1/../../../../arm-none-eabi/lib/thumb/v6-m/nofp\libc.a(lib_a-ctype_.o)
                              ./src/standalone_v7_0/src/xil_printf.o (_ctype_)
c:/users/george/documents/idex/tools/9 2019-q4-major/bin/../lib/gcc/arm-none-eabi/9.2.1/../../../../arm-none-eabi/lib/thumb/v6-m/nofp\libc.a(lib_a-strlen-stub.o)
                              ./src/standalone_v7_0/src/xil_printf.o (strlen)

Allocating common symbols
Common symbol       size              file

WriteBuffer         0x11              ./src/apps/spi.o
sleeping            0x4               ./src/irqhandler.o
ReadBuffer          0x11              ./src/apps/spi.o
Xil_AssertStatus    0x4               ./src/standalone_v7_0/src/xil_assert.o

Discarded input sections

 .text          0x00000000        0x0 ./src/uartlite_v3_2/src/xuartlite.o
 .data          0x00000000        0x0 ./src/uartlite_v3_2/src/xuartlite.o
 .bss           0x00000000        0x0 ./src/uartlite_v3_2/src/xuartlite.o
 .text.Xil_In32
                0x00000000       0x14 ./src/uartlite_v3_2/src/xuartlite.o
 .text.Xil_Out32
                0x00000000       0x1c ./src/uartlite_v3_2/src/xuartlite.o
 .rodata        0x00000000       0x25 ./src/uartlite_v3_2/src/xuartlite.o
 .text.XUartLite_CfgInitialize
                0x00000000       0x98 ./src/uartlite_v3_2/src/xuartlite.o
 .text.XUartLite_Send
                0x00000000      0x100 ./src/uartlite_v3_2/src/xuartlite.o
 .text.XUartLite_Recv
                0x00000000      0x114 ./src/uartlite_v3_2/src/xuartlite.o
 .text.XUartLite_ResetFifos
                0x00000000       0x98 ./src/uartlite_v3_2/src/xuartlite.o
 .text.XUartLite_IsSending
                0x00000000       0x5c ./src/uartlite_v3_2/src/xuartlite.o
 .text.StubHandler
                0x00000000       0x30 ./src/uartlite_v3_2/src/xuartlite.o
 .text.XUartLite_SendBuffer
                0x00000000       0xe2 ./src/uartlite_v3_2/src/xuartlite.o
 .text.XUartLite_ReceiveBuffer
                0x00000000      0x106 ./src/uartlite_v3_2/src/xuartlite.o
 .comment       0x00000000       0x7a ./src/uartlite_v3_2/src/xuartlite.o
 .ARM.attributes
                0x00000000       0x2c ./src/uartlite_v3_2/src/xuartlite.o
 .text          0x00000000        0x0 ./src/uartlite_v3_2/src/xuartlite_g.o
 .data          0x00000000        0x0 ./src/uartlite_v3_2/src/xuartlite_g.o
 .bss           0x00000000        0x0 ./src/uartlite_v3_2/src/xuartlite_g.o
 .data.XUartLite_ConfigTable
                0x00000000       0x10 ./src/uartlite_v3_2/src/xuartlite_g.o
 .comment       0x00000000       0x7a ./src/uartlite_v3_2/src/xuartlite_g.o
 .ARM.attributes
                0x00000000       0x31 ./src/uartlite_v3_2/src/xuartlite_g.o
 .text          0x00000000        0x0 ./src/uartlite_v3_2/src/xuartlite_intr.o
 .data          0x00000000        0x0 ./src/uartlite_v3_2/src/xuartlite_intr.o
 .bss           0x00000000        0x0 ./src/uartlite_v3_2/src/xuartlite_intr.o
 .text.Xil_In32
                0x00000000       0x14 ./src/uartlite_v3_2/src/xuartlite_intr.o
 .text.Xil_Out32
                0x00000000       0x1c ./src/uartlite_v3_2/src/xuartlite_intr.o
 .rodata        0x00000000       0x2a ./src/uartlite_v3_2/src/xuartlite_intr.o
 .text.XUartLite_SetRecvHandler
                0x00000000       0x90 ./src/uartlite_v3_2/src/xuartlite_intr.o
 .text.XUartLite_SetSendHandler
                0x00000000       0x90 ./src/uartlite_v3_2/src/xuartlite_intr.o
 .text.XUartLite_InterruptHandler
                0x00000000       0x70 ./src/uartlite_v3_2/src/xuartlite_intr.o
 .text.ReceiveDataHandler
                0x00000000       0x48 ./src/uartlite_v3_2/src/xuartlite_intr.o
 .text.SendDataHandler
                0x00000000       0x46 ./src/uartlite_v3_2/src/xuartlite_intr.o
 .text.XUartLite_DisableInterrupt
                0x00000000       0x78 ./src/uartlite_v3_2/src/xuartlite_intr.o
 .text.XUartLite_EnableInterrupt
                0x00000000       0x78 ./src/uartlite_v3_2/src/xuartlite_intr.o
 .comment       0x00000000       0x7a ./src/uartlite_v3_2/src/xuartlite_intr.o
 .ARM.attributes
                0x00000000       0x2c ./src/uartlite_v3_2/src/xuartlite_intr.o
 .text          0x00000000        0x0 ./src/uartlite_v3_2/src/xuartlite_l.o
 .data          0x00000000        0x0 ./src/uartlite_v3_2/src/xuartlite_l.o
 .bss           0x00000000        0x0 ./src/uartlite_v3_2/src/xuartlite_l.o
 .text.Xil_In32
                0x00000000       0x14 ./src/uartlite_v3_2/src/xuartlite_l.o
 .text.Xil_Out32
                0x00000000       0x1c ./src/uartlite_v3_2/src/xuartlite_l.o
 .text.XUartLite_SendByte
                0x00000000       0x3c ./src/uartlite_v3_2/src/xuartlite_l.o
 .text.XUartLite_RecvByte
                0x00000000       0x32 ./src/uartlite_v3_2/src/xuartlite_l.o
 .comment       0x00000000       0x7a ./src/uartlite_v3_2/src/xuartlite_l.o
 .ARM.attributes
                0x00000000       0x2c ./src/uartlite_v3_2/src/xuartlite_l.o
 .text          0x00000000        0x0 ./src/uartlite_v3_2/src/xuartlite_selftest.o
 .data          0x00000000        0x0 ./src/uartlite_v3_2/src/xuartlite_selftest.o
 .bss           0x00000000        0x0 ./src/uartlite_v3_2/src/xuartlite_selftest.o
 .text.Xil_In32
                0x00000000       0x14 ./src/uartlite_v3_2/src/xuartlite_selftest.o
 .rodata        0x00000000       0x2e ./src/uartlite_v3_2/src/xuartlite_selftest.o
 .text.XUartLite_SelfTest
                0x00000000       0x88 ./src/uartlite_v3_2/src/xuartlite_selftest.o
 .comment       0x00000000       0x7a ./src/uartlite_v3_2/src/xuartlite_selftest.o
 .ARM.attributes
                0x00000000       0x2c ./src/uartlite_v3_2/src/xuartlite_selftest.o
 .text          0x00000000        0x0 ./src/uartlite_v3_2/src/xuartlite_sinit.o
 .data          0x00000000        0x0 ./src/uartlite_v3_2/src/xuartlite_sinit.o
 .bss           0x00000000        0x0 ./src/uartlite_v3_2/src/xuartlite_sinit.o
 .text.XUartLite_LookupConfig
                0x00000000       0x4c ./src/uartlite_v3_2/src/xuartlite_sinit.o
 .rodata        0x00000000       0x2b ./src/uartlite_v3_2/src/xuartlite_sinit.o
 .text.XUartLite_Initialize
                0x00000000       0x68 ./src/uartlite_v3_2/src/xuartlite_sinit.o
 .comment       0x00000000       0x7a ./src/uartlite_v3_2/src/xuartlite_sinit.o
 .ARM.attributes
                0x00000000       0x2c ./src/uartlite_v3_2/src/xuartlite_sinit.o
 .text          0x00000000        0x0 ./src/uartlite_v3_2/src/xuartlite_stats.o
 .data          0x00000000        0x0 ./src/uartlite_v3_2/src/xuartlite_stats.o
 .bss           0x00000000        0x0 ./src/uartlite_v3_2/src/xuartlite_stats.o
 .rodata        0x00000000       0x2b ./src/uartlite_v3_2/src/xuartlite_stats.o
 .text.XUartLite_GetStats
                0x00000000       0xb8 ./src/uartlite_v3_2/src/xuartlite_stats.o
 .text.XUartLite_ClearStats
                0x00000000       0x88 ./src/uartlite_v3_2/src/xuartlite_stats.o
 .comment       0x00000000       0x7a ./src/uartlite_v3_2/src/xuartlite_stats.o
 .ARM.attributes
                0x00000000       0x2c ./src/uartlite_v3_2/src/xuartlite_stats.o
 .text          0x00000000        0x0 ./src/tmrctr_v4_5/src/xtmrctr.o
 .data          0x00000000        0x0 ./src/tmrctr_v4_5/src/xtmrctr.o
 .bss           0x00000000        0x0 ./src/tmrctr_v4_5/src/xtmrctr.o
 .text.Xil_In32
                0x00000000       0x14 ./src/tmrctr_v4_5/src/xtmrctr.o
 .text.Xil_Out32
                0x00000000       0x1c ./src/tmrctr_v4_5/src/xtmrctr.o
 .rodata        0x00000000       0x21 ./src/tmrctr_v4_5/src/xtmrctr.o
 .text.XTmrCtr_CfgInitialize
                0x00000000       0xb4 ./src/tmrctr_v4_5/src/xtmrctr.o
 .text.XTmrCtr_InitHw
                0x00000000      0x108 ./src/tmrctr_v4_5/src/xtmrctr.o
 .text.XTmrCtr_Initialize
                0x00000000       0x8c ./src/tmrctr_v4_5/src/xtmrctr.o
 .text.XTmrCtr_Start
                0x00000000       0xf4 ./src/tmrctr_v4_5/src/xtmrctr.o
 .text.XTmrCtr_Stop
                0x00000000       0xe8 ./src/tmrctr_v4_5/src/xtmrctr.o
 .text.XTmrCtr_GetValue
                0x00000000       0xb8 ./src/tmrctr_v4_5/src/xtmrctr.o
 .text.XTmrCtr_SetResetValue
                0x00000000       0xb8 ./src/tmrctr_v4_5/src/xtmrctr.o
 .text.XTmrCtr_GetCaptureValue
                0x00000000       0xb8 ./src/tmrctr_v4_5/src/xtmrctr.o
 .text.XTmrCtr_Reset
                0x00000000       0xe8 ./src/tmrctr_v4_5/src/xtmrctr.o
 .text.XTmrCtr_IsExpired
                0x00000000       0xc4 ./src/tmrctr_v4_5/src/xtmrctr.o
 .text.XTmrCtr_PwmConfigure
                0x00000000      0x258 ./src/tmrctr_v4_5/src/xtmrctr.o
 .text.XTmrCtr_PwmEnable
                0x00000000       0xf8 ./src/tmrctr_v4_5/src/xtmrctr.o
 .text.XTmrCtr_PwmDisable
                0x00000000       0xdc ./src/tmrctr_v4_5/src/xtmrctr.o
 .text.XTmrCtr_StubCallback
                0x00000000       0x6c ./src/tmrctr_v4_5/src/xtmrctr.o
 .comment       0x00000000       0x7a ./src/tmrctr_v4_5/src/xtmrctr.o
 .ARM.attributes
                0x00000000       0x2c ./src/tmrctr_v4_5/src/xtmrctr.o
 .text          0x00000000        0x0 ./src/tmrctr_v4_5/src/xtmrctr_g.o
 .data          0x00000000        0x0 ./src/tmrctr_v4_5/src/xtmrctr_g.o
 .bss           0x00000000        0x0 ./src/tmrctr_v4_5/src/xtmrctr_g.o
 .data.XTmrCtr_ConfigTable
                0x00000000        0xc ./src/tmrctr_v4_5/src/xtmrctr_g.o
 .comment       0x00000000       0x7a ./src/tmrctr_v4_5/src/xtmrctr_g.o
 .ARM.attributes
                0x00000000       0x31 ./src/tmrctr_v4_5/src/xtmrctr_g.o
 .text          0x00000000        0x0 ./src/tmrctr_v4_5/src/xtmrctr_intr.o
 .data          0x00000000        0x0 ./src/tmrctr_v4_5/src/xtmrctr_intr.o
 .bss           0x00000000        0x0 ./src/tmrctr_v4_5/src/xtmrctr_intr.o
 .text.Xil_In32
                0x00000000       0x14 ./src/tmrctr_v4_5/src/xtmrctr_intr.o
 .text.Xil_Out32
                0x00000000       0x1c ./src/tmrctr_v4_5/src/xtmrctr_intr.o
 .rodata        0x00000000       0x26 ./src/tmrctr_v4_5/src/xtmrctr_intr.o
 .text.XTmrCtr_SetHandler
                0x00000000       0x90 ./src/tmrctr_v4_5/src/xtmrctr_intr.o
 .text.XTmrCtr_InterruptHandler
                0x00000000      0x128 ./src/tmrctr_v4_5/src/xtmrctr_intr.o
 .comment       0x00000000       0x7a ./src/tmrctr_v4_5/src/xtmrctr_intr.o
 .ARM.attributes
                0x00000000       0x2c ./src/tmrctr_v4_5/src/xtmrctr_intr.o
 .text          0x00000000        0x0 ./src/tmrctr_v4_5/src/xtmrctr_l.o
 .data          0x00000000        0x0 ./src/tmrctr_v4_5/src/xtmrctr_l.o
 .bss           0x00000000        0x0 ./src/tmrctr_v4_5/src/xtmrctr_l.o
 .data.XTmrCtr_Offsets
                0x00000000        0x2 ./src/tmrctr_v4_5/src/xtmrctr_l.o
 .comment       0x00000000       0x7a ./src/tmrctr_v4_5/src/xtmrctr_l.o
 .ARM.attributes
                0x00000000       0x31 ./src/tmrctr_v4_5/src/xtmrctr_l.o
 .text          0x00000000        0x0 ./src/tmrctr_v4_5/src/xtmrctr_options.o
 .data          0x00000000        0x0 ./src/tmrctr_v4_5/src/xtmrctr_options.o
 .bss           0x00000000        0x0 ./src/tmrctr_v4_5/src/xtmrctr_options.o
 .text.Xil_In32
                0x00000000       0x14 ./src/tmrctr_v4_5/src/xtmrctr_options.o
 .text.Xil_Out32
                0x00000000       0x1c ./src/tmrctr_v4_5/src/xtmrctr_options.o
 .data.OptionsTable
                0x00000000       0x38 ./src/tmrctr_v4_5/src/xtmrctr_options.o
 .rodata        0x00000000       0x29 ./src/tmrctr_v4_5/src/xtmrctr_options.o
 .text.XTmrCtr_SetOptions
                0x00000000       0xf8 ./src/tmrctr_v4_5/src/xtmrctr_options.o
 .text.XTmrCtr_GetOptions
                0x00000000       0xf8 ./src/tmrctr_v4_5/src/xtmrctr_options.o
 .comment       0x00000000       0x7a ./src/tmrctr_v4_5/src/xtmrctr_options.o
 .ARM.attributes
                0x00000000       0x2c ./src/tmrctr_v4_5/src/xtmrctr_options.o
 .text          0x00000000        0x0 ./src/tmrctr_v4_5/src/xtmrctr_selftest.o
 .data          0x00000000        0x0 ./src/tmrctr_v4_5/src/xtmrctr_selftest.o
 .bss           0x00000000        0x0 ./src/tmrctr_v4_5/src/xtmrctr_selftest.o
 .text.Xil_In32
                0x00000000       0x14 ./src/tmrctr_v4_5/src/xtmrctr_selftest.o
 .text.Xil_Out32
                0x00000000       0x1c ./src/tmrctr_v4_5/src/xtmrctr_selftest.o
 .rodata        0x00000000       0x2a ./src/tmrctr_v4_5/src/xtmrctr_selftest.o
 .text.XTmrCtr_SelfTest
                0x00000000      0x178 ./src/tmrctr_v4_5/src/xtmrctr_selftest.o
 .comment       0x00000000       0x7a ./src/tmrctr_v4_5/src/xtmrctr_selftest.o
 .ARM.attributes
                0x00000000       0x2c ./src/tmrctr_v4_5/src/xtmrctr_selftest.o
 .text          0x00000000        0x0 ./src/tmrctr_v4_5/src/xtmrctr_sinit.o
 .data          0x00000000        0x0 ./src/tmrctr_v4_5/src/xtmrctr_sinit.o
 .bss           0x00000000        0x0 ./src/tmrctr_v4_5/src/xtmrctr_sinit.o
 .text.XTmrCtr_LookupConfig
                0x00000000       0x6c ./src/tmrctr_v4_5/src/xtmrctr_sinit.o
 .comment       0x00000000       0x7a ./src/tmrctr_v4_5/src/xtmrctr_sinit.o
 .ARM.attributes
                0x00000000       0x2c ./src/tmrctr_v4_5/src/xtmrctr_sinit.o
 .text          0x00000000        0x0 ./src/tmrctr_v4_5/src/xtmrctr_stats.o
 .data          0x00000000        0x0 ./src/tmrctr_v4_5/src/xtmrctr_stats.o
 .bss           0x00000000        0x0 ./src/tmrctr_v4_5/src/xtmrctr_stats.o
 .rodata        0x00000000       0x27 ./src/tmrctr_v4_5/src/xtmrctr_stats.o
 .text.XTmrCtr_GetStats
                0x00000000       0x88 ./src/tmrctr_v4_5/src/xtmrctr_stats.o
 .text.XTmrCtr_ClearStats
                0x00000000       0x64 ./src/tmrctr_v4_5/src/xtmrctr_stats.o
 .comment       0x00000000       0x7a ./src/tmrctr_v4_5/src/xtmrctr_stats.o
 .ARM.attributes
                0x00000000       0x2c ./src/tmrctr_v4_5/src/xtmrctr_stats.o
 .text          0x00000000        0x0 ./src/standalone_v7_0/src/outbyte.o
 .data          0x00000000        0x0 ./src/standalone_v7_0/src/outbyte.o
 .bss           0x00000000        0x0 ./src/standalone_v7_0/src/outbyte.o
 .text.outbyte  0x00000000       0x28 ./src/standalone_v7_0/src/outbyte.o
 .comment       0x00000000       0x7a ./src/standalone_v7_0/src/outbyte.o
 .ARM.attributes
                0x00000000       0x2c ./src/standalone_v7_0/src/outbyte.o
 .text          0x00000000        0x0 ./src/standalone_v7_0/src/print.o
 .data          0x00000000        0x0 ./src/standalone_v7_0/src/print.o
 .bss           0x00000000        0x0 ./src/standalone_v7_0/src/print.o
 .text.print    0x00000000       0x30 ./src/standalone_v7_0/src/print.o
 .comment       0x00000000       0x7a ./src/standalone_v7_0/src/print.o
 .ARM.attributes
                0x00000000       0x2c ./src/standalone_v7_0/src/print.o
 .text          0x00000000        0x0 ./src/standalone_v7_0/src/xil_assert.o
 .data          0x00000000        0x0 ./src/standalone_v7_0/src/xil_assert.o
 .bss           0x00000000        0x0 ./src/standalone_v7_0/src/xil_assert.o
 .data.Xil_AssertWait
                0x00000000        0x4 ./src/standalone_v7_0/src/xil_assert.o
 .bss.Xil_AssertCallbackRoutine
                0x00000000        0x4 ./src/standalone_v7_0/src/xil_assert.o
 .text.Xil_Assert
                0x00000000       0x3c ./src/standalone_v7_0/src/xil_assert.o
 .text.Xil_AssertSetCallback
                0x00000000       0x1c ./src/standalone_v7_0/src/xil_assert.o
 .text.XNullHandler
                0x00000000       0x10 ./src/standalone_v7_0/src/xil_assert.o
 .comment       0x00000000       0x7a ./src/standalone_v7_0/src/xil_assert.o
 .ARM.attributes
                0x00000000       0x2c ./src/standalone_v7_0/src/xil_assert.o
 COMMON         0x00000000        0x4 ./src/standalone_v7_0/src/xil_assert.o
 .text          0x00000000        0x0 ./src/standalone_v7_0/src/xil_printf.o
 .data          0x00000000        0x0 ./src/standalone_v7_0/src/xil_printf.o
 .bss           0x00000000        0x0 ./src/standalone_v7_0/src/xil_printf.o
 .text.padding  0x00000000       0x50 ./src/standalone_v7_0/src/xil_printf.o
 .text.outs     0x00000000       0x80 ./src/standalone_v7_0/src/xil_printf.o
 .rodata        0x00000000       0x11 ./src/standalone_v7_0/src/xil_printf.o
 .text.outnum   0x00000000      0x12c ./src/standalone_v7_0/src/xil_printf.o
 .text.getnum   0x00000000       0xb0 ./src/standalone_v7_0/src/xil_printf.o
 .text.xil_printf
                0x00000000      0x278 ./src/standalone_v7_0/src/xil_printf.o
 .rodata.xil_printf
                0x00000000      0x150 ./src/standalone_v7_0/src/xil_printf.o
 .comment       0x00000000       0x7a ./src/standalone_v7_0/src/xil_printf.o
 .ARM.attributes
                0x00000000       0x2c ./src/standalone_v7_0/src/xil_printf.o
 .text          0x00000000        0x0 ./src/spi_v4_4/src/xspi.o
 .data          0x00000000        0x0 ./src/spi_v4_4/src/xspi.o
 .bss           0x00000000        0x0 ./src/spi_v4_4/src/xspi.o
 .text.Xil_In32
                0x00000000       0x14 ./src/spi_v4_4/src/xspi.o
 .text.Xil_Out32
                0x00000000       0x1c ./src/spi_v4_4/src/xspi.o
 .rodata        0x00000000       0x1b ./src/spi_v4_4/src/xspi.o
 .text.XSpi_CfgInitialize
                0x00000000      0x24c ./src/spi_v4_4/src/xspi.o
 .text.XSpi_Start
                0x00000000       0xe8 ./src/spi_v4_4/src/xspi.o
 .text.XSpi_Stop
                0x00000000       0xb8 ./src/spi_v4_4/src/xspi.o
 .text.XSpi_Reset
                0x00000000       0x8c ./src/spi_v4_4/src/xspi.o
 .text.XSpi_Transfer
                0x00000000      0x4f8 ./src/spi_v4_4/src/xspi.o
 .text.XSpi_SetSlaveSelect
                0x00000000       0xc4 ./src/spi_v4_4/src/xspi.o
 .text.XSpi_GetSlaveSelect
                0x00000000       0x74 ./src/spi_v4_4/src/xspi.o
 .text.XSpi_SetStatusHandler
                0x00000000       0xa0 ./src/spi_v4_4/src/xspi.o
 .text.StubStatusHandler
                0x00000000       0x34 ./src/spi_v4_4/src/xspi.o
 .text.XSpi_InterruptHandler
                0x00000000      0x3d8 ./src/spi_v4_4/src/xspi.o
 .text.XSpi_Abort
                0x00000000       0x82 ./src/spi_v4_4/src/xspi.o
 .comment       0x00000000       0x7a ./src/spi_v4_4/src/xspi.o
 .ARM.attributes
                0x00000000       0x2c ./src/spi_v4_4/src/xspi.o
 .text          0x00000000        0x0 ./src/spi_v4_4/src/xspi_g.o
 .data          0x00000000        0x0 ./src/spi_v4_4/src/xspi_g.o
 .bss           0x00000000        0x0 ./src/spi_v4_4/src/xspi_g.o
 .data.XSpi_ConfigTable
                0x00000000       0x1c ./src/spi_v4_4/src/xspi_g.o
 .comment       0x00000000       0x7a ./src/spi_v4_4/src/xspi_g.o
 .ARM.attributes
                0x00000000       0x31 ./src/spi_v4_4/src/xspi_g.o
 .text          0x00000000        0x0 ./src/spi_v4_4/src/xspi_options.o
 .data          0x00000000        0x0 ./src/spi_v4_4/src/xspi_options.o
 .bss           0x00000000        0x0 ./src/spi_v4_4/src/xspi_options.o
 .text.Xil_In32
                0x00000000       0x14 ./src/spi_v4_4/src/xspi_options.o
 .text.Xil_Out32
                0x00000000       0x1c ./src/spi_v4_4/src/xspi_options.o
 .data.OptionsTable
                0x00000000       0x28 ./src/spi_v4_4/src/xspi_options.o
 .rodata        0x00000000       0x23 ./src/spi_v4_4/src/xspi_options.o
 .text.XSpi_SetOptions
                0x00000000       0xf8 ./src/spi_v4_4/src/xspi_options.o
 .text.XSpi_GetOptions
                0x00000000       0xb0 ./src/spi_v4_4/src/xspi_options.o
 .comment       0x00000000       0x7a ./src/spi_v4_4/src/xspi_options.o
 .ARM.attributes
                0x00000000       0x2c ./src/spi_v4_4/src/xspi_options.o
 .text          0x00000000        0x0 ./src/spi_v4_4/src/xspi_selftest.o
 .data          0x00000000        0x0 ./src/spi_v4_4/src/xspi_selftest.o
 .bss           0x00000000        0x0 ./src/spi_v4_4/src/xspi_selftest.o
 .text.Xil_In32
                0x00000000       0x14 ./src/spi_v4_4/src/xspi_selftest.o
 .text.Xil_Out32
                0x00000000       0x1c ./src/spi_v4_4/src/xspi_selftest.o
 .rodata        0x00000000       0x24 ./src/spi_v4_4/src/xspi_selftest.o
 .text.XSpi_SelfTest
                0x00000000      0x184 ./src/spi_v4_4/src/xspi_selftest.o
 .text.LoopbackTest
                0x00000000      0x23c ./src/spi_v4_4/src/xspi_selftest.o
 .comment       0x00000000       0x7a ./src/spi_v4_4/src/xspi_selftest.o
 .ARM.attributes
                0x00000000       0x2c ./src/spi_v4_4/src/xspi_selftest.o
 .text          0x00000000        0x0 ./src/spi_v4_4/src/xspi_sinit.o
 .data          0x00000000        0x0 ./src/spi_v4_4/src/xspi_sinit.o
 .bss           0x00000000        0x0 ./src/spi_v4_4/src/xspi_sinit.o
 .text.XSpi_LookupConfig
                0x00000000       0x58 ./src/spi_v4_4/src/xspi_sinit.o
 .rodata        0x00000000       0x21 ./src/spi_v4_4/src/xspi_sinit.o
 .text.XSpi_Initialize
                0x00000000       0x68 ./src/spi_v4_4/src/xspi_sinit.o
 .comment       0x00000000       0x7a ./src/spi_v4_4/src/xspi_sinit.o
 .ARM.attributes
                0x00000000       0x2c ./src/spi_v4_4/src/xspi_sinit.o
 .text          0x00000000        0x0 ./src/spi_v4_4/src/xspi_stats.o
 .data          0x00000000        0x0 ./src/spi_v4_4/src/xspi_stats.o
 .bss           0x00000000        0x0 ./src/spi_v4_4/src/xspi_stats.o
 .rodata        0x00000000       0x21 ./src/spi_v4_4/src/xspi_stats.o
 .text.XSpi_GetStats
                0x00000000       0xb0 ./src/spi_v4_4/src/xspi_stats.o
 .text.XSpi_ClearStats
                0x00000000       0x84 ./src/spi_v4_4/src/xspi_stats.o
 .comment       0x00000000       0x7a ./src/spi_v4_4/src/xspi_stats.o
 .ARM.attributes
                0x00000000       0x2c ./src/spi_v4_4/src/xspi_stats.o
 .text          0x00000000        0x0 ./src/gpio_v4_4/src/xgpio.o
 .data          0x00000000        0x0 ./src/gpio_v4_4/src/xgpio.o
 .bss           0x00000000        0x0 ./src/gpio_v4_4/src/xgpio.o
 .text.Xil_In32
                0x00000000       0x14 ./src/gpio_v4_4/src/xgpio.o
 .text.Xil_Out32
                0x00000000       0x1c ./src/gpio_v4_4/src/xgpio.o
 .rodata        0x00000000       0x1d ./src/gpio_v4_4/src/xgpio.o
 .text.XGpio_CfgInitialize
                0x00000000       0x60 ./src/gpio_v4_4/src/xgpio.o
 .text.XGpio_SetDataDirection
                0x00000000       0xa8 ./src/gpio_v4_4/src/xgpio.o
 .text.XGpio_GetDataDirection
                0x00000000       0xac ./src/gpio_v4_4/src/xgpio.o
 .text.XGpio_DiscreteRead
                0x00000000       0xa8 ./src/gpio_v4_4/src/xgpio.o
 .text.XGpio_DiscreteWrite
                0x00000000       0xa8 ./src/gpio_v4_4/src/xgpio.o
 .comment       0x00000000       0x7a ./src/gpio_v4_4/src/xgpio.o
 .ARM.attributes
                0x00000000       0x2c ./src/gpio_v4_4/src/xgpio.o
 .text          0x00000000        0x0 ./src/gpio_v4_4/src/xgpio_extra.o
 .data          0x00000000        0x0 ./src/gpio_v4_4/src/xgpio_extra.o
 .bss           0x00000000        0x0 ./src/gpio_v4_4/src/xgpio_extra.o
 .text.Xil_In32
                0x00000000       0x14 ./src/gpio_v4_4/src/xgpio_extra.o
 .text.Xil_Out32
                0x00000000       0x1c ./src/gpio_v4_4/src/xgpio_extra.o
 .rodata        0x00000000       0x23 ./src/gpio_v4_4/src/xgpio_extra.o
 .text.XGpio_DiscreteSet
                0x00000000       0xc4 ./src/gpio_v4_4/src/xgpio_extra.o
 .text.XGpio_DiscreteClear
                0x00000000       0xc8 ./src/gpio_v4_4/src/xgpio_extra.o
 .comment       0x00000000       0x7a ./src/gpio_v4_4/src/xgpio_extra.o
 .ARM.attributes
                0x00000000       0x2c ./src/gpio_v4_4/src/xgpio_extra.o
 .text          0x00000000        0x0 ./src/gpio_v4_4/src/xgpio_g.o
 .data          0x00000000        0x0 ./src/gpio_v4_4/src/xgpio_g.o
 .bss           0x00000000        0x0 ./src/gpio_v4_4/src/xgpio_g.o
 .data.XGpio_ConfigTable
                0x00000000       0x20 ./src/gpio_v4_4/src/xgpio_g.o
 .comment       0x00000000       0x7a ./src/gpio_v4_4/src/xgpio_g.o
 .ARM.attributes
                0x00000000       0x31 ./src/gpio_v4_4/src/xgpio_g.o
 .text          0x00000000        0x0 ./src/gpio_v4_4/src/xgpio_intr.o
 .data          0x00000000        0x0 ./src/gpio_v4_4/src/xgpio_intr.o
 .bss           0x00000000        0x0 ./src/gpio_v4_4/src/xgpio_intr.o
 .text.Xil_In32
                0x00000000       0x14 ./src/gpio_v4_4/src/xgpio_intr.o
 .text.Xil_Out32
                0x00000000       0x1c ./src/gpio_v4_4/src/xgpio_intr.o
 .rodata        0x00000000       0x22 ./src/gpio_v4_4/src/xgpio_intr.o
 .text.XGpio_InterruptGlobalEnable
                0x00000000       0x94 ./src/gpio_v4_4/src/xgpio_intr.o
 .text.XGpio_InterruptGlobalDisable
                0x00000000       0x90 ./src/gpio_v4_4/src/xgpio_intr.o
 .text.XGpio_InterruptEnable
                0x00000000       0xac ./src/gpio_v4_4/src/xgpio_intr.o
 .text.XGpio_InterruptDisable
                0x00000000       0xac ./src/gpio_v4_4/src/xgpio_intr.o
 .text.XGpio_InterruptClear
                0x00000000       0xac ./src/gpio_v4_4/src/xgpio_intr.o
 .text.XGpio_InterruptGetEnabled
                0x00000000       0x9c ./src/gpio_v4_4/src/xgpio_intr.o
 .text.XGpio_InterruptGetStatus
                0x00000000       0xa8 ./src/gpio_v4_4/src/xgpio_intr.o
 .comment       0x00000000       0x7a ./src/gpio_v4_4/src/xgpio_intr.o
 .ARM.attributes
                0x00000000       0x2c ./src/gpio_v4_4/src/xgpio_intr.o
 .text          0x00000000        0x0 ./src/gpio_v4_4/src/xgpio_selftest.o
 .data          0x00000000        0x0 ./src/gpio_v4_4/src/xgpio_selftest.o
 .bss           0x00000000        0x0 ./src/gpio_v4_4/src/xgpio_selftest.o
 .rodata        0x00000000       0x26 ./src/gpio_v4_4/src/xgpio_selftest.o
 .text.XGpio_SelfTest
                0x00000000       0x70 ./src/gpio_v4_4/src/xgpio_selftest.o
 .comment       0x00000000       0x7a ./src/gpio_v4_4/src/xgpio_selftest.o
 .ARM.attributes
                0x00000000       0x2c ./src/gpio_v4_4/src/xgpio_selftest.o
 .text          0x00000000        0x0 ./src/gpio_v4_4/src/xgpio_sinit.o
 .data          0x00000000        0x0 ./src/gpio_v4_4/src/xgpio_sinit.o
 .bss           0x00000000        0x0 ./src/gpio_v4_4/src/xgpio_sinit.o
 .text.XGpio_LookupConfig
                0x00000000       0x4c ./src/gpio_v4_4/src/xgpio_sinit.o
 .rodata        0x00000000       0x23 ./src/gpio_v4_4/src/xgpio_sinit.o
 .text.XGpio_Initialize
                0x00000000       0x70 ./src/gpio_v4_4/src/xgpio_sinit.o
 .comment       0x00000000       0x7a ./src/gpio_v4_4/src/xgpio_sinit.o
 .ARM.attributes
                0x00000000       0x2c ./src/gpio_v4_4/src/xgpio_sinit.o
 .text          0x00000000        0x0 ./src/debug/gpio_dbg.o
 .data          0x00000000        0x0 ./src/debug/gpio_dbg.o
 .bss           0x00000000        0x0 ./src/debug/gpio_dbg.o
 .data.gpio_dbg_tri
                0x00000000        0x4 ./src/debug/gpio_dbg.o
 .text.gpio_dbg_read
                0x00000000       0x14 ./src/debug/gpio_dbg.o
 .text.gpio_dbg_mask
                0x00000000       0x1c ./src/debug/gpio_dbg.o
 .text          0x00000000        0x0 ./src/apps/comm.o
 .data          0x00000000        0x0 ./src/apps/comm.o
 .bss           0x00000000        0x0 ./src/apps/comm.o
 .text.NVIC_EnableIRQ
                0x00000000       0x2c ./src/apps/comm.o
 .text.NVIC_ClearAllPendingIRQ
                0x00000000       0x1c ./src/apps/comm.o
 .rodata        0x00000000      0x19a ./src/apps/comm.o
 .text.delay    0x00000000       0x28 ./src/apps/comm.o
 .text.commApp  0x00000000      0x52c ./src/apps/comm.o
 .comment       0x00000000       0x7a ./src/apps/comm.o
 .ARM.attributes
                0x00000000       0x2c ./src/apps/comm.o
 .text          0x00000000        0x0 ./src/apps/gpio.o
 .data          0x00000000        0x0 ./src/apps/gpio.o
 .bss           0x00000000        0x0 ./src/apps/gpio.o
 .data.output   0x00000000        0x1 ./src/apps/gpio.o
 .bss.evOut     0x00000000        0x4 ./src/apps/gpio.o
 .data.gpio_0_tri
                0x00000000        0x4 ./src/apps/gpio.o
 .data.gpio_0_gier
                0x00000000        0x4 ./src/apps/gpio.o
 .data.gpio_0_ier
                0x00000000        0x4 ./src/apps/gpio.o
 .text.gpio_0_write
                0x00000000       0x1c ./src/apps/gpio.o
 .text.gpio_0_mask
                0x00000000       0x1c ./src/apps/gpio.o
 .text.gpio_0_devIntEnable
                0x00000000       0x18 ./src/apps/gpio.o
 .text.gpio_0_devIntDisable
                0x00000000       0x18 ./src/apps/gpio.o
 .text.gpio_0_chIntEnable
                0x00000000       0x24 ./src/apps/gpio.o
 .text.gpio_0_chIntDisable
                0x00000000       0x28 ./src/apps/gpio.o
 .text.gpio_0_intStatus
                0x00000000       0x14 ./src/apps/gpio.o
 .text.gpio_0_clrInt
                0x00000000       0x1c ./src/apps/gpio.o
 .text.gpioInit
                0x00000000       0x18 ./src/apps/gpio.o
 .text.gpioClrEvQueue
                0x00000000       0x28 ./src/apps/gpio.o
 .text.gpioRead
                0x00000000       0x3c ./src/apps/gpio.o
 .text.gpioWrite
                0x00000000       0x8c ./src/apps/gpio.o
 .text.evPop    0x00000000       0x54 ./src/apps/gpio.o
 .text.gpioApp  0x00000000       0x1e ./src/apps/gpio.o
 .text          0x00000000        0x0 ./src/apps/spi.o
 .data          0x00000000        0x0 ./src/apps/spi.o
 .bss           0x00000000        0x0 ./src/apps/spi.o
 .data.xspi_srr
                0x00000000        0x4 ./src/apps/spi.o
 .data.xspi_cr  0x00000000        0x4 ./src/apps/spi.o
 .data.xspi_sr  0x00000000        0x4 ./src/apps/spi.o
 .data.xspi_dtr
                0x00000000        0x4 ./src/apps/spi.o
 .data.xspi_drr
                0x00000000        0x4 ./src/apps/spi.o
 .data.xspi_ssr
                0x00000000        0x4 ./src/apps/spi.o
 .data.xspi_tfo
                0x00000000        0x4 ./src/apps/spi.o
 .data.xspi_rfo
                0x00000000        0x4 ./src/apps/spi.o
 .data.xspi_dgier
                0x00000000        0x4 ./src/apps/spi.o
 .data.xspi_isr
                0x00000000        0x4 ./src/apps/spi.o
 .data.xspi_ier
                0x00000000        0x4 ./src/apps/spi.o
 .bss.txJobs    0x00000000       0xf0 ./src/apps/spi.o
 .bss.txJobIn   0x00000000        0x4 ./src/apps/spi.o
 .bss.txJobOut  0x00000000        0x4 ./src/apps/spi.o
 .bss.txJobNum  0x00000000        0x4 ./src/apps/spi.o
 .rodata        0x00000000       0x1b ./src/apps/spi.o
 .text.spiInit  0x00000000       0xa8 ./src/apps/spi.o
 .text.spiResetFifos
                0x00000000       0x20 ./src/apps/spi.o
 .text.spiResetRxFifo
                0x00000000       0x20 ./src/apps/spi.o
 .text.spiWriteMsg
                0x00000000       0x80 ./src/apps/spi.o
 .text.selectSlave
                0x00000000       0x18 ./src/apps/spi.o
 .text.deSelectSlave
                0x00000000       0x18 ./src/apps/spi.o
 .text.spiWrite
                0x00000000       0x48 ./src/apps/spi.o
 .text.spiRead  0x00000000       0x60 ./src/apps/spi.o
 .comment       0x00000000       0x7a ./src/apps/spi.o
 .ARM.attributes
                0x00000000       0x2c ./src/apps/spi.o
 COMMON         0x00000000       0x25 ./src/apps/spi.o
 .text          0x00000000        0x0 ./src/apps/timer.o
 .data          0x00000000        0x0 ./src/apps/timer.o
 .bss           0x00000000        0x0 ./src/apps/timer.o
 .text.NVIC_EnableIRQ
                0x00000000       0x2c ./src/apps/timer.o
 .text.NVIC_ClearAllPendingIRQ
                0x00000000       0x1c ./src/apps/timer.o
 .data.xtc0_lr  0x00000000        0x4 ./src/apps/timer.o
 .data.xtc1_csr
                0x00000000        0x4 ./src/apps/timer.o
 .data.xtc1_lr  0x00000000        0x4 ./src/apps/timer.o
 .data.xtc1_cr  0x00000000        0x4 ./src/apps/timer.o
 .text.xtc0Init
                0x00000000       0x2c ./src/apps/timer.o
 .text.xtc0IntEnable
                0x00000000       0x20 ./src/apps/timer.o
 .text.xtc0IntDisable
                0x00000000       0x20 ./src/apps/timer.o
 .text.xtc0Start
                0x00000000       0x4c ./src/apps/timer.o
 .text.xtc0Stop
                0x00000000       0x20 ./src/apps/timer.o
 .text.xtc0GetValue
                0x00000000       0x14 ./src/apps/timer.o
 .text.xtc0SetLR
                0x00000000       0x1c ./src/apps/timer.o
 .text.xtc0GetCaptureVal
                0x00000000       0x14 ./src/apps/timer.o
 .text.xtc0Reload
                0x00000000       0x20 ./src/apps/timer.o
 .text.xtc0IntOccured
                0x00000000       0x24 ./src/apps/timer.o
 .text.xtc1Init
                0x00000000       0x2c ./src/apps/timer.o
 .text.xtcPwmConfigure
                0x00000000       0xe4 ./src/apps/timer.o
 .text.xtcPwmEnable
                0x00000000       0x68 ./src/apps/timer.o
 .text.xtcPwmDisable
                0x00000000       0x78 ./src/apps/timer.o
 .text.timerAPP
                0x00000000       0x54 ./src/apps/timer.o
 .text          0x00000000        0x0 ./src/apps/uart.o
 .data          0x00000000        0x0 ./src/apps/uart.o
 .bss           0x00000000        0x0 ./src/apps/uart.o
 .text.NVIC_EnableIRQ
                0x00000000       0x2c ./src/apps/uart.o
 .text.NVIC_ClearAllPendingIRQ
                0x00000000       0x1c ./src/apps/uart.o
 .data.uartl_rx
                0x00000000        0x4 ./src/apps/uart.o
 .bss.txJobIn   0x00000000        0x4 ./src/apps/uart.o
 .text.setTxJob
                0x00000000       0x90 ./src/apps/uart.o
 .text.uartl_init
                0x00000000       0x68 ./src/apps/uart.o
 .text.uartl_reset_fifos
                0x00000000       0x4c ./src/apps/uart.o
 .text.uartl_intEnable
                0x00000000       0x18 ./src/apps/uart.o
 .text.uartl_intDisable
                0x00000000       0x18 ./src/apps/uart.o
 .bss.printBuf  0x00000000       0x1e ./src/apps/uart.o
 .data.prnBufPtr
                0x00000000        0x4 ./src/apps/uart.o
 .text.uartl_print_s
                0x00000000       0x18 ./src/apps/uart.o
 .text.uartl_print_s1u
                0x00000000       0xd8 ./src/apps/uart.o
 .text.uartl_print_u8buf
                0x00000000       0xf8 ./src/apps/uart.o
 .bss.buf1      0x00000000       0x60 ./src/apps/uart.o
 .bss.buf2      0x00000000       0x60 ./src/apps/uart.o
 .bss.buf3      0x00000000       0x60 ./src/apps/uart.o
 .rodata        0x00000000       0x3d ./src/apps/uart.o
 .text.uartApp  0x00000000       0xe8 ./src/apps/uart.o
 .text          0x00000000        0x0 ./src/irqhandler.o
 .data          0x00000000        0x0 ./src/irqhandler.o
 .bss           0x00000000        0x0 ./src/irqhandler.o
 .text.waitForInt
                0x00000000       0x20 ./src/irqhandler.o
 .text          0x00000000        0x0 ./src/main.o
 .data          0x00000000        0x0 ./src/main.o
 .bss           0x00000000        0x0 ./src/main.o
 .data          0x00000000        0x0 ./src/startup_CM1.o
 .bss           0x00000000        0x0 ./src/startup_CM1.o
 .text          0x00000000        0x0 ./src/system.o
 .data          0x00000000        0x0 ./src/system.o
 .bss           0x00000000        0x0 ./src/system.o
 .text.SystemCoreClockUpdate
                0x00000000       0x18 ./src/system.o
 .text          0x00000000      0x114 c:/users/george/documents/idex/tools/9 2019-q4-major/bin/../lib/gcc/arm-none-eabi/9.2.1/thumb/v6-m/nofp\libgcc.a(_udivsi3.o)
 .data          0x00000000        0x0 c:/users/george/documents/idex/tools/9 2019-q4-major/bin/../lib/gcc/arm-none-eabi/9.2.1/thumb/v6-m/nofp\libgcc.a(_udivsi3.o)
 .bss           0x00000000        0x0 c:/users/george/documents/idex/tools/9 2019-q4-major/bin/../lib/gcc/arm-none-eabi/9.2.1/thumb/v6-m/nofp\libgcc.a(_udivsi3.o)
 .debug_frame   0x00000000       0x20 c:/users/george/documents/idex/tools/9 2019-q4-major/bin/../lib/gcc/arm-none-eabi/9.2.1/thumb/v6-m/nofp\libgcc.a(_udivsi3.o)
 .ARM.attributes
                0x00000000       0x1e c:/users/george/documents/idex/tools/9 2019-q4-major/bin/../lib/gcc/arm-none-eabi/9.2.1/thumb/v6-m/nofp\libgcc.a(_udivsi3.o)
 .text          0x00000000        0x4 c:/users/george/documents/idex/tools/9 2019-q4-major/bin/../lib/gcc/arm-none-eabi/9.2.1/thumb/v6-m/nofp\libgcc.a(_dvmd_tls.o)
 .data          0x00000000        0x0 c:/users/george/documents/idex/tools/9 2019-q4-major/bin/../lib/gcc/arm-none-eabi/9.2.1/thumb/v6-m/nofp\libgcc.a(_dvmd_tls.o)
 .bss           0x00000000        0x0 c:/users/george/documents/idex/tools/9 2019-q4-major/bin/../lib/gcc/arm-none-eabi/9.2.1/thumb/v6-m/nofp\libgcc.a(_dvmd_tls.o)
 .ARM.attributes
                0x00000000       0x1e c:/users/george/documents/idex/tools/9 2019-q4-major/bin/../lib/gcc/arm-none-eabi/9.2.1/thumb/v6-m/nofp\libgcc.a(_dvmd_tls.o)
 .text          0x00000000       0x30 c:/users/george/documents/idex/tools/9 2019-q4-major/bin/../lib/gcc/arm-none-eabi/9.2.1/thumb/v6-m/nofp\libgcc.a(_fixunssfsi.o)
 .data          0x00000000        0x0 c:/users/george/documents/idex/tools/9 2019-q4-major/bin/../lib/gcc/arm-none-eabi/9.2.1/thumb/v6-m/nofp\libgcc.a(_fixunssfsi.o)
 .bss           0x00000000        0x0 c:/users/george/documents/idex/tools/9 2019-q4-major/bin/../lib/gcc/arm-none-eabi/9.2.1/thumb/v6-m/nofp\libgcc.a(_fixunssfsi.o)
 .debug_frame   0x00000000       0x28 c:/users/george/documents/idex/tools/9 2019-q4-major/bin/../lib/gcc/arm-none-eabi/9.2.1/thumb/v6-m/nofp\libgcc.a(_fixunssfsi.o)
 .ARM.attributes
                0x00000000       0x2c c:/users/george/documents/idex/tools/9 2019-q4-major/bin/../lib/gcc/arm-none-eabi/9.2.1/thumb/v6-m/nofp\libgcc.a(_fixunssfsi.o)
 .text          0x00000000       0x48 c:/users/george/documents/idex/tools/9 2019-q4-major/bin/../lib/gcc/arm-none-eabi/9.2.1/thumb/v6-m/nofp\libgcc.a(_floatundisf.o)
 .data          0x00000000        0x0 c:/users/george/documents/idex/tools/9 2019-q4-major/bin/../lib/gcc/arm-none-eabi/9.2.1/thumb/v6-m/nofp\libgcc.a(_floatundisf.o)
 .bss           0x00000000        0x0 c:/users/george/documents/idex/tools/9 2019-q4-major/bin/../lib/gcc/arm-none-eabi/9.2.1/thumb/v6-m/nofp\libgcc.a(_floatundisf.o)
 .debug_frame   0x00000000       0x2c c:/users/george/documents/idex/tools/9 2019-q4-major/bin/../lib/gcc/arm-none-eabi/9.2.1/thumb/v6-m/nofp\libgcc.a(_floatundisf.o)
 .ARM.attributes
                0x00000000       0x2c c:/users/george/documents/idex/tools/9 2019-q4-major/bin/../lib/gcc/arm-none-eabi/9.2.1/thumb/v6-m/nofp\libgcc.a(_floatundisf.o)
 .text          0x00000000      0x218 c:/users/george/documents/idex/tools/9 2019-q4-major/bin/../lib/gcc/arm-none-eabi/9.2.1/thumb/v6-m/nofp\libgcc.a(divsf3.o)
 .data          0x00000000        0x0 c:/users/george/documents/idex/tools/9 2019-q4-major/bin/../lib/gcc/arm-none-eabi/9.2.1/thumb/v6-m/nofp\libgcc.a(divsf3.o)
 .bss           0x00000000        0x0 c:/users/george/documents/idex/tools/9 2019-q4-major/bin/../lib/gcc/arm-none-eabi/9.2.1/thumb/v6-m/nofp\libgcc.a(divsf3.o)
 .rodata        0x00000000       0x80 c:/users/george/documents/idex/tools/9 2019-q4-major/bin/../lib/gcc/arm-none-eabi/9.2.1/thumb/v6-m/nofp\libgcc.a(divsf3.o)
 .debug_frame   0x00000000       0x38 c:/users/george/documents/idex/tools/9 2019-q4-major/bin/../lib/gcc/arm-none-eabi/9.2.1/thumb/v6-m/nofp\libgcc.a(divsf3.o)
 .ARM.attributes
                0x00000000       0x2c c:/users/george/documents/idex/tools/9 2019-q4-major/bin/../lib/gcc/arm-none-eabi/9.2.1/thumb/v6-m/nofp\libgcc.a(divsf3.o)
 .text          0x00000000      0x234 c:/users/george/documents/idex/tools/9 2019-q4-major/bin/../lib/gcc/arm-none-eabi/9.2.1/thumb/v6-m/nofp\libgcc.a(mulsf3.o)
 .data          0x00000000        0x0 c:/users/george/documents/idex/tools/9 2019-q4-major/bin/../lib/gcc/arm-none-eabi/9.2.1/thumb/v6-m/nofp\libgcc.a(mulsf3.o)
 .bss           0x00000000        0x0 c:/users/george/documents/idex/tools/9 2019-q4-major/bin/../lib/gcc/arm-none-eabi/9.2.1/thumb/v6-m/nofp\libgcc.a(mulsf3.o)
 .rodata        0x00000000       0x40 c:/users/george/documents/idex/tools/9 2019-q4-major/bin/../lib/gcc/arm-none-eabi/9.2.1/thumb/v6-m/nofp\libgcc.a(mulsf3.o)
 .debug_frame   0x00000000       0x3c c:/users/george/documents/idex/tools/9 2019-q4-major/bin/../lib/gcc/arm-none-eabi/9.2.1/thumb/v6-m/nofp\libgcc.a(mulsf3.o)
 .ARM.attributes
                0x00000000       0x2c c:/users/george/documents/idex/tools/9 2019-q4-major/bin/../lib/gcc/arm-none-eabi/9.2.1/thumb/v6-m/nofp\libgcc.a(mulsf3.o)
 .text          0x00000000      0x390 c:/users/george/documents/idex/tools/9 2019-q4-major/bin/../lib/gcc/arm-none-eabi/9.2.1/thumb/v6-m/nofp\libgcc.a(subsf3.o)
 .data          0x00000000        0x0 c:/users/george/documents/idex/tools/9 2019-q4-major/bin/../lib/gcc/arm-none-eabi/9.2.1/thumb/v6-m/nofp\libgcc.a(subsf3.o)
 .bss           0x00000000        0x0 c:/users/george/documents/idex/tools/9 2019-q4-major/bin/../lib/gcc/arm-none-eabi/9.2.1/thumb/v6-m/nofp\libgcc.a(subsf3.o)
 .debug_frame   0x00000000       0x38 c:/users/george/documents/idex/tools/9 2019-q4-major/bin/../lib/gcc/arm-none-eabi/9.2.1/thumb/v6-m/nofp\libgcc.a(subsf3.o)
 .ARM.attributes
                0x00000000       0x2c c:/users/george/documents/idex/tools/9 2019-q4-major/bin/../lib/gcc/arm-none-eabi/9.2.1/thumb/v6-m/nofp\libgcc.a(subsf3.o)
 .text          0x00000000       0x40 c:/users/george/documents/idex/tools/9 2019-q4-major/bin/../lib/gcc/arm-none-eabi/9.2.1/thumb/v6-m/nofp\libgcc.a(fixsfsi.o)
 .data          0x00000000        0x0 c:/users/george/documents/idex/tools/9 2019-q4-major/bin/../lib/gcc/arm-none-eabi/9.2.1/thumb/v6-m/nofp\libgcc.a(fixsfsi.o)
 .bss           0x00000000        0x0 c:/users/george/documents/idex/tools/9 2019-q4-major/bin/../lib/gcc/arm-none-eabi/9.2.1/thumb/v6-m/nofp\libgcc.a(fixsfsi.o)
 .debug_frame   0x00000000       0x20 c:/users/george/documents/idex/tools/9 2019-q4-major/bin/../lib/gcc/arm-none-eabi/9.2.1/thumb/v6-m/nofp\libgcc.a(fixsfsi.o)
 .ARM.attributes
                0x00000000       0x2c c:/users/george/documents/idex/tools/9 2019-q4-major/bin/../lib/gcc/arm-none-eabi/9.2.1/thumb/v6-m/nofp\libgcc.a(fixsfsi.o)
 .text          0x00000000      0x6d4 c:/users/george/documents/idex/tools/9 2019-q4-major/bin/../lib/gcc/arm-none-eabi/9.2.1/thumb/v6-m/nofp\libgcc.a(adddf3.o)
 .data          0x00000000        0x0 c:/users/george/documents/idex/tools/9 2019-q4-major/bin/../lib/gcc/arm-none-eabi/9.2.1/thumb/v6-m/nofp\libgcc.a(adddf3.o)
 .bss           0x00000000        0x0 c:/users/george/documents/idex/tools/9 2019-q4-major/bin/../lib/gcc/arm-none-eabi/9.2.1/thumb/v6-m/nofp\libgcc.a(adddf3.o)
 .debug_frame   0x00000000       0x38 c:/users/george/documents/idex/tools/9 2019-q4-major/bin/../lib/gcc/arm-none-eabi/9.2.1/thumb/v6-m/nofp\libgcc.a(adddf3.o)
 .ARM.attributes
                0x00000000       0x2c c:/users/george/documents/idex/tools/9 2019-q4-major/bin/../lib/gcc/arm-none-eabi/9.2.1/thumb/v6-m/nofp\libgcc.a(adddf3.o)
 .text          0x00000000      0x4d8 c:/users/george/documents/idex/tools/9 2019-q4-major/bin/../lib/gcc/arm-none-eabi/9.2.1/thumb/v6-m/nofp\libgcc.a(muldf3.o)
 .data          0x00000000        0x0 c:/users/george/documents/idex/tools/9 2019-q4-major/bin/../lib/gcc/arm-none-eabi/9.2.1/thumb/v6-m/nofp\libgcc.a(muldf3.o)
 .bss           0x00000000        0x0 c:/users/george/documents/idex/tools/9 2019-q4-major/bin/../lib/gcc/arm-none-eabi/9.2.1/thumb/v6-m/nofp\libgcc.a(muldf3.o)
 .rodata        0x00000000       0x40 c:/users/george/documents/idex/tools/9 2019-q4-major/bin/../lib/gcc/arm-none-eabi/9.2.1/thumb/v6-m/nofp\libgcc.a(muldf3.o)
 .debug_frame   0x00000000       0x3c c:/users/george/documents/idex/tools/9 2019-q4-major/bin/../lib/gcc/arm-none-eabi/9.2.1/thumb/v6-m/nofp\libgcc.a(muldf3.o)
 .ARM.attributes
                0x00000000       0x2c c:/users/george/documents/idex/tools/9 2019-q4-major/bin/../lib/gcc/arm-none-eabi/9.2.1/thumb/v6-m/nofp\libgcc.a(muldf3.o)
 .text          0x00000000       0x4c c:/users/george/documents/idex/tools/9 2019-q4-major/bin/../lib/gcc/arm-none-eabi/9.2.1/thumb/v6-m/nofp\libgcc.a(floatunsidf.o)
 .data          0x00000000        0x0 c:/users/george/documents/idex/tools/9 2019-q4-major/bin/../lib/gcc/arm-none-eabi/9.2.1/thumb/v6-m/nofp\libgcc.a(floatunsidf.o)
 .bss           0x00000000        0x0 c:/users/george/documents/idex/tools/9 2019-q4-major/bin/../lib/gcc/arm-none-eabi/9.2.1/thumb/v6-m/nofp\libgcc.a(floatunsidf.o)
 .debug_frame   0x00000000       0x28 c:/users/george/documents/idex/tools/9 2019-q4-major/bin/../lib/gcc/arm-none-eabi/9.2.1/thumb/v6-m/nofp\libgcc.a(floatunsidf.o)
 .ARM.attributes
                0x00000000       0x2c c:/users/george/documents/idex/tools/9 2019-q4-major/bin/../lib/gcc/arm-none-eabi/9.2.1/thumb/v6-m/nofp\libgcc.a(floatunsidf.o)
 .text          0x00000000      0x110 c:/users/george/documents/idex/tools/9 2019-q4-major/bin/../lib/gcc/arm-none-eabi/9.2.1/thumb/v6-m/nofp\libgcc.a(truncdfsf2.o)
 .data          0x00000000        0x0 c:/users/george/documents/idex/tools/9 2019-q4-major/bin/../lib/gcc/arm-none-eabi/9.2.1/thumb/v6-m/nofp\libgcc.a(truncdfsf2.o)
 .bss           0x00000000        0x0 c:/users/george/documents/idex/tools/9 2019-q4-major/bin/../lib/gcc/arm-none-eabi/9.2.1/thumb/v6-m/nofp\libgcc.a(truncdfsf2.o)
 .debug_frame   0x00000000       0x30 c:/users/george/documents/idex/tools/9 2019-q4-major/bin/../lib/gcc/arm-none-eabi/9.2.1/thumb/v6-m/nofp\libgcc.a(truncdfsf2.o)
 .ARM.attributes
                0x00000000       0x2c c:/users/george/documents/idex/tools/9 2019-q4-major/bin/../lib/gcc/arm-none-eabi/9.2.1/thumb/v6-m/nofp\libgcc.a(truncdfsf2.o)
 .text          0x00000000       0x74 c:/users/george/documents/idex/tools/9 2019-q4-major/bin/../lib/gcc/arm-none-eabi/9.2.1/thumb/v6-m/nofp\libgcc.a(_arm_cmpsf2.o)
 .data          0x00000000        0x0 c:/users/george/documents/idex/tools/9 2019-q4-major/bin/../lib/gcc/arm-none-eabi/9.2.1/thumb/v6-m/nofp\libgcc.a(_arm_cmpsf2.o)
 .bss           0x00000000        0x0 c:/users/george/documents/idex/tools/9 2019-q4-major/bin/../lib/gcc/arm-none-eabi/9.2.1/thumb/v6-m/nofp\libgcc.a(_arm_cmpsf2.o)
 .ARM.attributes
                0x00000000       0x1e c:/users/george/documents/idex/tools/9 2019-q4-major/bin/../lib/gcc/arm-none-eabi/9.2.1/thumb/v6-m/nofp\libgcc.a(_arm_cmpsf2.o)
 .text          0x00000000       0x3c c:/users/george/documents/idex/tools/9 2019-q4-major/bin/../lib/gcc/arm-none-eabi/9.2.1/thumb/v6-m/nofp\libgcc.a(_clzsi2.o)
 .data          0x00000000        0x0 c:/users/george/documents/idex/tools/9 2019-q4-major/bin/../lib/gcc/arm-none-eabi/9.2.1/thumb/v6-m/nofp\libgcc.a(_clzsi2.o)
 .bss           0x00000000        0x0 c:/users/george/documents/idex/tools/9 2019-q4-major/bin/../lib/gcc/arm-none-eabi/9.2.1/thumb/v6-m/nofp\libgcc.a(_clzsi2.o)
 .ARM.attributes
                0x00000000       0x1e c:/users/george/documents/idex/tools/9 2019-q4-major/bin/../lib/gcc/arm-none-eabi/9.2.1/thumb/v6-m/nofp\libgcc.a(_clzsi2.o)
 .text          0x00000000       0x50 c:/users/george/documents/idex/tools/9 2019-q4-major/bin/../lib/gcc/arm-none-eabi/9.2.1/thumb/v6-m/nofp\libgcc.a(eqsf2.o)
 .data          0x00000000        0x0 c:/users/george/documents/idex/tools/9 2019-q4-major/bin/../lib/gcc/arm-none-eabi/9.2.1/thumb/v6-m/nofp\libgcc.a(eqsf2.o)
 .bss           0x00000000        0x0 c:/users/george/documents/idex/tools/9 2019-q4-major/bin/../lib/gcc/arm-none-eabi/9.2.1/thumb/v6-m/nofp\libgcc.a(eqsf2.o)
 .debug_frame   0x00000000       0x2c c:/users/george/documents/idex/tools/9 2019-q4-major/bin/../lib/gcc/arm-none-eabi/9.2.1/thumb/v6-m/nofp\libgcc.a(eqsf2.o)
 .ARM.attributes
                0x00000000       0x2c c:/users/george/documents/idex/tools/9 2019-q4-major/bin/../lib/gcc/arm-none-eabi/9.2.1/thumb/v6-m/nofp\libgcc.a(eqsf2.o)
 .text          0x00000000       0x98 c:/users/george/documents/idex/tools/9 2019-q4-major/bin/../lib/gcc/arm-none-eabi/9.2.1/thumb/v6-m/nofp\libgcc.a(gesf2.o)
 .data          0x00000000        0x0 c:/users/george/documents/idex/tools/9 2019-q4-major/bin/../lib/gcc/arm-none-eabi/9.2.1/thumb/v6-m/nofp\libgcc.a(gesf2.o)
 .bss           0x00000000        0x0 c:/users/george/documents/idex/tools/9 2019-q4-major/bin/../lib/gcc/arm-none-eabi/9.2.1/thumb/v6-m/nofp\libgcc.a(gesf2.o)
 .debug_frame   0x00000000       0x30 c:/users/george/documents/idex/tools/9 2019-q4-major/bin/../lib/gcc/arm-none-eabi/9.2.1/thumb/v6-m/nofp\libgcc.a(gesf2.o)
 .ARM.attributes
                0x00000000       0x2c c:/users/george/documents/idex/tools/9 2019-q4-major/bin/../lib/gcc/arm-none-eabi/9.2.1/thumb/v6-m/nofp\libgcc.a(gesf2.o)
 .text          0x00000000       0x94 c:/users/george/documents/idex/tools/9 2019-q4-major/bin/../lib/gcc/arm-none-eabi/9.2.1/thumb/v6-m/nofp\libgcc.a(lesf2.o)
 .data          0x00000000        0x0 c:/users/george/documents/idex/tools/9 2019-q4-major/bin/../lib/gcc/arm-none-eabi/9.2.1/thumb/v6-m/nofp\libgcc.a(lesf2.o)
 .bss           0x00000000        0x0 c:/users/george/documents/idex/tools/9 2019-q4-major/bin/../lib/gcc/arm-none-eabi/9.2.1/thumb/v6-m/nofp\libgcc.a(lesf2.o)
 .debug_frame   0x00000000       0x30 c:/users/george/documents/idex/tools/9 2019-q4-major/bin/../lib/gcc/arm-none-eabi/9.2.1/thumb/v6-m/nofp\libgcc.a(lesf2.o)
 .ARM.attributes
                0x00000000       0x2c c:/users/george/documents/idex/tools/9 2019-q4-major/bin/../lib/gcc/arm-none-eabi/9.2.1/thumb/v6-m/nofp\libgcc.a(lesf2.o)
 .text          0x00000000        0x0 c:/users/george/documents/idex/tools/9 2019-q4-major/bin/../lib/gcc/arm-none-eabi/9.2.1/../../../../arm-none-eabi/lib/thumb/v6-m/nofp\libc.a(lib_a-ctype_.o)
 .data          0x00000000        0x0 c:/users/george/documents/idex/tools/9 2019-q4-major/bin/../lib/gcc/arm-none-eabi/9.2.1/../../../../arm-none-eabi/lib/thumb/v6-m/nofp\libc.a(lib_a-ctype_.o)
 .bss           0x00000000        0x0 c:/users/george/documents/idex/tools/9 2019-q4-major/bin/../lib/gcc/arm-none-eabi/9.2.1/../../../../arm-none-eabi/lib/thumb/v6-m/nofp\libc.a(lib_a-ctype_.o)
 .rodata._ctype_
                0x00000000      0x101 c:/users/george/documents/idex/tools/9 2019-q4-major/bin/../lib/gcc/arm-none-eabi/9.2.1/../../../../arm-none-eabi/lib/thumb/v6-m/nofp\libc.a(lib_a-ctype_.o)
 .ARM.attributes
                0x00000000       0x2c c:/users/george/documents/idex/tools/9 2019-q4-major/bin/../lib/gcc/arm-none-eabi/9.2.1/../../../../arm-none-eabi/lib/thumb/v6-m/nofp\libc.a(lib_a-ctype_.o)
 .text          0x00000000        0x0 c:/users/george/documents/idex/tools/9 2019-q4-major/bin/../lib/gcc/arm-none-eabi/9.2.1/../../../../arm-none-eabi/lib/thumb/v6-m/nofp\libc.a(lib_a-strlen-stub.o)
 .data          0x00000000        0x0 c:/users/george/documents/idex/tools/9 2019-q4-major/bin/../lib/gcc/arm-none-eabi/9.2.1/../../../../arm-none-eabi/lib/thumb/v6-m/nofp\libc.a(lib_a-strlen-stub.o)
 .bss           0x00000000        0x0 c:/users/george/documents/idex/tools/9 2019-q4-major/bin/../lib/gcc/arm-none-eabi/9.2.1/../../../../arm-none-eabi/lib/thumb/v6-m/nofp\libc.a(lib_a-strlen-stub.o)
 .text.strlen   0x00000000       0x5c c:/users/george/documents/idex/tools/9 2019-q4-major/bin/../lib/gcc/arm-none-eabi/9.2.1/../../../../arm-none-eabi/lib/thumb/v6-m/nofp\libc.a(lib_a-strlen-stub.o)
 .debug_frame   0x00000000       0x28 c:/users/george/documents/idex/tools/9 2019-q4-major/bin/../lib/gcc/arm-none-eabi/9.2.1/../../../../arm-none-eabi/lib/thumb/v6-m/nofp\libc.a(lib_a-strlen-stub.o)
 .ARM.attributes
                0x00000000       0x2c c:/users/george/documents/idex/tools/9 2019-q4-major/bin/../lib/gcc/arm-none-eabi/9.2.1/../../../../arm-none-eabi/lib/thumb/v6-m/nofp\libc.a(lib_a-strlen-stub.o)

Memory Configuration

Name             Origin             Length             Attributes
IRAM             0x20000000         0x00005000
IROM             0x00000000         0x00005000
*default*        0x00000000         0xffffffff

Linker script and memory map

START GROUP
LOAD c:/users/george/documents/idex/tools/9 2019-q4-major/bin/../lib/gcc/arm-none-eabi/9.2.1/thumb/v6-m/nofp\libgcc.a
LOAD c:/users/george/documents/idex/tools/9 2019-q4-major/bin/../lib/gcc/arm-none-eabi/9.2.1/../../../../arm-none-eabi/lib/thumb/v6-m/nofp\libc.a
LOAD c:/users/george/documents/idex/tools/9 2019-q4-major/bin/../lib/gcc/arm-none-eabi/9.2.1/../../../../arm-none-eabi/lib/thumb/v6-m/nofp\libc.a
LOAD c:/users/george/documents/idex/tools/9 2019-q4-major/bin/../lib/gcc/arm-none-eabi/9.2.1/../../../../arm-none-eabi/lib/thumb/v6-m/nofp\libm.a
LOAD c:/users/george/documents/idex/tools/9 2019-q4-major/bin/../lib/gcc/arm-none-eabi/9.2.1/../../../../arm-none-eabi/lib/thumb/v6-m/nofp\librdimon.a
END GROUP
LOAD ./src/uartlite_v3_2/src/xuartlite.o
LOAD ./src/uartlite_v3_2/src/xuartlite_g.o
LOAD ./src/uartlite_v3_2/src/xuartlite_intr.o
LOAD ./src/uartlite_v3_2/src/xuartlite_l.o
LOAD ./src/uartlite_v3_2/src/xuartlite_selftest.o
LOAD ./src/uartlite_v3_2/src/xuartlite_sinit.o
LOAD ./src/uartlite_v3_2/src/xuartlite_stats.o
LOAD ./src/tmrctr_v4_5/src/xtmrctr.o
LOAD ./src/tmrctr_v4_5/src/xtmrctr_g.o
LOAD ./src/tmrctr_v4_5/src/xtmrctr_intr.o
LOAD ./src/tmrctr_v4_5/src/xtmrctr_l.o
LOAD ./src/tmrctr_v4_5/src/xtmrctr_options.o
LOAD ./src/tmrctr_v4_5/src/xtmrctr_selftest.o
LOAD ./src/tmrctr_v4_5/src/xtmrctr_sinit.o
LOAD ./src/tmrctr_v4_5/src/xtmrctr_stats.o
LOAD ./src/standalone_v7_0/src/outbyte.o
LOAD ./src/standalone_v7_0/src/print.o
LOAD ./src/standalone_v7_0/src/xil_assert.o
LOAD ./src/standalone_v7_0/src/xil_printf.o
LOAD ./src/spi_v4_4/src/xspi.o
LOAD ./src/spi_v4_4/src/xspi_g.o
LOAD ./src/spi_v4_4/src/xspi_options.o
LOAD ./src/spi_v4_4/src/xspi_selftest.o
LOAD ./src/spi_v4_4/src/xspi_sinit.o
LOAD ./src/spi_v4_4/src/xspi_stats.o
LOAD ./src/gpio_v4_4/src/xgpio.o
LOAD ./src/gpio_v4_4/src/xgpio_extra.o
LOAD ./src/gpio_v4_4/src/xgpio_g.o
LOAD ./src/gpio_v4_4/src/xgpio_intr.o
LOAD ./src/gpio_v4_4/src/xgpio_selftest.o
LOAD ./src/gpio_v4_4/src/xgpio_sinit.o
LOAD ./src/debug/gpio_dbg.o
LOAD ./src/apps/comm.o
LOAD ./src/apps/gpio.o
LOAD ./src/apps/spi.o
LOAD ./src/apps/timer.o
LOAD ./src/apps/uart.o
LOAD ./src/irqhandler.o
LOAD ./src/main.o
LOAD ./src/startup_CM1.o
LOAD ./src/system.o
START GROUP
LOAD c:/users/george/documents/idex/tools/9 2019-q4-major/bin/../lib/gcc/arm-none-eabi/9.2.1/thumb/v6-m/nofp\libgcc.a
LOAD c:/users/george/documents/idex/tools/9 2019-q4-major/bin/../lib/gcc/arm-none-eabi/9.2.1/../../../../arm-none-eabi/lib/thumb/v6-m/nofp\libc.a
END GROUP
START GROUP
LOAD c:/users/george/documents/idex/tools/9 2019-q4-major/bin/../lib/gcc/arm-none-eabi/9.2.1/thumb/v6-m/nofp\libgcc.a
LOAD c:/users/george/documents/idex/tools/9 2019-q4-major/bin/../lib/gcc/arm-none-eabi/9.2.1/../../../../arm-none-eabi/lib/thumb/v6-m/nofp\libc.a
LOAD c:/users/george/documents/idex/tools/9 2019-q4-major/bin/../lib/gcc/arm-none-eabi/9.2.1/../../../../arm-none-eabi/lib/thumb/v6-m/nofp\librdimon.a
END GROUP

.text           0x00000000      0x5b8
 *(.text)
 .text          0x00000000      0x114 ./src/startup_CM1.o
                0x00000000                __Vectors
                0x000000c0                Reset_Handler
                0x000000f2                PendSV_Handler
                0x000000f2                SVC_Handler
                0x000000f2                HardFault_IRQHandler
                0x000000f2                NMI_IRQHandler
                0x000000f2                SysTick_Handler
 *(.text .text.*)
 .text.gpio_dbg_write
                0x00000114       0x1c ./src/debug/gpio_dbg.o
                0x00000114                gpio_dbg_write
 .text.NVIC_ClearPendingIRQ
                0x00000130       0x34 ./src/apps/gpio.o
 .text.gpio_0_read
                0x00000164       0x14 ./src/apps/gpio.o
                0x00000164                gpio_0_read
 .text.evPush   0x00000178       0x54 ./src/apps/gpio.o
 .text.gpio0IrqHandler
                0x000001cc       0x80 ./src/apps/gpio.o
                0x000001cc                gpio0IrqHandler
 .text.NVIC_ClearPendingIRQ
                0x0000024c       0x34 ./src/apps/timer.o
 .text.xtc0Handler
                0x00000280       0x3c ./src/apps/timer.o
 .text.t0IrqHandler
                0x000002bc       0x88 ./src/apps/timer.o
                0x000002bc                t0IrqHandler
 .text.NVIC_ClearPendingIRQ
                0x00000344       0x34 ./src/apps/uart.o
 .text.getNextIdx
                0x00000378       0x26 ./src/apps/uart.o
 *fill*         0x0000039e        0x2 
 .text.getTxByte
                0x000003a0       0xcc ./src/apps/uart.o
 .text.uartl_send
                0x0000046c       0x74 ./src/apps/uart.o
 .text.uartl_receive
                0x000004e0        0xa ./src/apps/uart.o
                0x000004e0                uartl_receive
 *fill*         0x000004ea        0x2 
 .text.uart0IrqHandler
                0x000004ec       0x6c ./src/apps/uart.o
                0x000004ec                uart0IrqHandler
 .text.GPIO0_IRQHandler
                0x00000558        0xe ./src/irqhandler.o
                0x00000558                GPIO0_IRQHandler
 .text.TIMER0_IRQHandler
                0x00000566        0xe ./src/irqhandler.o
                0x00000566                TIMER0_IRQHandler
 .text.SPI0_IRQHandler
                0x00000574        0xa ./src/irqhandler.o
                0x00000574                SPI0_IRQHandler
 .text.UART0_IRQHandler
                0x0000057e        0xe ./src/irqhandler.o
                0x0000057e                UART0_IRQHandler
 .text.main     0x0000058c       0x14 ./src/main.o
                0x0000058c                main
 .text.SystemInit
                0x000005a0       0x18 ./src/system.o
                0x000005a0                SystemInit
 *(.rodata .rodata.* .constdata .constdata.*)
 *(.glue_7)
 .glue_7        0x000005b8        0x0 linker stubs
 *(.glue_7t)
 .glue_7t       0x000005b8        0x0 linker stubs

.vfp11_veneer   0x000005b8        0x0
 .vfp11_veneer  0x000005b8        0x0 linker stubs

.v4_bx          0x000005b8        0x0
 .v4_bx         0x000005b8        0x0 linker stubs

.iplt           0x000005b8        0x0
 .iplt          0x000005b8        0x0 ./src/debug/gpio_dbg.o

.rel.dyn        0x000005b8        0x0
 .rel.iplt      0x000005b8        0x0 ./src/debug/gpio_dbg.o

.data           0x000005b8       0x28
                0x000005b8                _idata = .
 *(.data)
 *(.data .data.*)
 .data.gpio_dbg_data
                0x000005b8        0x4 ./src/debug/gpio_dbg.o
                0x000005b8                gpio_dbg_data
 .data.gpio_0_data
                0x000005bc        0x4 ./src/apps/gpio.o
                0x000005bc                gpio_0_data
 .data.gpio_0_isr
                0x000005c0        0x4 ./src/apps/gpio.o
                0x000005c0                gpio_0_isr
 .data.xtc0_csr
                0x000005c4        0x4 ./src/apps/timer.o
                0x000005c4                xtc0_csr
 .data.xtc0_cr  0x000005c8        0x4 ./src/apps/timer.o
                0x000005c8                xtc0_cr
 .data.xx       0x000005cc        0x4 ./src/apps/timer.o
 .data.uartl_tx
                0x000005d0        0x4 ./src/apps/uart.o
                0x000005d0                uartl_tx
 .data.uartl_sr
                0x000005d4        0x4 ./src/apps/uart.o
                0x000005d4                uartl_sr
 .data.uartl_cr
                0x000005d8        0x4 ./src/apps/uart.o
                0x000005d8                uartl_cr
 .data.SystemCoreClock
                0x000005dc        0x4 ./src/system.o
                0x000005dc                SystemCoreClock

.igot.plt       0x000005e0        0x0
 .igot.plt      0x000005e0        0x0 ./src/debug/gpio_dbg.o

.bss            0x20000000       0x2c
                0x20000000                _sdata = .
                0x20000028                . = (. + SIZEOF (.data))
 *fill*         0x20000000       0x28 
                0x20000028                _edata = .
                0x20000028                _sbss = .
 *(.bss)
                0x20000028                _ebss = .
 COMMON         0x20000028        0x4 ./src/irqhandler.o
                0x20000028                sleeping

.bss.evList     0x2000002c        0xa
 .bss.evList    0x2000002c        0xa ./src/apps/gpio.o

.bss.evIn       0x20000038        0x4
 .bss.evIn      0x20000038        0x4 ./src/apps/gpio.o

.bss.evCnt      0x2000003c        0x4
 .bss.evCnt     0x2000003c        0x4 ./src/apps/gpio.o

.bss.irqCnt     0x20000040        0x8
 .bss.irqCnt    0x20000040        0x4 ./src/apps/gpio.o
 .bss.irqCnt    0x20000044        0x4 ./src/apps/uart.o

.bss.txJobs     0x20000048      0x140
 .bss.txJobs    0x20000048      0x140 ./src/apps/uart.o

.bss.txJobOut   0x20000188        0x4
 .bss.txJobOut  0x20000188        0x4 ./src/apps/uart.o

.bss.txJobNum   0x2000018c        0x4
 .bss.txJobNum  0x2000018c        0x4 ./src/apps/uart.o

.STACK          0x20000190      0x500
 *(.STACK)
 .STACK         0x20000190      0x500 ./src/startup_CM1.o
                0x20000690                __initial_sp
OUTPUT(CM1_0.elf elf32-littlearm)

.comment        0x00000000       0x79
 .comment       0x00000000       0x79 ./src/debug/gpio_dbg.o
                                 0x7a (size before relaxing)
 .comment       0x00000079       0x7a ./src/apps/gpio.o
 .comment       0x00000079       0x7a ./src/apps/timer.o
 .comment       0x00000079       0x7a ./src/apps/uart.o
 .comment       0x00000079       0x7a ./src/irqhandler.o
 .comment       0x00000079       0x7a ./src/main.o
 .comment       0x00000079       0x7a ./src/system.o

.ARM.attributes
                0x00000000       0x2a
 .ARM.attributes
                0x00000000       0x2c ./src/debug/gpio_dbg.o
 .ARM.attributes
                0x0000002c       0x2c ./src/apps/gpio.o
 .ARM.attributes
                0x00000058       0x2c ./src/apps/timer.o
 .ARM.attributes
                0x00000084       0x2c ./src/apps/uart.o
 .ARM.attributes
                0x000000b0       0x2c ./src/irqhandler.o
 .ARM.attributes
                0x000000dc       0x2c ./src/main.o
 .ARM.attributes
                0x00000108       0x1c ./src/startup_CM1.o
 .ARM.attributes
                0x00000124       0x2c ./src/system.o

.HEAP           0x00000000        0x0
 .HEAP          0x00000000        0x0 ./src/startup_CM1.o
